[T 01:21:04 47930] CodeQL CLI version 2.27.1
[T 01:21:04 47930] Initializing tracer.
[T 01:21:04 47930] Initializing tags.
[T 01:21:04 47930] ID set to 000000000000BB3A_0000000000000001 (parent root)
[T 01:21:04 47930] Initializing tracer.
[T 01:21:04 47930] Initializing tags.
[T 01:21:04 47930] ID set to 000000000000BB3A_0000000000000002 (parent root)
[T 01:21:04 47930] Warning: SEMMLE_EXEC and SEMMLE_EXECP not set. Falling back to path lookup on argv[0].
[T 01:21:04 47930] ==== Candidate to intercept: /home/codespace/.local/share/gh/extensions/gh-codeql/dist/release/v2.27.1/tools/linux64/runner-linux (canonical: /home/codespace/.local/share/gh/extensions/gh-codeql/dist/release/v2.27.1/tools/linux64/runner-linux) ====
[T 01:21:04 47930] Executing the following tracer actions:
[T 01:21:04 47930] Tracer actions:
[T 01:21:04 47930] pre_invocations(0)
[T 01:21:04 47930] post_invocations(0)
[T 01:21:04 47930] trace_languages(1): [cpp]
[T 01:21:04 47930] Initializing tracer.
[T 01:21:04 47930] Initializing tags.
[T 01:21:04 47930] ID set to 000000000000BB3A_0000000000000003 (parent 000000000000BB3A_0000000000000002)
[T 01:21:04 47930] ==== Candidate to intercept: gcc (canonical: /usr/bin/gcc) ====
[T 01:21:04 47930] Lua: === Intercepted call to /usr/bin/gcc ===
[T 01:21:04 47930] Executing the following tracer actions:
[T 01:21:04 47930] Tracer actions:
[T 01:21:04 47930] pre_invocations(0)
[T 01:21:04 47930] post_invocations(1)
[T 01:21:04 47930] invocation: /home/codespace/.local/share/gh/extensions/gh-codeql/dist/release/v2.27.1/cpp/tools/linux64/extractor, args: [--mimic, /usr/bin/gcc, -Wall, -Wextra, -Wpedantic, -c, assistant2.c]
[T 01:21:04 47930] trace_languages(1): [cpp]
[T 01:21:04 47934] Initializing tracer.
[T 01:21:04 47934] Initializing tags.
[T 01:21:04 47934] ID set to 000000000000BB3E_0000000000000001 (parent 000000000000BB3A_0000000000000003)
[T 01:21:04 47934] ==== Candidate to intercept: /usr/libexec/gcc/x86_64-linux-gnu/13/cc1 (canonical: /usr/libexec/gcc/x86_64-linux-gnu/13/cc1) ====
[T 01:21:04 47934] Lua: === Intercepted call to /usr/libexec/gcc/x86_64-linux-gnu/13/cc1 ===
[T 01:21:04 47934] Executing the following tracer actions:
[T 01:21:04 47934] Tracer actions:
[T 01:21:04 47934] pre_invocations(0)
[T 01:21:04 47934] post_invocations(1)
[T 01:21:04 47934] invocation: /home/codespace/.local/share/gh/extensions/gh-codeql/dist/release/v2.27.1/cpp/tools/linux64/extractor, args: [--mimic, /usr/libexec/gcc/x86_64-linux-gnu/13/cc1, -quiet, -imultiarch, x86_64-linux-gnu, assistant2.c, -quiet, -dumpbase, assistant2.c, -dumpbase-ext, .c, -mtune=generic, -march=x86-64, -Wall, -Wextra, -Wpedantic, -fasynchronous-unwind-tables, -fstack-protector-strong, -Wformat-security, -fstack-clash-protection, -fcf-protection, -o, /tmp/ccxXt2WR.s]
[T 01:21:04 47934] trace_languages(1): [cpp]
[T 01:21:04 47945] Attempting to switch stdout/stderr to 4...
[T 01:21:04 47945] Initializing tracer.
[T 01:21:04 47945] Initializing tags.
[T 01:21:04 47945] ID set to 000000000000BB49_0000000000000001 (parent 000000000000BB3E_0000000000000001)
[E 01:21:04 47945] CodeQL C/C++ Extractor 2.27.1
[E 01:21:04 47945] Current directory: /workspaces/CYBR621/lab2
[E 01:21:04 47945] Command: /home/codespace/.local/share/gh/extensions/gh-codeql/dist/release/v2.27.1/cpp/tools/linux64/extractor --mimic /usr/libexec/gcc/x86_64-linux-gnu/13/cc1 -quiet -imultiarch x86_64-linux-gnu assistant2.c -quiet -dumpbase assistant2.c -dumpbase-ext .c -mtune=generic -march=x86-64 -Wall -Wextra -Wpedantic -fasynchronous-unwind-tables -fstack-protector-strong -Wformat-security -fstack-clash-protection -fcf-protection -o /tmp/ccxXt2WR.s
[T 01:21:04 47946] Initializing tracer.
[T 01:21:04 47946] Initializing tags.
[T 01:21:04 47946] ID set to 000000000000BB4A_0000000000000001 (parent 000000000000BB49_0000000000000001)
[T 01:21:04 47946] ==== Candidate to intercept: /usr/libexec/gcc/x86_64-linux-gnu/13/cc1 (canonical: /usr/libexec/gcc/x86_64-linux-gnu/13/cc1) ====
[T 01:21:04 47946] Lua: === Intercepted call to /usr/libexec/gcc/x86_64-linux-gnu/13/cc1 ===
[T 01:21:04 47946] Executing the following tracer actions:
[T 01:21:04 47946] Tracer actions:
[T 01:21:04 47946] pre_invocations(0)
[T 01:21:04 47946] post_invocations(1)
[T 01:21:04 47946] invocation: /home/codespace/.local/share/gh/extensions/gh-codeql/dist/release/v2.27.1/cpp/tools/linux64/extractor, args: [--mimic, /usr/libexec/gcc/x86_64-linux-gnu/13/cc1, --version]
[T 01:21:04 47946] trace_languages(1): [cpp]
[T 01:21:04 47948] Attempting to switch stdout/stderr to 7...
[T 01:21:04 47948] Initializing tracer.
[T 01:21:04 47948] Initializing tags.
[T 01:21:04 47948] ID set to 000000000000BB4C_0000000000000001 (parent 000000000000BB4A_0000000000000001)
[E 01:21:04 47948] Mimicry classification suppression detected; exiting.
[E 01:21:04 47948] Extractor exited successfully
[T 01:21:04 47946] Extractor /home/codespace/.local/share/gh/extensions/gh-codeql/dist/release/v2.27.1/cpp/tools/linux64/extractor terminated with exit code 0.
[T 01:21:04 47949] Initializing tracer.
[T 01:21:04 47949] Initializing tags.
[T 01:21:04 47949] ID set to 000000000000BB4D_0000000000000001 (parent 000000000000BB49_0000000000000001)
[T 01:21:04 47949] ==== Candidate to intercept: /usr/libexec/gcc/x86_64-linux-gnu/13/cc1 (canonical: /usr/libexec/gcc/x86_64-linux-gnu/13/cc1) ====
[T 01:21:04 47949] Lua: === Intercepted call to /usr/libexec/gcc/x86_64-linux-gnu/13/cc1 ===
[T 01:21:04 47949] Executing the following tracer actions:
[T 01:21:04 47949] Tracer actions:
[T 01:21:04 47949] pre_invocations(0)
[T 01:21:04 47949] post_invocations(1)
[T 01:21:04 47949] invocation: /home/codespace/.local/share/gh/extensions/gh-codeql/dist/release/v2.27.1/cpp/tools/linux64/extractor, args: [--mimic, /usr/libexec/gcc/x86_64-linux-gnu/13/cc1, --help]
[T 01:21:04 47949] trace_languages(1): [cpp]
[T 01:21:04 47952] Attempting to switch stdout/stderr to 7...
[T 01:21:04 47952] Initializing tracer.
[T 01:21:04 47952] Initializing tags.
[T 01:21:04 47952] ID set to 000000000000BB50_0000000000000001 (parent 000000000000BB4D_0000000000000001)
[E 01:21:04 47952] Mimicry classification suppression detected; exiting.
[E 01:21:04 47952] Extractor exited successfully
[T 01:21:04 47949] Extractor /home/codespace/.local/share/gh/extensions/gh-codeql/dist/release/v2.27.1/cpp/tools/linux64/extractor terminated with exit code 0.
[T 01:21:04 47955] Initializing tracer.
[T 01:21:04 47955] Initializing tags.
[T 01:21:04 47955] ID set to 000000000000BB53_0000000000000001 (parent 000000000000BB49_0000000000000001)
[T 01:21:04 47955] ==== Candidate to intercept: /usr/libexec/gcc/x86_64-linux-gnu/13/cc1 (canonical: /usr/libexec/gcc/x86_64-linux-gnu/13/cc1) ====
[T 01:21:04 47955] Lua: === Intercepted call to /usr/libexec/gcc/x86_64-linux-gnu/13/cc1 ===
[T 01:21:04 47955] Executing the following tracer actions:
[T 01:21:04 47955] Tracer actions:
[T 01:21:04 47955] pre_invocations(0)
[T 01:21:04 47955] post_invocations(1)
[T 01:21:04 47955] invocation: /home/codespace/.local/share/gh/extensions/gh-codeql/dist/release/v2.27.1/cpp/tools/linux64/extractor, args: [--mimic, /usr/libexec/gcc/x86_64-linux-gnu/13/cc1, -version, --help]
[T 01:21:04 47955] trace_languages(1): [cpp]
[T 01:21:04 47957] Attempting to switch stdout/stderr to 7...
[T 01:21:04 47957] Initializing tracer.
[T 01:21:04 47957] Initializing tags.
[T 01:21:04 47957] ID set to 000000000000BB55_0000000000000001 (parent 000000000000BB53_0000000000000001)
[E 01:21:04 47957] Mimicry classification suppression detected; exiting.
[E 01:21:04 47957] Extractor exited successfully
[T 01:21:04 47955] Extractor /home/codespace/.local/share/gh/extensions/gh-codeql/dist/release/v2.27.1/cpp/tools/linux64/extractor terminated with exit code 0.
[T 01:21:04 47958] Initializing tracer.
[T 01:21:04 47958] Initializing tags.
[T 01:21:04 47958] ID set to 000000000000BB56_0000000000000001 (parent 000000000000BB49_0000000000000001)
[T 01:21:04 47958] ==== Candidate to intercept: /usr/libexec/gcc/x86_64-linux-gnu/13/cc1 (canonical: /usr/libexec/gcc/x86_64-linux-gnu/13/cc1) ====
[T 01:21:04 47958] Lua: === Intercepted call to /usr/libexec/gcc/x86_64-linux-gnu/13/cc1 ===
[T 01:21:04 47958] Executing the following tracer actions:
[T 01:21:04 47958] Tracer actions:
[T 01:21:04 47958] pre_invocations(0)
[T 01:21:04 47958] post_invocations(1)
[T 01:21:04 47958] invocation: /home/codespace/.local/share/gh/extensions/gh-codeql/dist/release/v2.27.1/cpp/tools/linux64/extractor, args: [--mimic, /usr/libexec/gcc/x86_64-linux-gnu/13/cc1, -nostdinc, -o, /workspaces/CYBR621/lab2/codeql-db-assistant2/working/tmp//semmle_2_47945_879976.o, /workspaces/CYBR621/lab2/codeql-db-assistant2/working/tmp//semmle_1_47945_879930.c]
[T 01:21:04 47958] trace_languages(1): [cpp]
[T 01:21:04 47960] Attempting to switch stdout/stderr to 7...
[T 01:21:04 47960] Initializing tracer.
[T 01:21:04 47960] Initializing tags.
[T 01:21:04 47960] ID set to 000000000000BB58_0000000000000001 (parent 000000000000BB56_0000000000000001)
[E 01:21:04 47960] Mimicry classification suppression detected; exiting.
[E 01:21:04 47960] Extractor exited successfully
[T 01:21:04 47958] Extractor /home/codespace/.local/share/gh/extensions/gh-codeql/dist/release/v2.27.1/cpp/tools/linux64/extractor terminated with exit code 0.
[T 01:21:04 47961] Initializing tracer.
[T 01:21:04 47961] Initializing tags.
[T 01:21:04 47961] ID set to 000000000000BB59_0000000000000001 (parent 000000000000BB49_0000000000000001)
[T 01:21:04 47961] ==== Candidate to intercept: /usr/libexec/gcc/x86_64-linux-gnu/13/cc1 (canonical: /usr/libexec/gcc/x86_64-linux-gnu/13/cc1) ====
[T 01:21:04 47961] Lua: === Intercepted call to /usr/libexec/gcc/x86_64-linux-gnu/13/cc1 ===
[T 01:21:04 47961] Executing the following tracer actions:
[T 01:21:04 47961] Tracer actions:
[T 01:21:04 47961] pre_invocations(0)
[T 01:21:04 47961] post_invocations(1)
[T 01:21:04 47961] invocation: /home/codespace/.local/share/gh/extensions/gh-codeql/dist/release/v2.27.1/cpp/tools/linux64/extractor, args: [--mimic, /usr/libexec/gcc/x86_64-linux-gnu/13/cc1, -nostdinc, -o, /workspaces/CYBR621/lab2/codeql-db-assistant2/working/tmp//semmle_4_47945_910189.o, /workspaces/CYBR621/lab2/codeql-db-assistant2/working/tmp//semmle_3_47945_910148.c]
[T 01:21:04 47961] trace_languages(1): [cpp]
[T 01:21:04 47963] Attempting to switch stdout/stderr to 7...
[T 01:21:04 47963] Initializing tracer.
[T 01:21:04 47963] Initializing tags.
[T 01:21:04 47963] ID set to 000000000000BB5B_0000000000000001 (parent 000000000000BB59_0000000000000001)
[E 01:21:04 47963] Mimicry classification suppression detected; exiting.
[E 01:21:04 47963] Extractor exited successfully
[T 01:21:04 47961] Extractor /home/codespace/.local/share/gh/extensions/gh-codeql/dist/release/v2.27.1/cpp/tools/linux64/extractor terminated with exit code 0.
[E 01:21:04 47945] Checking whether C compilation already happened.
[E 01:21:04 47945] Checking for tag c-compilation-happened
[E 01:21:04 47945] Checking CODEQL_TRACER_DB_ID 000000000000BB3E_0000000000000001
[E 01:21:04 47945] Locking DB /workspaces/CYBR621/lab2/codeql-db-assistant2/working/tags.db
[E 01:21:04 47945] Locked DB /workspaces/CYBR621/lab2/codeql-db-assistant2/working/tags.db
[E 01:21:04 47945] Unlocking DB
[E 01:21:04 47945] Unlocked DB
[E 01:21:04 47945] Looks like C compilation didn't already happen.
[E 01:21:04 47945] Checking whether C compilation has been attempted.
[E 01:21:04 47945] Checking for tag c-compilation-attempted
[E 01:21:04 47945] Checking CODEQL_TRACER_DB_ID 000000000000BB3E_0000000000000001
[E 01:21:04 47945] Locking DB /workspaces/CYBR621/lab2/codeql-db-assistant2/working/tags.db
[E 01:21:04 47945] Locked DB /workspaces/CYBR621/lab2/codeql-db-assistant2/working/tags.db
[E 01:21:04 47945] Unlocking DB
[E 01:21:04 47945] Unlocked DB
[E 01:21:04 47945] Marking C compilation as attempted.
[E 01:21:04 47945] Setting tag c-compilation-attempted
[E 01:21:04 47945] Starting from CODEQL_TRACER_DB_ID 000000000000BB3E_0000000000000001
[E 01:21:04 47945] Locking DB /workspaces/CYBR621/lab2/codeql-db-assistant2/working/tags.db
[E 01:21:04 47945] Locked DB /workspaces/CYBR621/lab2/codeql-db-assistant2/working/tags.db
[E 01:21:04 47945] Set tag for 000000000000BB3E_0000000000000001
[E 01:21:04 47945] Set tag for 000000000000BB3A_0000000000000003
[E 01:21:04 47945] Set tag for 000000000000BB3A_0000000000000002
[E 01:21:04 47945] Set tag for root
[E 01:21:04 47945] Unlocking DB
[E 01:21:04 47945] Unlocked DB
[T 01:21:04 47964] Initializing tracer.
[T 01:21:04 47964] Initializing tags.
[T 01:21:04 47964] ID set to 000000000000BB5C_0000000000000001 (parent 000000000000BB49_0000000000000001)
[T 01:21:04 47964] ==== Candidate to intercept: /usr/libexec/gcc/x86_64-linux-gnu/13/cc1 (canonical: /usr/libexec/gcc/x86_64-linux-gnu/13/cc1) ====
[T 01:21:04 47964] Lua: === Intercepted call to /usr/libexec/gcc/x86_64-linux-gnu/13/cc1 ===
[T 01:21:04 47964] Executing the following tracer actions:
[T 01:21:04 47964] Tracer actions:
[T 01:21:04 47964] pre_invocations(0)
[T 01:21:04 47964] post_invocations(1)
[T 01:21:04 47964] invocation: /home/codespace/.local/share/gh/extensions/gh-codeql/dist/release/v2.27.1/cpp/tools/linux64/extractor, args: [--mimic, /usr/libexec/gcc/x86_64-linux-gnu/13/cc1, @/workspaces/CYBR621/lab2/codeql-db-assistant2/working/tmp//semmle_6_47945_934135, -v, -fsyntax-only, /workspaces/CYBR621/lab2/codeql-db-assistant2/working/tmp//semmle_7_47945_934544]
[T 01:21:04 47964] trace_languages(1): [cpp]
[T 01:21:04 47966] Attempting to switch stdout/stderr to 7...
[T 01:21:04 47966] Initializing tracer.
[T 01:21:04 47966] Initializing tags.
[T 01:21:04 47966] ID set to 000000000000BB5E_0000000000000001 (parent 000000000000BB5C_0000000000000001)
[E 01:21:04 47966] Mimicry classification suppression detected; exiting.
[E 01:21:04 47966] Extractor exited successfully
[T 01:21:04 47964] Extractor /home/codespace/.local/share/gh/extensions/gh-codeql/dist/release/v2.27.1/cpp/tools/linux64/extractor terminated with exit code 0.
[T 01:21:04 47967] Initializing tracer.
[T 01:21:04 47967] Initializing tags.
[T 01:21:04 47967] ID set to 000000000000BB5F_0000000000000001 (parent 000000000000BB49_0000000000000001)
[T 01:21:04 47967] ==== Candidate to intercept: /usr/libexec/gcc/x86_64-linux-gnu/13/cc1 (canonical: /usr/libexec/gcc/x86_64-linux-gnu/13/cc1) ====
[T 01:21:04 47967] Lua: === Intercepted call to /usr/libexec/gcc/x86_64-linux-gnu/13/cc1 ===
[T 01:21:04 47967] Executing the following tracer actions:
[T 01:21:04 47967] Tracer actions:
[T 01:21:04 47967] pre_invocations(0)
[T 01:21:04 47967] post_invocations(1)
[T 01:21:04 47967] invocation: /home/codespace/.local/share/gh/extensions/gh-codeql/dist/release/v2.27.1/cpp/tools/linux64/extractor, args: [--mimic, /usr/libexec/gcc/x86_64-linux-gnu/13/cc1, @/workspaces/CYBR621/lab2/codeql-db-assistant2/working/tmp//semmle_6_47945_934135, -E, -dM, /workspaces/CYBR621/lab2/codeql-db-assistant2/working/tmp//semmle_8_47945_956128]
[T 01:21:04 47967] trace_languages(1): [cpp]
[T 01:21:04 47969] Attempting to switch stdout/stderr to 7...
[T 01:21:04 47969] Initializing tracer.
[T 01:21:04 47969] Initializing tags.
[T 01:21:04 47969] ID set to 000000000000BB61_0000000000000001 (parent 000000000000BB5F_0000000000000001)
[E 01:21:04 47969] Mimicry classification suppression detected; exiting.
[E 01:21:04 47969] Extractor exited successfully
[T 01:21:04 47967] Extractor /home/codespace/.local/share/gh/extensions/gh-codeql/dist/release/v2.27.1/cpp/tools/linux64/extractor terminated with exit code 0.
[T 01:21:04 47970] Initializing tracer.
[T 01:21:04 47970] Initializing tags.
[T 01:21:04 47970] ID set to 000000000000BB62_0000000000000001 (parent 000000000000BB49_0000000000000001)
[T 01:21:04 47970] ==== Candidate to intercept: /usr/libexec/gcc/x86_64-linux-gnu/13/cc1 (canonical: /usr/libexec/gcc/x86_64-linux-gnu/13/cc1) ====
[T 01:21:04 47970] Lua: === Intercepted call to /usr/libexec/gcc/x86_64-linux-gnu/13/cc1 ===
[T 01:21:04 47970] Executing the following tracer actions:
[T 01:21:04 47970] Tracer actions:
[T 01:21:04 47970] pre_invocations(0)
[T 01:21:04 47970] post_invocations(1)
[T 01:21:04 47970] invocation: /home/codespace/.local/share/gh/extensions/gh-codeql/dist/release/v2.27.1/cpp/tools/linux64/extractor, args: [--mimic, /usr/libexec/gcc/x86_64-linux-gnu/13/cc1, @/workspaces/CYBR621/lab2/codeql-db-assistant2/working/tmp//semmle_9_47945_975009, -o, /workspaces/CYBR621/lab2/codeql-db-assistant2/working/tmp//semmle_11_47945_975339.o, /workspaces/CYBR621/lab2/codeql-db-assistant2/working/tmp//semmle_10_47945_975286.c]
[T 01:21:04 47970] trace_languages(1): [cpp]
[T 01:21:05 47972] Attempting to switch stdout/stderr to 7...
[T 01:21:05 47972] Initializing tracer.
[T 01:21:05 47972] Initializing tags.
[T 01:21:05 47972] ID set to 000000000000BB64_0000000000000001 (parent 000000000000BB62_0000000000000001)
[E 01:21:05 47972] Mimicry classification suppression detected; exiting.
[E 01:21:05 47972] Extractor exited successfully
[T 01:21:05 47970] Extractor /home/codespace/.local/share/gh/extensions/gh-codeql/dist/release/v2.27.1/cpp/tools/linux64/extractor terminated with exit code 0.
[T 01:21:05 47973] Initializing tracer.
[T 01:21:05 47973] Initializing tags.
[T 01:21:05 47973] ID set to 000000000000BB65_0000000000000001 (parent 000000000000BB49_0000000000000001)
[T 01:21:05 47973] ==== Candidate to intercept: /usr/libexec/gcc/x86_64-linux-gnu/13/cc1 (canonical: /usr/libexec/gcc/x86_64-linux-gnu/13/cc1) ====
[T 01:21:05 47973] Lua: === Intercepted call to /usr/libexec/gcc/x86_64-linux-gnu/13/cc1 ===
[T 01:21:05 47973] Executing the following tracer actions:
[T 01:21:05 47973] Tracer actions:
[T 01:21:05 47973] pre_invocations(0)
[T 01:21:05 47973] post_invocations(1)
[T 01:21:05 47973] invocation: /home/codespace/.local/share/gh/extensions/gh-codeql/dist/release/v2.27.1/cpp/tools/linux64/extractor, args: [--mimic, /usr/libexec/gcc/x86_64-linux-gnu/13/cc1, @/workspaces/CYBR621/lab2/codeql-db-assistant2/working/tmp//semmle_9_47945_975009, -o, /workspaces/CYBR621/lab2/codeql-db-assistant2/working/tmp//semmle_13_47945_16986.o, /workspaces/CYBR621/lab2/codeql-db-assistant2/working/tmp//semmle_12_47945_16933.c]
[T 01:21:05 47973] trace_languages(1): [cpp]
[T 01:21:05 47975] Attempting to switch stdout/stderr to 7...
[T 01:21:05 47975] Initializing tracer.
[T 01:21:05 47975] Initializing tags.
[T 01:21:05 47975] ID set to 000000000000BB67_0000000000000001 (parent 000000000000BB65_0000000000000001)
[E 01:21:05 47975] Mimicry classification suppression detected; exiting.
[E 01:21:05 47975] Extractor exited successfully
[T 01:21:05 47973] Extractor /home/codespace/.local/share/gh/extensions/gh-codeql/dist/release/v2.27.1/cpp/tools/linux64/extractor terminated with exit code 0.
[T 01:21:05 47976] Initializing tracer.
[T 01:21:05 47976] Initializing tags.
[T 01:21:05 47976] ID set to 000000000000BB68_0000000000000001 (parent 000000000000BB49_0000000000000001)
[T 01:21:05 47976] ==== Candidate to intercept: /usr/libexec/gcc/x86_64-linux-gnu/13/cc1 (canonical: /usr/libexec/gcc/x86_64-linux-gnu/13/cc1) ====
[T 01:21:05 47976] Lua: === Intercepted call to /usr/libexec/gcc/x86_64-linux-gnu/13/cc1 ===
[T 01:21:05 47976] Executing the following tracer actions:
[T 01:21:05 47976] Tracer actions:
[T 01:21:05 47976] pre_invocations(0)
[T 01:21:05 47976] post_invocations(1)
[T 01:21:05 47976] invocation: /home/codespace/.local/share/gh/extensions/gh-codeql/dist/release/v2.27.1/cpp/tools/linux64/extractor, args: [--mimic, /usr/libexec/gcc/x86_64-linux-gnu/13/cc1, @/workspaces/CYBR621/lab2/codeql-db-assistant2/working/tmp//semmle_9_47945_975009, -o, /workspaces/CYBR621/lab2/codeql-db-assistant2/working/tmp//semmle_15_47945_39633.o, /workspaces/CYBR621/lab2/codeql-db-assistant2/working/tmp//semmle_14_47945_39593.c]
[T 01:21:05 47976] trace_languages(1): [cpp]
[T 01:21:05 47978] Attempting to switch stdout/stderr to 7...
[T 01:21:05 47978] Initializing tracer.
[T 01:21:05 47978] Initializing tags.
[T 01:21:05 47978] ID set to 000000000000BB6A_0000000000000001 (parent 000000000000BB68_0000000000000001)
[E 01:21:05 47978] Mimicry classification suppression detected; exiting.
[E 01:21:05 47978] Extractor exited successfully
[T 01:21:05 47976] Extractor /home/codespace/.local/share/gh/extensions/gh-codeql/dist/release/v2.27.1/cpp/tools/linux64/extractor terminated with exit code 0.
[T 01:21:05 47979] Initializing tracer.
[T 01:21:05 47979] Initializing tags.
[T 01:21:05 47979] ID set to 000000000000BB6B_0000000000000001 (parent 000000000000BB49_0000000000000001)
[T 01:21:05 47979] ==== Candidate to intercept: /usr/libexec/gcc/x86_64-linux-gnu/13/cc1 (canonical: /usr/libexec/gcc/x86_64-linux-gnu/13/cc1) ====
[T 01:21:05 47979] Lua: === Intercepted call to /usr/libexec/gcc/x86_64-linux-gnu/13/cc1 ===
[T 01:21:05 47979] Executing the following tracer actions:
[T 01:21:05 47979] Tracer actions:
[T 01:21:05 47979] pre_invocations(0)
[T 01:21:05 47979] post_invocations(1)
[T 01:21:05 47979] invocation: /home/codespace/.local/share/gh/extensions/gh-codeql/dist/release/v2.27.1/cpp/tools/linux64/extractor, args: [--mimic, /usr/libexec/gcc/x86_64-linux-gnu/13/cc1, @/workspaces/CYBR621/lab2/codeql-db-assistant2/working/tmp//semmle_9_47945_975009, -o, /workspaces/CYBR621/lab2/codeql-db-assistant2/working/tmp//semmle_17_47945_57641.o, /workspaces/CYBR621/lab2/codeql-db-assistant2/working/tmp//semmle_16_47945_57598.c]
[T 01:21:05 47979] trace_languages(1): [cpp]
[T 01:21:05 47981] Attempting to switch stdout/stderr to 7...
[T 01:21:05 47981] Initializing tracer.
[T 01:21:05 47981] Initializing tags.
[T 01:21:05 47981] ID set to 000000000000BB6D_0000000000000001 (parent 000000000000BB6B_0000000000000001)
[E 01:21:05 47981] Mimicry classification suppression detected; exiting.
[E 01:21:05 47981] Extractor exited successfully
[T 01:21:05 47979] Extractor /home/codespace/.local/share/gh/extensions/gh-codeql/dist/release/v2.27.1/cpp/tools/linux64/extractor terminated with exit code 0.
[T 01:21:05 47982] Initializing tracer.
[T 01:21:05 47982] Initializing tags.
[T 01:21:05 47982] ID set to 000000000000BB6E_0000000000000001 (parent 000000000000BB49_0000000000000001)
[T 01:21:05 47982] ==== Candidate to intercept: /usr/libexec/gcc/x86_64-linux-gnu/13/cc1 (canonical: /usr/libexec/gcc/x86_64-linux-gnu/13/cc1) ====
[T 01:21:05 47982] Lua: === Intercepted call to /usr/libexec/gcc/x86_64-linux-gnu/13/cc1 ===
[T 01:21:05 47982] Executing the following tracer actions:
[T 01:21:05 47982] Tracer actions:
[T 01:21:05 47982] pre_invocations(0)
[T 01:21:05 47982] post_invocations(1)
[T 01:21:05 47982] invocation: /home/codespace/.local/share/gh/extensions/gh-codeql/dist/release/v2.27.1/cpp/tools/linux64/extractor, args: [--mimic, /usr/libexec/gcc/x86_64-linux-gnu/13/cc1, @/workspaces/CYBR621/lab2/codeql-db-assistant2/working/tmp//semmle_9_47945_975009, -o, /workspaces/CYBR621/lab2/codeql-db-assistant2/working/tmp//semmle_19_47945_82732.o, /workspaces/CYBR621/lab2/codeql-db-assistant2/working/tmp//semmle_18_47945_82686.c]
[T 01:21:05 47982] trace_languages(1): [cpp]
[T 01:21:05 47984] Attempting to switch stdout/stderr to 7...
[T 01:21:05 47984] Initializing tracer.
[T 01:21:05 47984] Initializing tags.
[T 01:21:05 47984] ID set to 000000000000BB70_0000000000000001 (parent 000000000000BB6E_0000000000000001)
[E 01:21:05 47984] Mimicry classification suppression detected; exiting.
[E 01:21:05 47984] Extractor exited successfully
[T 01:21:05 47982] Extractor /home/codespace/.local/share/gh/extensions/gh-codeql/dist/release/v2.27.1/cpp/tools/linux64/extractor terminated with exit code 0.
[T 01:21:05 47985] Initializing tracer.
[T 01:21:05 47985] Initializing tags.
[T 01:21:05 47985] ID set to 000000000000BB71_0000000000000001 (parent 000000000000BB49_0000000000000001)
[T 01:21:05 47985] ==== Candidate to intercept: /usr/libexec/gcc/x86_64-linux-gnu/13/cc1 (canonical: /usr/libexec/gcc/x86_64-linux-gnu/13/cc1) ====
[T 01:21:05 47985] Lua: === Intercepted call to /usr/libexec/gcc/x86_64-linux-gnu/13/cc1 ===
[T 01:21:05 47985] Executing the following tracer actions:
[T 01:21:05 47985] Tracer actions:
[T 01:21:05 47985] pre_invocations(0)
[T 01:21:05 47985] post_invocations(1)
[T 01:21:05 47985] invocation: /home/codespace/.local/share/gh/extensions/gh-codeql/dist/release/v2.27.1/cpp/tools/linux64/extractor, args: [--mimic, /usr/libexec/gcc/x86_64-linux-gnu/13/cc1, @/workspaces/CYBR621/lab2/codeql-db-assistant2/working/tmp//semmle_9_47945_975009, -o, /workspaces/CYBR621/lab2/codeql-db-assistant2/working/tmp//semmle_21_47945_102685.o, /workspaces/CYBR621/lab2/codeql-db-assistant2/working/tmp//semmle_20_47945_102646.c]
[T 01:21:05 47985] trace_languages(1): [cpp]
[T 01:21:05 47987] Attempting to switch stdout/stderr to 7...
[T 01:21:05 47987] Initializing tracer.
[T 01:21:05 47987] Initializing tags.
[T 01:21:05 47987] ID set to 000000000000BB73_0000000000000001 (parent 000000000000BB71_0000000000000001)
[E 01:21:05 47987] Mimicry classification suppression detected; exiting.
[E 01:21:05 47987] Extractor exited successfully
[T 01:21:05 47985] Extractor /home/codespace/.local/share/gh/extensions/gh-codeql/dist/release/v2.27.1/cpp/tools/linux64/extractor terminated with exit code 0.
[E 01:21:05 47945] Processed command line: /home/codespace/.local/share/gh/extensions/gh-codeql/dist/release/v2.27.1/cpp/tools/linux64/extractor --trapfolder /workspaces/CYBR621/lab2/codeql-db-assistant2/trap/cpp --src_archive /workspaces/CYBR621/lab2/codeql-db-assistant2/src --object_filename /tmp/ccxXt2WR.s --no_warnings_and_discretionary_errors --error_limit 1000 --disable_system_macros --variadic_macros --incognito --gcc --gnu_version 130300 --target linux_x86_64 '-D__DBL_MIN_EXP__=(-1021)' -D__UINT_LEAST16_MAX__=0xffff -D__FLT16_HAS_QUIET_NAN__=1 -D__ATOMIC_ACQUIRE=2 -D__FLT128_MAX_10_EXP__=4932 -D__FLT_MIN__=1.17549435082228750796873653722224568e-38F -D__GCC_IEC_559_COMPLEX=2 '-D__UINT_LEAST8_TYPE__=unsigned char' -D__SIZEOF_FLOAT80__=16 -D__BFLT16_DENORM_MIN__=9.18354961579912115600575419704879436e-41BF16 '-D__INTMAX_C(c)=c ## L' -D__CHAR_BIT__=8 -D__UINT8_MAX__=0xff -D__SCHAR_WIDTH__=8 -D__WINT_MAX__=0xffffffffU '-D__FLT32_MIN_EXP__=(-125)' -D__BFLT16_NORM_MAX__=3.38953138925153547590470800371487867e+38BF16 '-D__BFLT16_MIN_10_EXP__=(-37)' -D__ORDER_LITTLE_ENDIAN__=1234 -D__WCHAR_MAX__=0x7fffffff -D__GCC_HAVE_SYNC_COMPARE_AND_SWAP_2=1 -D__GCC_HAVE_SYNC_COMPARE_AND_SWAP_4=1 -D__GCC_HAVE_SYNC_COMPARE_AND_SWAP_8=1 -D__GCC_ATOMIC_CHAR_LOCK_FREE=2 -D__GCC_IEC_559=2 -D__FLT32X_DECIMAL_DIG__=17 -D__FLT_EVAL_METHOD__=0 -D__FLT64_DECIMAL_DIG__=17 -D__CET__=3 -D__GCC_ATOMIC_CHAR32_T_LOCK_FREE=2 -D__UINT_FAST64_MAX__=0xffffffffffffffffUL -D__SIG_ATOMIC_TYPE__=int '-D__DBL_MIN_10_EXP__=(-307)' -D__FINITE_MATH_ONLY__=0 -D__FLT32X_MAX_EXP__=1024 -D__GCC_HAVE_SYNC_COMPARE_AND_SWAP_1=1 -D__FLT32_HAS_DENORM__=1 -D__UINT_FAST8_MAX__=0xff -D__FLT32_MAX_10_EXP__=38 -D__DEC64_MAX_EXP__=385 '-D__INT8_C(c)=c' -D__INT_LEAST8_WIDTH__=8 -D__UINT_LEAST64_MAX__=0xffffffffffffffffUL -D__SHRT_MAX__=0x7fff -D__LDBL_MAX__=1.18973149535723176502126385303097021e+4932L -D__FLT64X_MAX_10_EXP__=4932 -D__BFLT16_MAX_10_EXP__=38 -D__BFLT16_MAX_EXP__=128 -D__LDBL_IS_IEC_60559__=1 -D__FLT64X_HAS_QUIET_NAN__=1 -D__UINT_LEAST8_MAX__=0xff -D__GCC_ATOMIC_BOOL_LOCK_FREE=2 -D__FLT128_DENORM_MIN__=6.47517511943802511092443895822764655e-4966F128 '-D__UINTMAX_TYPE__=long unsigned int' -D__BFLT16_DECIMAL_DIG__=4 -D__linux=1 -D__DEC32_EPSILON__=1E-6DF -D__FLT_EVAL_METHOD_TS_18661_3__=0 -D__UINT32_MAX__=0xffffffffU '-D__DBL_DENORM_MIN__=((double)4.94065645841246544176568792868221372e-324L)' '-D__FLT128_MIN_EXP__=(-16381)' -D__WINT_MIN__=0U '-D__FLT128_MIN_10_EXP__=(-4931)' -D__FLT32X_IS_IEC_60559__=1 -D__INT_LEAST16_WIDTH__=16 -D__SCHAR_MAX__=0x7f -D__FLT128_MANT_DIG__=113 '-D__WCHAR_MIN__=(-__WCHAR_MAX__ - 1)' '-D__INT64_C(c)=c ## L' -D__SSP_STRONG__=3 -D__GCC_ATOMIC_POINTER_LOCK_FREE=2 -D__ATOMIC_SEQ_CST=5 -D__unix=1 -D__INT_LEAST64_MAX__=0x7fffffffffffffffL -D__FLT32X_MANT_DIG__=53 -D__FLT64X_EPSILON__=1.08420217248550443400745280086994171e-19F64x '-D__DEC64_MIN_EXP__=(-382)' -D__DBL_DIG__=15 -D__FLT_EPSILON__=1.19209289550781250000000000000000000e-7F -D__SHRT_WIDTH__=16 -D__FLT32_IS_IEC_60559__=1 -D__LDBL_MIN__=3.36210314311209350626267781732175260e-4932L -D__STDC_UTF_16__=1 -D__DBL_IS_IEC_60559__=1 -D__DEC32_MAX__=9.999999E96DF -D__FLT64X_DENORM_MIN__=3.64519953188247460252840593361941982e-4951F64x -D__FLT32X_HAS_INFINITY__=1 -D__unix__=1 -D__INT_WIDTH__=32 -D__STDC_IEC_559__=1 -D__STDC_ISO_10646__=201706L -D__DECIMAL_DIG__=21 -D__STDC_IEC_559_COMPLEX__=1 -D__FLT64_EPSILON__=2.22044604925031308084726333618164062e-16F64 -D__gnu_linux__=1 -D__FLT128_IS_IEC_60559__=1 '-D__FLT64X_MIN_10_EXP__=(-4931)' -D__LDBL_HAS_QUIET_NAN__=1 '-D__FLT16_MIN_EXP__=(-13)' -D__FLT64_MANT_DIG__=53 -D__FLT64X_MANT_DIG__=64 -D__BFLT16_DIG__=2 -D__pie__=2 -D__MMX__=1 -D__FLT_HAS_DENORM__=1 -D__SIZEOF_LONG_DOUBLE__=16 -D__BIGGEST_ALIGNMENT__=16 -D__FLT64_MAX_10_EXP__=308 -D__BFLT16_IS_IEC_60559__=0 -D__FLT16_MAX_10_EXP__=4 '-D__DBL_MAX__=((double)1.79769313486231570814527423731704357e+308L)' -D__INT_FAST32_MAX__=0x7fffffffffffffffL -D__DBL_HAS_INFINITY__=1 -D__INT64_MAX__=0x7fffffffffffffffL -D__SIZEOF_FLOAT__=4 -D__HAVE_SPECULATION_SAFE_VALUE=1 '-D__DEC32_MIN_EXP__=(-94)' -D__INTPTR_WIDTH__=64 -D__UINT_LEAST32_MAX__=0xffffffffU -D__FLT32X_HAS_DENORM__=1 '-D__INT_FAST16_TYPE__=long int' -D__MMX_WITH_SSE__=1 -D__LDBL_HAS_DENORM__=1 -D__SEG_GS=1 -D__BFLT16_EPSILON__=7.81250000000000000000000000000000000e-3BF16 -D__FLT128_HAS_INFINITY__=1 -D__DEC32_MIN__=1E-95DF -D__DBL_MAX_EXP__=1024 -D__WCHAR_WIDTH__=32 -D__FLT32_MAX__=3.40282346638528859811704183484516925e+38F32 -D__DEC128_EPSILON__=1E-33DL -D__FLT16_DECIMAL_DIG__=5 -D__SSE2_MATH__=1 -D__ATOMIC_HLE_RELEASE=131072 -D__PTRDIFF_MAX__=0x7fffffffffffffffL -D__amd64=1 -D__ATOMIC_HLE_ACQUIRE=65536 -D__LONG_LONG_MAX__=0x7fffffffffffffffLL -D__SIZEOF_SIZE_T__=8 -D__BFLT16_HAS_INFINITY__=1 '-D__FLT64X_MIN_EXP__=(-16381)' -D__SIZEOF_WINT_T__=4 -D__LONG_LONG_WIDTH__=64 -D__FLT32_MAX_EXP__=128 -D__GXX_ABI_VERSION=1018 '-D__FLT_MIN_EXP__=(-125)' -D__GCC_HAVE_DWARF2_CFI_ASM=1 -D__INT16_MAX__=0x7fff -D__x86_64=1 '-D__INT_FAST64_TYPE__=long int' -D__BFLT16_MAX__=3.38953138925153547590470800371487867e+38BF16 -D__BFLT16_HAS_DENORM__=1 -D__FLT64_DENORM_MIN__=4.94065645841246544176568792868221372e-324F64 -D__FLT16_DENORM_MIN__=5.96046447753906250000000000000000000e-8F16 -D__FLT128_EPSILON__=1.92592994438723585305597794258492732e-34F128 -D__FLT64X_NORM_MAX__=1.18973149535723176502126385303097021e+4932F64x -D__SIZEOF_POINTER__=8 '-D__SIZE_TYPE__=long unsigned int' -D__LP64__=1 -D__DBL_HAS_QUIET_NAN__=1 -D__FLT32X_EPSILON__=2.22044604925031308084726333618164062e-16F32x -D__LDBL_MAX_EXP__=16384 -D__DECIMAL_BID_FORMAT__=1 '-D__FLT64_MIN_EXP__=(-1021)' '-D__FLT64_MIN_10_EXP__=(-307)' '-D__FLT16_MIN_10_EXP__=(-4)' -D__FLT64X_DECIMAL_DIG__=21 -D__DEC128_MIN__=1E-6143DL -D__REGISTER_PREFIX__= -D__UINT16_MAX__=0xffff -D__DBL_HAS_DENORM__=1 -D__FLT32_MIN__=1.17549435082228750796873653722224568e-38F32 '-D__UINT8_TYPE__=unsigned char' -D__FLT_DIG__=6 -D__NO_INLINE__=1 -D__DEC_EVAL_METHOD__=2 -D__FLT_MANT_DIG__=24 -D__LDBL_DECIMAL_DIG__=21 '-D__UINT64_C(c)=c ## UL' -D_STDC_PREDEF_H=1 -D__INT_LEAST32_MAX__=0x7fffffff -D__GCC_ATOMIC_INT_LOCK_FREE=2 -D__FLT128_MAX_EXP__=16384 -D__FLT32_MANT_DIG__=24 -D__FLOAT_WORD_ORDER__=__ORDER_LITTLE_ENDIAN__ '-D__FLT32X_MIN_EXP__=(-1021)' -D__STDC_IEC_60559_COMPLEX__=201404L -D__BFLT16_MIN__=1.17549435082228750796873653722224568e-38BF16 -D__FLT128_HAS_DENORM__=1 -D__FLT32_DECIMAL_DIG__=9 -D__FLT128_DIG__=33 '-D__INT32_C(c)=c' -D__DEC64_EPSILON__=1E-15DD -D__ORDER_PDP_ENDIAN__=3412 '-D__DEC128_MIN_EXP__=(-6142)' -D__DEC128_MAX__=9.999999999999999999999999999999999E6144DL '-D__INT_FAST32_TYPE__=long int' '-D__UINT_LEAST16_TYPE__=short unsigned int' -D__DEC128_MAX_EXP__=6145 -Dunix=1 -D__UINT64_MAX__=0xffffffffffffffffUL -D__FLT_IS_IEC_60559__=1 '-D__GNUC_WIDE_EXECUTION_CHARSET_NAME="UTF-32LE"' -D__FLT64X_DIG__=18 '-D__INT8_TYPE__=signed char' -D__ELF__=1 -D__GCC_ASM_FLAG_OUTPUTS__=1 '-D__UINT32_TYPE__=unsigned int' -D__BFLT16_HAS_QUIET_NAN__=1 -D__FLT_RADIX__=2 '-D__INT_LEAST16_TYPE__=short int' -D__LDBL_EPSILON__=1.08420217248550443400745280086994171e-19L '-D__UINTMAX_C(c)=c ## UL' -D__FLT16_DIG__=3 -D__SSE_MATH__=1 -D__k8=1 -D__FLT32X_MIN__=2.22507385850720138309023271733240406e-308F32x -D__SIG_ATOMIC_MAX__=0x7fffffff -D__GCC_ATOMIC_WCHAR_T_LOCK_FREE=2 -D__USER_LABEL_PREFIX__= -D__STDC_IEC_60559_BFP__=201404L -D__SIZEOF_PTRDIFF_T__=8 -D__FLT64X_HAS_INFINITY__=1 -D__FLT32_HAS_INFINITY__=1 -D__SIZEOF_LONG__=8 -D__LDBL_DIG__=18 -D__FLT64_IS_IEC_60559__=1 -D__x86_64__=1 -D__FLT16_IS_IEC_60559__=1 -D__FLT16_MAX_EXP__=16 -D__DEC32_SUBNORMAL_MIN__=0.000001E-95DF -D__INT_FAST16_MAX__=0x7fffffffffffffffL -D__GCC_CONSTRUCTIVE_SIZE=64 -D__FLT64_DIG__=15 -D__UINT_FAST32_MAX__=0xffffffffffffffffUL '-D__UINT_LEAST64_TYPE__=long unsigned int' -D__FLT16_EPSILON__=9.76562500000000000000000000000000000e-4F16 -D__FLT_HAS_QUIET_NAN__=1 -D__FLT_MAX_10_EXP__=38 -D__LONG_MAX__=0x7fffffffffffffffL -D__FLT64X_HAS_DENORM__=1 -D__DEC128_SUBNORMAL_MIN__=0.000000000000000000000000000000001E-6143DL -D__FLT_HAS_INFINITY__=1 '-D__GNUC_EXECUTION_CHARSET_NAME="UTF-8"' '-D__UINT_FAST16_TYPE__=long unsigned int' -D__DEC64_MAX__=9.999999999999999E384DD -D__INT_FAST32_WIDTH__=64 -D__PRAGMA_REDEFINE_EXTNAME=1 -D__SIZE_WIDTH__=64 -D__SEG_FS=1 -D__INT_LEAST16_MAX__=0x7fff -D__FLT16_NORM_MAX__=6.55040000000000000000000000000000000e+4F16 -D__DEC64_MANT_DIG__=16 -D__FLT32_DENORM_MIN__=1.40129846432481707092372958328991613e-45F32 -D__SIG_ATOMIC_WIDTH__=32 '-D__INT_LEAST64_TYPE__=long int' '-D__INT16_TYPE__=short int' '-D__INT_LEAST8_TYPE__=signed char' -D__FLT16_MAX__=6.55040000000000000000000000000000000e+4F16 -D__FLT128_MIN__=3.36210314311209350626267781732175260e-4932F128 -D__SIZEOF_INT__=4 -D__DEC32_MAX_EXP__=97 -D__INT_FAST8_MAX__=0x7f -D__FLT128_MAX__=1.18973149535723176508575932662800702e+4932F128 -D__INTPTR_MAX__=0x7fffffffffffffffL -Dlinux=1 -D__FLT64_HAS_QUIET_NAN__=1 '-D__FLT32_MIN_10_EXP__=(-37)' -D__FLT32X_DIG__=15 '-D__UINT16_C(c)=c' -D__PTRDIFF_WIDTH__=64 -D__LDBL_MANT_DIG__=64 -D__INT_FAST16_WIDTH__=64 -D__FLT64_HAS_INFINITY__=1 -D__FLT64X_MAX__=1.18973149535723176502126385303097021e+4932F64x -D__FLT16_HAS_INFINITY__=1 '-D__SIG_ATOMIC_MIN__=(-__SIG_ATOMIC_MAX__ - 1)' -D__code_model_small__=1 -D__GCC_ATOMIC_LONG_LOCK_FREE=2 -D__DEC32_MANT_DIG__=7 -D__FLT16_MANT_DIG__=11 -D__k8__=1 '-D__INTPTR_TYPE__=long int' '-D__UINT16_TYPE__=short unsigned int' -D__WCHAR_TYPE__=int -D__pic__=2 -D__UINTPTR_MAX__=0xffffffffffffffffUL -D__INT_FAST64_WIDTH__=64 -D__LDBL_HAS_INFINITY__=1 -D__INT_FAST64_MAX__=0x7fffffffffffffffL -D__GCC_ATOMIC_TEST_AND_SET_TRUEVAL=1 -D__FLT_NORM_MAX__=3.40282346638528859811704183484516925e+38F -D__FLT64X_MAX_EXP__=16384 '-D__UINT_FAST64_TYPE__=long unsigned int' '-D__BFLT16_MIN_EXP__=(-125)' -D__INT_MAX__=0x7fffffff -D__linux__=1 '-D__INT64_TYPE__=long int' -D__FLT_MAX_EXP__=128 -D__ORDER_BIG_ENDIAN__=4321 -D__DBL_MANT_DIG__=53 -D__SIZEOF_FLOAT128__=16 -D__BFLT16_MANT_DIG__=8 -D__GCC_ATOMIC_CHAR16_T_LOCK_FREE=2 -D__DEC64_MIN__=1E-383DD '-D__WINT_TYPE__=unsigned int' '-D__UINT_LEAST32_TYPE__=unsigned int' -D__SIZEOF_SHORT__=2 -D__FLT32_NORM_MAX__=3.40282346638528859811704183484516925e+38F32 -D__SSE__=1 '-D__LDBL_MIN_EXP__=(-16381)' -D__FLT64_MAX__=1.79769313486231570814527423731704357e+308F64 -D__amd64__=1 -D__WINT_WIDTH__=32 -D__INT_LEAST8_MAX__=0x7f -D__INT_LEAST64_WIDTH__=64 -D__FLT32X_MAX_10_EXP__=308 -D__SIZEOF_INT128__=16 -D__FLT16_MIN__=6.10351562500000000000000000000000000e-5F16 -D__FLT64X_IS_IEC_60559__=1 -D__LDBL_MAX_10_EXP__=4932 -D__ATOMIC_RELAXED=0 '-D__DBL_EPSILON__=((double)2.22044604925031308084726333618164062e-16L)' -D__INT_LEAST32_TYPE__=int -D_LP64=1 '-D__UINT8_C(c)=c' -D__FLT64_MAX_EXP__=1024 -D__SIZEOF_WCHAR_T__=4 '-D__UINT64_TYPE__=long unsigned int' -D__FLT128_NORM_MAX__=1.18973149535723176508575932662800702e+4932F128 -D__FLT64_NORM_MAX__=1.79769313486231570814527423731704357e+308F64 -D__FLT128_HAS_QUIET_NAN__=1 -D__INTMAX_MAX__=0x7fffffffffffffffL '-D__INT_FAST8_TYPE__=signed char' -D__FLT64X_MIN__=3.36210314311209350626267781732175260e-4932F64x -D__FLT64_HAS_DENORM__=1 -D__FLT32_EPSILON__=1.19209289550781250000000000000000000e-7F32 -D__FLT16_HAS_DENORM__=1 -D__DBL_DECIMAL_DIG__=17 -D__STDC_UTF_32__=1 -D__INT_FAST8_WIDTH__=8 -D__FXSR__=1 -D__FLT32X_MAX__=1.79769313486231570814527423731704357e+308F32x '-D__DBL_NORM_MAX__=((double)1.79769313486231570814527423731704357e+308L)' -D__BYTE_ORDER__=__ORDER_LITTLE_ENDIAN__ -D__GCC_DESTRUCTIVE_SIZE=64 -D__INTMAX_WIDTH__=64 -D__FLT32_DIG__=6 '-D__UINT32_C(c)=c ## U' -D__FLT_DENORM_MIN__=1.40129846432481707092372958328991613e-45F -D__INT8_MAX__=0x7f -D__LONG_WIDTH__=64 '-D__DBL_MIN__=((double)2.22507385850720138309023271733240406e-308L)' -D__PIC__=2 -D__INT32_MAX__=0x7fffffff '-D__UINT_FAST32_TYPE__=long unsigned int' -D__FLT32X_NORM_MAX__=1.79769313486231570814527423731704357e+308F32x -D__FLT_MAX__=3.40282346638528859811704183484516925e+38F -D__SSE2__=1 -D__INT32_TYPE__=int -D__SIZEOF_DOUBLE__=8 '-D__FLT_MIN_10_EXP__=(-37)' -D__FLT64_MIN__=2.22507385850720138309023271733240406e-308F64 -D__INT_LEAST32_WIDTH__=32 '-D__INTMAX_TYPE__=long int' -D__FLT32X_HAS_QUIET_NAN__=1 -D__ATOMIC_CONSUME=1 -D__UINTMAX_MAX__=0xffffffffffffffffUL -D__PIE__=2 -D__FLT32X_DENORM_MIN__=4.94065645841246544176568792868221372e-324F32x -D__DBL_MAX_10_EXP__=308 -D__LDBL_DENORM_MIN__=3.64519953188247460252840593361941982e-4951L '-D__INT16_C(c)=c' '-D__PTRDIFF_TYPE__=long int' '-D__FLT32X_MIN_10_EXP__=(-307)' '-D__UINTPTR_TYPE__=long unsigned int' -D__DEC64_SUBNORMAL_MIN__=0.000000000000001E-383DD -D__DEC128_MANT_DIG__=34 '-D__LDBL_MIN_10_EXP__=(-4931)' -D__SIZEOF_LONG_LONG__=8 -D__FLT128_DECIMAL_DIG__=36 -D__GCC_ATOMIC_LLONG_LOCK_FREE=2 -D__FLT32_HAS_QUIET_NAN__=1 -D__FLT_DECIMAL_DIG__=9 -D__UINT_FAST16_MAX__=0xffffffffffffffffUL -D__LDBL_NORM_MAX__=1.18973149535723176502126385303097021e+4932L -D__GCC_ATOMIC_SHORT_LOCK_FREE=2 -D__SIZE_MAX__=0xffffffffffffffffUL '-D__UINT_FAST8_TYPE__=unsigned char' -D__ATOMIC_ACQ_REL=4 -D__ATOMIC_RELEASE=3 -I/usr/lib/gcc/x86_64-linux-gnu/13/include -I/usr/local/include -I/usr/include/x86_64-linux-gnu -I/usr/include -- assistant2.c
[E 01:21:05 47945] CODEQL_EXTRACTOR_CPP_TRAP_CACHING is not set
[E 01:21:05 47945] CODEQL_EXTRACTOR_CPP_OPTION_TRAP_CACHE_WRITE is not set
[E 01:21:05 47945] CODEQL_EXTRACTOR_CPP_OPTION_TRAP_CACHE_DIR is not set
[E 01:21:05 47945] Initialising TRAP cache at path: 33/fa9f/9f90b6ab5354591c34fdd7861023
[E 01:21:05 47945] Not using TRAP cache
[E 01:21:05 47945] TRAP cache miss
[E 01:21:05 47945] Starting compilation TRAP /workspaces/CYBR621/lab2/codeql-db-assistant2/trap/cpp/compilations/46/51718836_0.trap.zst
[E 01:21:05 47945] Archiving /workspaces/CYBR621/lab2/codeql-db-assistant2/src/workspaces/CYBR621/lab2/assistant2.c
[E 01:21:05 47945] Archiving /workspaces/CYBR621/lab2/codeql-db-assistant2/src/usr/include/stdio.h
[E 01:21:05 47945] Archiving /workspaces/CYBR621/lab2/codeql-db-assistant2/src/usr/include/x86_64-linux-gnu/bits/libc-header-start.h
[E 01:21:05 47945] Archiving /workspaces/CYBR621/lab2/codeql-db-assistant2/src/usr/include/features.h
[E 01:21:05 47945] Archiving /workspaces/CYBR621/lab2/codeql-db-assistant2/src/usr/include/features-time64.h
[E 01:21:05 47945] Archiving /workspaces/CYBR621/lab2/codeql-db-assistant2/src/usr/include/x86_64-linux-gnu/bits/wordsize.h
[E 01:21:05 47945] Archiving /workspaces/CYBR621/lab2/codeql-db-assistant2/src/usr/include/x86_64-linux-gnu/bits/timesize.h
[E 01:21:05 47945] Already archived /workspaces/CYBR621/lab2/codeql-db-assistant2/src/usr/include/x86_64-linux-gnu/bits/wordsize.h
[E 01:21:05 47945] Archiving /workspaces/CYBR621/lab2/codeql-db-assistant2/src/usr/include/stdc-predef.h
[E 01:21:05 47945] Archiving /workspaces/CYBR621/lab2/codeql-db-assistant2/src/usr/include/x86_64-linux-gnu/sys/cdefs.h
[E 01:21:05 47945] Already archived /workspaces/CYBR621/lab2/codeql-db-assistant2/src/usr/include/x86_64-linux-gnu/bits/wordsize.h
[E 01:21:05 47945] Archiving /workspaces/CYBR621/lab2/codeql-db-assistant2/src/usr/include/x86_64-linux-gnu/bits/long-double.h
[E 01:21:05 47945] Archiving /workspaces/CYBR621/lab2/codeql-db-assistant2/src/usr/include/x86_64-linux-gnu/gnu/stubs.h
[E 01:21:05 47945] Archiving /workspaces/CYBR621/lab2/codeql-db-assistant2/src/usr/include/x86_64-linux-gnu/gnu/stubs-64.h
[E 01:21:05 47945] Archiving /workspaces/CYBR621/lab2/codeql-db-assistant2/src/usr/lib/gcc/x86_64-linux-gnu/13/include/stddef.h
[E 01:21:05 47945] Archiving /workspaces/CYBR621/lab2/codeql-db-assistant2/src/usr/lib/gcc/x86_64-linux-gnu/13/include/stdarg.h
[E 01:21:05 47945] Archiving /workspaces/CYBR621/lab2/codeql-db-assistant2/src/usr/include/x86_64-linux-gnu/bits/types.h
[E 01:21:05 47945] Already archived /workspaces/CYBR621/lab2/codeql-db-assistant2/src/usr/include/x86_64-linux-gnu/bits/wordsize.h
[E 01:21:05 47945] Already archived /workspaces/CYBR621/lab2/codeql-db-assistant2/src/usr/include/x86_64-linux-gnu/bits/timesize.h
[E 01:21:05 47945] Already archived /workspaces/CYBR621/lab2/codeql-db-assistant2/src/usr/include/x86_64-linux-gnu/bits/wordsize.h
[E 01:21:05 47945] Archiving /workspaces/CYBR621/lab2/codeql-db-assistant2/src/usr/include/x86_64-linux-gnu/bits/typesizes.h
[E 01:21:05 47945] Archiving /workspaces/CYBR621/lab2/codeql-db-assistant2/src/usr/include/x86_64-linux-gnu/bits/time64.h
[E 01:21:05 47945] Archiving /workspaces/CYBR621/lab2/codeql-db-assistant2/src/usr/include/x86_64-linux-gnu/bits/types/__fpos_t.h
[E 01:21:05 47945] Archiving /workspaces/CYBR621/lab2/codeql-db-assistant2/src/usr/include/x86_64-linux-gnu/bits/types/__mbstate_t.h
[E 01:21:05 47945] Archiving /workspaces/CYBR621/lab2/codeql-db-assistant2/src/usr/include/x86_64-linux-gnu/bits/types/__fpos64_t.h
[E 01:21:05 47945] Archiving /workspaces/CYBR621/lab2/codeql-db-assistant2/src/usr/include/x86_64-linux-gnu/bits/types/__FILE.h
[E 01:21:05 47945] Archiving /workspaces/CYBR621/lab2/codeql-db-assistant2/src/usr/include/x86_64-linux-gnu/bits/types/FILE.h
[E 01:21:05 47945] Archiving /workspaces/CYBR621/lab2/codeql-db-assistant2/src/usr/include/x86_64-linux-gnu/bits/types/struct_FILE.h
[E 01:21:05 47945] Archiving /workspaces/CYBR621/lab2/codeql-db-assistant2/src/usr/include/x86_64-linux-gnu/bits/types/cookie_io_functions_t.h
[E 01:21:05 47945] Archiving /workspaces/CYBR621/lab2/codeql-db-assistant2/src/usr/include/x86_64-linux-gnu/bits/stdio_lim.h
[E 01:21:05 47945] Archiving /workspaces/CYBR621/lab2/codeql-db-assistant2/src/usr/include/x86_64-linux-gnu/bits/floatn.h
[E 01:21:05 47945] Archiving /workspaces/CYBR621/lab2/codeql-db-assistant2/src/usr/include/x86_64-linux-gnu/bits/floatn-common.h
[E 01:21:05 47945] Already archived /workspaces/CYBR621/lab2/codeql-db-assistant2/src/usr/include/x86_64-linux-gnu/bits/long-double.h
[E 01:21:05 47945] Archiving /workspaces/CYBR621/lab2/codeql-db-assistant2/src/usr/include/stdlib.h
[E 01:21:05 47945] Already archived /workspaces/CYBR621/lab2/codeql-db-assistant2/src/usr/include/x86_64-linux-gnu/bits/libc-header-start.h
[E 01:21:05 47945] Already archived /workspaces/CYBR621/lab2/codeql-db-assistant2/src/usr/lib/gcc/x86_64-linux-gnu/13/include/stddef.h
[E 01:21:05 47945] Archiving /workspaces/CYBR621/lab2/codeql-db-assistant2/src/usr/include/x86_64-linux-gnu/bits/waitflags.h
[E 01:21:05 47945] Archiving /workspaces/CYBR621/lab2/codeql-db-assistant2/src/usr/include/x86_64-linux-gnu/bits/waitstatus.h
[E 01:21:05 47945] Archiving /workspaces/CYBR621/lab2/codeql-db-assistant2/src/usr/include/x86_64-linux-gnu/sys/types.h
[E 01:21:05 47945] Archiving /workspaces/CYBR621/lab2/codeql-db-assistant2/src/usr/include/x86_64-linux-gnu/bits/types/clock_t.h
[E 01:21:05 47945] Archiving /workspaces/CYBR621/lab2/codeql-db-assistant2/src/usr/include/x86_64-linux-gnu/bits/types/clockid_t.h
[E 01:21:05 47945] Archiving /workspaces/CYBR621/lab2/codeql-db-assistant2/src/usr/include/x86_64-linux-gnu/bits/types/time_t.h
[E 01:21:05 47945] Archiving /workspaces/CYBR621/lab2/codeql-db-assistant2/src/usr/include/x86_64-linux-gnu/bits/types/timer_t.h
[E 01:21:05 47945] Already archived /workspaces/CYBR621/lab2/codeql-db-assistant2/src/usr/lib/gcc/x86_64-linux-gnu/13/include/stddef.h
[E 01:21:05 47945] Archiving /workspaces/CYBR621/lab2/codeql-db-assistant2/src/usr/include/x86_64-linux-gnu/bits/stdint-intn.h
[E 01:21:05 47945] Archiving /workspaces/CYBR621/lab2/codeql-db-assistant2/src/usr/include/endian.h
[E 01:21:05 47945] Archiving /workspaces/CYBR621/lab2/codeql-db-assistant2/src/usr/include/x86_64-linux-gnu/bits/endian.h
[E 01:21:05 47945] Archiving /workspaces/CYBR621/lab2/codeql-db-assistant2/src/usr/include/x86_64-linux-gnu/bits/endianness.h
[E 01:21:05 47945] Archiving /workspaces/CYBR621/lab2/codeql-db-assistant2/src/usr/include/x86_64-linux-gnu/bits/byteswap.h
[E 01:21:05 47945] Archiving /workspaces/CYBR621/lab2/codeql-db-assistant2/src/usr/include/x86_64-linux-gnu/bits/uintn-identity.h
[E 01:21:05 47945] Archiving /workspaces/CYBR621/lab2/codeql-db-assistant2/src/usr/include/x86_64-linux-gnu/sys/select.h
[E 01:21:05 47945] Archiving /workspaces/CYBR621/lab2/codeql-db-assistant2/src/usr/include/x86_64-linux-gnu/bits/select.h
[E 01:21:05 47945] Archiving /workspaces/CYBR621/lab2/codeql-db-assistant2/src/usr/include/x86_64-linux-gnu/bits/types/sigset_t.h
[E 01:21:05 47945] Archiving /workspaces/CYBR621/lab2/codeql-db-assistant2/src/usr/include/x86_64-linux-gnu/bits/types/__sigset_t.h
[E 01:21:05 47945] Archiving /workspaces/CYBR621/lab2/codeql-db-assistant2/src/usr/include/x86_64-linux-gnu/bits/types/struct_timeval.h
[E 01:21:05 47945] Archiving /workspaces/CYBR621/lab2/codeql-db-assistant2/src/usr/include/x86_64-linux-gnu/bits/types/struct_timespec.h
[E 01:21:05 47945] Archiving /workspaces/CYBR621/lab2/codeql-db-assistant2/src/usr/include/x86_64-linux-gnu/bits/pthreadtypes.h
[E 01:21:05 47945] Archiving /workspaces/CYBR621/lab2/codeql-db-assistant2/src/usr/include/x86_64-linux-gnu/bits/thread-shared-types.h
[E 01:21:05 47945] Archiving /workspaces/CYBR621/lab2/codeql-db-assistant2/src/usr/include/x86_64-linux-gnu/bits/pthreadtypes-arch.h
[E 01:21:05 47945] Already archived /workspaces/CYBR621/lab2/codeql-db-assistant2/src/usr/include/x86_64-linux-gnu/bits/wordsize.h
[E 01:21:05 47945] Archiving /workspaces/CYBR621/lab2/codeql-db-assistant2/src/usr/include/x86_64-linux-gnu/bits/atomic_wide_counter.h
[E 01:21:05 47945] Archiving /workspaces/CYBR621/lab2/codeql-db-assistant2/src/usr/include/x86_64-linux-gnu/bits/struct_mutex.h
[E 01:21:05 47945] Archiving /workspaces/CYBR621/lab2/codeql-db-assistant2/src/usr/include/x86_64-linux-gnu/bits/struct_rwlock.h
[E 01:21:05 47945] Archiving /workspaces/CYBR621/lab2/codeql-db-assistant2/src/usr/include/alloca.h
[E 01:21:05 47945] Already archived /workspaces/CYBR621/lab2/codeql-db-assistant2/src/usr/lib/gcc/x86_64-linux-gnu/13/include/stddef.h
[E 01:21:05 47945] Archiving /workspaces/CYBR621/lab2/codeql-db-assistant2/src/usr/include/x86_64-linux-gnu/bits/stdlib-float.h
[E 01:21:05 47945] Archiving /workspaces/CYBR621/lab2/codeql-db-assistant2/src/usr/include/string.h
[E 01:21:05 47945] Already archived /workspaces/CYBR621/lab2/codeql-db-assistant2/src/usr/include/x86_64-linux-gnu/bits/libc-header-start.h
[E 01:21:05 47945] Already archived /workspaces/CYBR621/lab2/codeql-db-assistant2/src/usr/lib/gcc/x86_64-linux-gnu/13/include/stddef.h
[E 01:21:05 47945] Archiving /workspaces/CYBR621/lab2/codeql-db-assistant2/src/usr/include/x86_64-linux-gnu/bits/types/locale_t.h
[E 01:21:05 47945] Archiving /workspaces/CYBR621/lab2/codeql-db-assistant2/src/usr/include/x86_64-linux-gnu/bits/types/__locale_t.h
[E 01:21:05 47945] Archiving /workspaces/CYBR621/lab2/codeql-db-assistant2/src/usr/include/strings.h
[E 01:21:05 47945] Already archived /workspaces/CYBR621/lab2/codeql-db-assistant2/src/usr/lib/gcc/x86_64-linux-gnu/13/include/stddef.h
[E 01:21:05 47945] Archiving /workspaces/CYBR621/lab2/codeql-db-assistant2/src/usr/include/ctype.h
[E 01:21:05 47945] Archiving /workspaces/CYBR621/lab2/codeql-db-assistant2/src/usr/include/time.h
[E 01:21:05 47945] Already archived /workspaces/CYBR621/lab2/codeql-db-assistant2/src/usr/lib/gcc/x86_64-linux-gnu/13/include/stddef.h
[E 01:21:05 47945] Archiving /workspaces/CYBR621/lab2/codeql-db-assistant2/src/usr/include/x86_64-linux-gnu/bits/time.h
[E 01:21:05 47945] Archiving /workspaces/CYBR621/lab2/codeql-db-assistant2/src/usr/include/x86_64-linux-gnu/bits/types/struct_tm.h
[E 01:21:05 47945] Archiving /workspaces/CYBR621/lab2/codeql-db-assistant2/src/usr/include/x86_64-linux-gnu/bits/types/struct_itimerspec.h
[E 01:21:05 47945] Creating trap tarball /workspaces/CYBR621/lab2/codeql-db-assistant2/trap/cpp/tarballs/workspaces/CYBR621/lab2/assistant2.c.29acab06_0.trap.tar.zst
[E 01:21:05 47945] Emitting trap files for assistant2.c
[E 01:21:05 47945] Opening existencedb in /workspaces/CYBR621/lab2/codeql-db-assistant2/working/existencedb/db
[E 01:21:05 47945] Wrote 73 files to /workspaces/CYBR621/lab2/codeql-db-assistant2/trap/cpp/tarballs/workspaces/CYBR621/lab2/assistant2.c.29acab06_0.trap.tar.zst
[E 01:21:05 47945] Finished compilation TRAP /workspaces/CYBR621/lab2/codeql-db-assistant2/trap/cpp/compilations/46/51718836_0.trap.zst
[E 01:21:05 47945] Marking C compilation as happened.
[E 01:21:05 47945] Setting tag c-compilation-happened
[E 01:21:05 47945] Starting from CODEQL_TRACER_DB_ID 000000000000BB3E_0000000000000001
[E 01:21:05 47945] Locking DB /workspaces/CYBR621/lab2/codeql-db-assistant2/working/tags.db
[E 01:21:05 47945] Locked DB /workspaces/CYBR621/lab2/codeql-db-assistant2/working/tags.db
[E 01:21:05 47945] Set tag for 000000000000BB3E_0000000000000001
[E 01:21:05 47945] Set tag for 000000000000BB3A_0000000000000003
[E 01:21:05 47945] Set tag for 000000000000BB3A_0000000000000002
[E 01:21:05 47945] Set tag for root
[E 01:21:05 47945] Unlocking DB
[E 01:21:05 47945] Unlocked DB
[E 01:21:05 47945] Time: 0.13 (CPU) 0.00 (elapsed)
[E 01:21:05 47945] Memory: 35.77 MiB (peak rss)
[E 01:21:05 47945] Extractor exited successfully
[T 01:21:05 47934] Extractor /home/codespace/.local/share/gh/extensions/gh-codeql/dist/release/v2.27.1/cpp/tools/linux64/extractor terminated with exit code 0.
[T 01:21:05 47996] Initializing tracer.
[T 01:21:05 47996] Initializing tags.
[T 01:21:05 47996] ID set to 000000000000BB7C_0000000000000001 (parent 000000000000BB3A_0000000000000003)
[T 01:21:05 47996] ==== Candidate to intercept: as (canonical: /usr/bin/as) ====
[T 01:21:05 47996] Lua: === Intercepted call to /usr/bin/as ===
[T 01:21:05 47996] Executing the following tracer actions:
[T 01:21:05 47996] Tracer actions:
[T 01:21:05 47996] pre_invocations(0)
[T 01:21:05 47996] post_invocations(1)
[T 01:21:05 47996] invocation: /home/codespace/.local/share/gh/extensions/gh-codeql/dist/release/v2.27.1/cpp/tools/linux64/extractor, args: [--assembler, --codeql-assembler-executable, /usr/bin/as, --64, -o, assistant2.o, /tmp/ccxXt2WR.s]
[T 01:21:05 47996] trace_languages(1): [cpp]
[T 01:21:05 47998] Attempting to switch stdout/stderr to 4...
[T 01:21:05 47998] Initializing tracer.
[T 01:21:05 47998] Initializing tags.
[T 01:21:05 47998] ID set to 000000000000BB7E_0000000000000001 (parent 000000000000BB7C_0000000000000001)
[E 01:21:05 47998] CodeQL C/C++ Extractor 2.27.1
[E 01:21:05 47998] Current directory: /workspaces/CYBR621/lab2
[E 01:21:05 47998] Command: /home/codespace/.local/share/gh/extensions/gh-codeql/dist/release/v2.27.1/cpp/tools/linux64/extractor --assembler --codeql-assembler-executable /usr/bin/as --64 -o assistant2.o /tmp/ccxXt2WR.s
[E 01:21:05 47998] Extractor exited after mimicking assembler
[T 01:21:05 47996] Extractor /home/codespace/.local/share/gh/extensions/gh-codeql/dist/release/v2.27.1/cpp/tools/linux64/extractor terminated with exit code 0.
[T 01:21:05 47999] Attempting to switch stdout/stderr to 4...
[T 01:21:05 47999] Initializing tracer.
[T 01:21:05 47999] Initializing tags.
[T 01:21:05 47999] ID set to 000000000000BB7F_0000000000000001 (parent 000000000000BB3A_0000000000000003)
[E 01:21:05 47999] CodeQL C/C++ Extractor 2.27.1
[E 01:21:05 47999] Current directory: /workspaces/CYBR621/lab2
[E 01:21:05 47999] Command: /home/codespace/.local/share/gh/extensions/gh-codeql/dist/release/v2.27.1/cpp/tools/linux64/extractor --mimic /usr/bin/gcc -Wall -Wextra -Wpedantic -c assistant2.c
[T 01:21:05 48000] Initializing tracer.
[T 01:21:05 48000] Initializing tags.
[T 01:21:05 48000] ID set to 000000000000BB80_0000000000000001 (parent 000000000000BB7F_0000000000000001)
[T 01:21:05 48000] ==== Candidate to intercept: /usr/bin/gcc (canonical: /usr/bin/x86_64-linux-gnu-gcc-13) ====
[T 01:21:05 48000] Lua: === Intercepted call to /usr/bin/x86_64-linux-gnu-gcc-13 ===
[T 01:21:05 48000] Executing the following tracer actions:
[T 01:21:05 48000] Tracer actions:
[T 01:21:05 48000] pre_invocations(0)
[T 01:21:05 48000] post_invocations(1)
[T 01:21:05 48000] invocation: /home/codespace/.local/share/gh/extensions/gh-codeql/dist/release/v2.27.1/cpp/tools/linux64/extractor, args: [--mimic, /usr/bin/x86_64-linux-gnu-gcc-13, --version]
[T 01:21:05 48000] trace_languages(1): [cpp]
[T 01:21:05 48002] Attempting to switch stdout/stderr to 7...
[T 01:21:05 48002] Initializing tracer.
[T 01:21:05 48002] Initializing tags.
[T 01:21:05 48002] ID set to 000000000000BB82_0000000000000001 (parent 000000000000BB80_0000000000000001)
[E 01:21:05 48002] Mimicry classification suppression detected; exiting.
[E 01:21:05 48002] Extractor exited successfully
[T 01:21:05 48000] Extractor /home/codespace/.local/share/gh/extensions/gh-codeql/dist/release/v2.27.1/cpp/tools/linux64/extractor terminated with exit code 0.
[T 01:21:05 48003] Initializing tracer.
[T 01:21:05 48003] Initializing tags.
[T 01:21:05 48003] ID set to 000000000000BB83_0000000000000001 (parent 000000000000BB7F_0000000000000001)
[T 01:21:05 48003] ==== Candidate to intercept: /usr/bin/gcc (canonical: /usr/bin/x86_64-linux-gnu-gcc-13) ====
[T 01:21:05 48003] Lua: === Intercepted call to /usr/bin/x86_64-linux-gnu-gcc-13 ===
[T 01:21:05 48003] Executing the following tracer actions:
[T 01:21:05 48003] Tracer actions:
[T 01:21:05 48003] pre_invocations(0)
[T 01:21:05 48003] post_invocations(1)
[T 01:21:05 48003] invocation: /home/codespace/.local/share/gh/extensions/gh-codeql/dist/release/v2.27.1/cpp/tools/linux64/extractor, args: [--mimic, /usr/bin/x86_64-linux-gnu-gcc-13, --help]
[T 01:21:05 48003] trace_languages(1): [cpp]
[T 01:21:05 48005] Attempting to switch stdout/stderr to 7...
[T 01:21:05 48005] Initializing tracer.
[T 01:21:05 48005] Initializing tags.
[T 01:21:05 48005] ID set to 000000000000BB85_0000000000000001 (parent 000000000000BB83_0000000000000001)
[E 01:21:05 48005] Mimicry classification suppression detected; exiting.
[E 01:21:05 48005] Extractor exited successfully
[T 01:21:05 48003] Extractor /home/codespace/.local/share/gh/extensions/gh-codeql/dist/release/v2.27.1/cpp/tools/linux64/extractor terminated with exit code 0.
[T 01:21:05 48006] Initializing tracer.
[T 01:21:05 48006] Initializing tags.
[T 01:21:05 48006] ID set to 000000000000BB86_0000000000000001 (parent 000000000000BB7F_0000000000000001)
[T 01:21:05 48006] ==== Candidate to intercept: /usr/bin/gcc (canonical: /usr/bin/x86_64-linux-gnu-gcc-13) ====
[T 01:21:05 48006] Lua: === Intercepted call to /usr/bin/x86_64-linux-gnu-gcc-13 ===
[T 01:21:05 48006] Executing the following tracer actions:
[T 01:21:05 48006] Tracer actions:
[T 01:21:05 48006] pre_invocations(0)
[T 01:21:05 48006] post_invocations(1)
[T 01:21:05 48006] invocation: /home/codespace/.local/share/gh/extensions/gh-codeql/dist/release/v2.27.1/cpp/tools/linux64/extractor, args: [--mimic, /usr/bin/x86_64-linux-gnu-gcc-13, -S, -nostdinc, -o, /workspaces/CYBR621/lab2/codeql-db-assistant2/working/tmp//semmle_2_47999_346089.o, -c, /workspaces/CYBR621/lab2/codeql-db-assistant2/working/tmp//semmle_1_47999_346037.c]
[T 01:21:05 48006] trace_languages(1): [cpp]
[T 01:21:05 48008] Initializing tracer.
[T 01:21:05 48008] Initializing tags.
[T 01:21:05 48008] ID set to 000000000000BB88_0000000000000001 (parent 000000000000BB86_0000000000000001)
[T 01:21:05 48008] ==== Candidate to intercept: /usr/libexec/gcc/x86_64-linux-gnu/13/cc1 (canonical: /usr/libexec/gcc/x86_64-linux-gnu/13/cc1) ====
[T 01:21:05 48008] Lua: === Intercepted call to /usr/libexec/gcc/x86_64-linux-gnu/13/cc1 ===
[T 01:21:05 48008] Executing the following tracer actions:
[T 01:21:05 48008] Tracer actions:
[T 01:21:05 48008] pre_invocations(0)
[T 01:21:05 48008] post_invocations(1)
[T 01:21:05 48008] invocation: /home/codespace/.local/share/gh/extensions/gh-codeql/dist/release/v2.27.1/cpp/tools/linux64/extractor, args: [--mimic, /usr/libexec/gcc/x86_64-linux-gnu/13/cc1, -quiet, -nostdinc, -imultiarch, x86_64-linux-gnu, /workspaces/CYBR621/lab2/codeql-db-assistant2/working/tmp//semmle_1_47999_346037.c, -quiet, -dumpdir, /workspaces/CYBR621/lab2/codeql-db-assistant2/working/tmp//, -dumpbase, semmle_2_47999_346089.c, -dumpbase-ext, .c, -mtune=generic, -march=x86-64, -o, /workspaces/CYBR621/lab2/codeql-db-assistant2/working/tmp//semmle_2_47999_346089.o, -fasynchronous-unwind-tables, -fstack-protector-strong, -Wformat, -Wformat-security, -fstack-clash-protection, -fcf-protection]
[T 01:21:05 48008] trace_languages(1): [cpp]
[T 01:21:05 48010] Attempting to switch stdout/stderr to 7...
[T 01:21:05 48010] Initializing tracer.
[T 01:21:05 48010] Initializing tags.
[T 01:21:05 48010] ID set to 000000000000BB8A_0000000000000001 (parent 000000000000BB88_0000000000000001)
[E 01:21:05 48010] Mimicry classification suppression detected; exiting.
[E 01:21:05 48010] Extractor exited successfully
[T 01:21:05 48008] Extractor /home/codespace/.local/share/gh/extensions/gh-codeql/dist/release/v2.27.1/cpp/tools/linux64/extractor terminated with exit code 0.
[T 01:21:05 48011] Attempting to switch stdout/stderr to 7...
[T 01:21:05 48011] Initializing tracer.
[T 01:21:05 48011] Initializing tags.
[T 01:21:05 48011] ID set to 000000000000BB8B_0000000000000001 (parent 000000000000BB86_0000000000000001)
[E 01:21:05 48011] Mimicry classification suppression detected; exiting.
[E 01:21:05 48011] Extractor exited successfully
[T 01:21:05 48006] Extractor /home/codespace/.local/share/gh/extensions/gh-codeql/dist/release/v2.27.1/cpp/tools/linux64/extractor terminated with exit code 0.
[T 01:21:05 48012] Initializing tracer.
[T 01:21:05 48012] Initializing tags.
[T 01:21:05 48012] ID set to 000000000000BB8C_0000000000000001 (parent 000000000000BB7F_0000000000000001)
[T 01:21:05 48012] ==== Candidate to intercept: /usr/bin/gcc (canonical: /usr/bin/x86_64-linux-gnu-gcc-13) ====
[T 01:21:05 48012] Lua: === Intercepted call to /usr/bin/x86_64-linux-gnu-gcc-13 ===
[T 01:21:05 48012] Executing the following tracer actions:
[T 01:21:05 48012] Tracer actions:
[T 01:21:05 48012] pre_invocations(0)
[T 01:21:05 48012] post_invocations(1)
[T 01:21:05 48012] invocation: /home/codespace/.local/share/gh/extensions/gh-codeql/dist/release/v2.27.1/cpp/tools/linux64/extractor, args: [--mimic, /usr/bin/x86_64-linux-gnu-gcc-13, -S, -nostdinc, -o, /workspaces/CYBR621/lab2/codeql-db-assistant2/working/tmp//semmle_4_47999_384427.o, -c, /workspaces/CYBR621/lab2/codeql-db-assistant2/working/tmp//semmle_3_47999_384378.c]
[T 01:21:05 48012] trace_languages(1): [cpp]
[T 01:21:05 48014] Initializing tracer.
[T 01:21:05 48014] Initializing tags.
[T 01:21:05 48014] ID set to 000000000000BB8E_0000000000000001 (parent 000000000000BB8C_0000000000000001)
[T 01:21:05 48014] ==== Candidate to intercept: /usr/libexec/gcc/x86_64-linux-gnu/13/cc1 (canonical: /usr/libexec/gcc/x86_64-linux-gnu/13/cc1) ====
[T 01:21:05 48014] Lua: === Intercepted call to /usr/libexec/gcc/x86_64-linux-gnu/13/cc1 ===
[T 01:21:05 48014] Executing the following tracer actions:
[T 01:21:05 48014] Tracer actions:
[T 01:21:05 48014] pre_invocations(0)
[T 01:21:05 48014] post_invocations(1)
[T 01:21:05 48014] invocation: /home/codespace/.local/share/gh/extensions/gh-codeql/dist/release/v2.27.1/cpp/tools/linux64/extractor, args: [--mimic, /usr/libexec/gcc/x86_64-linux-gnu/13/cc1, -quiet, -nostdinc, -imultiarch, x86_64-linux-gnu, /workspaces/CYBR621/lab2/codeql-db-assistant2/working/tmp//semmle_3_47999_384378.c, -quiet, -dumpdir, /workspaces/CYBR621/lab2/codeql-db-assistant2/working/tmp//, -dumpbase, semmle_4_47999_384427.c, -dumpbase-ext, .c, -mtune=generic, -march=x86-64, -o, /workspaces/CYBR621/lab2/codeql-db-assistant2/working/tmp//semmle_4_47999_384427.o, -fasynchronous-unwind-tables, -fstack-protector-strong, -Wformat, -Wformat-security, -fstack-clash-protection, -fcf-protection]
[T 01:21:05 48014] trace_languages(1): [cpp]
[T 01:21:05 48016] Attempting to switch stdout/stderr to 7...
[T 01:21:05 48016] Initializing tracer.
[T 01:21:05 48016] Initializing tags.
[T 01:21:05 48016] ID set to 000000000000BB90_0000000000000001 (parent 000000000000BB8E_0000000000000001)
[E 01:21:05 48016] Mimicry classification suppression detected; exiting.
[E 01:21:05 48016] Extractor exited successfully
[T 01:21:05 48014] Extractor /home/codespace/.local/share/gh/extensions/gh-codeql/dist/release/v2.27.1/cpp/tools/linux64/extractor terminated with exit code 0.
[T 01:21:05 48017] Attempting to switch stdout/stderr to 7...
[T 01:21:05 48017] Initializing tracer.
[T 01:21:05 48017] Initializing tags.
[T 01:21:05 48017] ID set to 000000000000BB91_0000000000000001 (parent 000000000000BB8C_0000000000000001)
[E 01:21:05 48017] Mimicry classification suppression detected; exiting.
[E 01:21:05 48017] Extractor exited successfully
[T 01:21:05 48012] Extractor /home/codespace/.local/share/gh/extensions/gh-codeql/dist/release/v2.27.1/cpp/tools/linux64/extractor terminated with exit code 0.
[E 01:21:05 47999] Checking whether C compilation already happened.
[E 01:21:05 47999] Checking for tag c-compilation-happened
[E 01:21:05 47999] Checking CODEQL_TRACER_DB_ID 000000000000BB3A_0000000000000003
[E 01:21:05 47999] Locking DB /workspaces/CYBR621/lab2/codeql-db-assistant2/working/tags.db
[E 01:21:05 47999] Locked DB /workspaces/CYBR621/lab2/codeql-db-assistant2/working/tags.db
[E 01:21:05 47999] Unlocking DB
[E 01:21:05 47999] Unlocked DB
[E 01:21:05 47999] Exiting as C compilation already happened.
[T 01:21:05 47930] Extractor /home/codespace/.local/share/gh/extensions/gh-codeql/dist/release/v2.27.1/cpp/tools/linux64/extractor terminated with exit code 0.
