[2026-09-23 01:21:03] This is codeql database create ./codeql-db-assistant2 --language=cpp --command=gcc -Wall -Wextra -Wpedantic -c assistant2.c --overwrite
[2026-09-23 01:21:03] Log file was started late.
[2026-09-23 01:21:03] [PROGRESS] database create> Initializing database at /workspaces/CYBR621/lab2/codeql-db-assistant2.
[2026-09-23 01:21:03] Running plumbing command: codeql database init --overwrite --language=cpp --extractor-options-verbosity=1 --qlconfig-file=/workspaces/CYBR621/lab2/qlconfig.yml --source-root=/workspaces/CYBR621/lab2 --allow-missing-source-root=false --allow-already-existing -- /workspaces/CYBR621/lab2/codeql-db-assistant2
[2026-09-23 01:21:03] Calling plumbing command: codeql resolve languages --extractor-options-verbosity=1 --format=betterjson
[2026-09-23 01:21:03] [DETAILS] resolve languages> Scanning for [codeql-extractor.yml] from /home/codespace/.local/share/gh/extensions/gh-codeql/dist/release/v2.27.1/.codeqlmanifest.json
[2026-09-23 01:21:03] [DETAILS] resolve languages> Parsing /home/codespace/.local/share/gh/extensions/gh-codeql/dist/release/v2.27.1/rust/codeql-extractor.yml.
[2026-09-23 01:21:03] [DETAILS] resolve languages> Parsing /home/codespace/.local/share/gh/extensions/gh-codeql/dist/release/v2.27.1/javascript/codeql-extractor.yml.
[2026-09-23 01:21:03] [DETAILS] resolve languages> Parsing /home/codespace/.local/share/gh/extensions/gh-codeql/dist/release/v2.27.1/csv/codeql-extractor.yml.
[2026-09-23 01:21:03] [DETAILS] resolve languages> Parsing /home/codespace/.local/share/gh/extensions/gh-codeql/dist/release/v2.27.1/actions/codeql-extractor.yml.
[2026-09-23 01:21:03] [DETAILS] resolve languages> Parsing /home/codespace/.local/share/gh/extensions/gh-codeql/dist/release/v2.27.1/yaml/codeql-extractor.yml.
[2026-09-23 01:21:03] [DETAILS] resolve languages> Parsing /home/codespace/.local/share/gh/extensions/gh-codeql/dist/release/v2.27.1/cpp/codeql-extractor.yml.
[2026-09-23 01:21:04] [DETAILS] resolve languages> Parsing /home/codespace/.local/share/gh/extensions/gh-codeql/dist/release/v2.27.1/swift/codeql-extractor.yml.
[2026-09-23 01:21:04] [DETAILS] resolve languages> Parsing /home/codespace/.local/share/gh/extensions/gh-codeql/dist/release/v2.27.1/python/codeql-extractor.yml.
[2026-09-23 01:21:04] [DETAILS] resolve languages> Parsing /home/codespace/.local/share/gh/extensions/gh-codeql/dist/release/v2.27.1/go/codeql-extractor.yml.
[2026-09-23 01:21:04] [DETAILS] resolve languages> Parsing /home/codespace/.local/share/gh/extensions/gh-codeql/dist/release/v2.27.1/properties/codeql-extractor.yml.
[2026-09-23 01:21:04] [DETAILS] resolve languages> Parsing /home/codespace/.local/share/gh/extensions/gh-codeql/dist/release/v2.27.1/html/codeql-extractor.yml.
[2026-09-23 01:21:04] [DETAILS] resolve languages> Parsing /home/codespace/.local/share/gh/extensions/gh-codeql/dist/release/v2.27.1/xml/codeql-extractor.yml.
[2026-09-23 01:21:04] [DETAILS] resolve languages> Parsing /home/codespace/.local/share/gh/extensions/gh-codeql/dist/release/v2.27.1/java/codeql-extractor.yml.
[2026-09-23 01:21:04] [DETAILS] resolve languages> Parsing /home/codespace/.local/share/gh/extensions/gh-codeql/dist/release/v2.27.1/ruby/codeql-extractor.yml.
[2026-09-23 01:21:04] [DETAILS] resolve languages> Parsing /home/codespace/.local/share/gh/extensions/gh-codeql/dist/release/v2.27.1/csharp/codeql-extractor.yml.
[2026-09-23 01:21:04] Plumbing command codeql resolve languages completed:
                      {
                        "aliases" : {
                          "c" : "cpp",
                          "c++" : "cpp",
                          "c-c++" : "cpp",
                          "c-cpp" : "cpp",
                          "c#" : "csharp",
                          "java-kotlin" : "java",
                          "kotlin" : "java",
                          "javascript-typescript" : "javascript",
                          "typescript" : "javascript"
                        },
                        "extractors" : {
                          "rust" : [
                            {
                              "extractor_root" : "/home/codespace/.local/share/gh/extensions/gh-codeql/dist/release/v2.27.1/rust",
                              "extractor_options" : {
                                "trap" : {
                                  "title" : "Options pertaining to TRAP.",
                                  "description" : "Options pertaining to TRAP.",
                                  "type" : "object",
                                  "properties" : {
                                    "compression" : {
                                      "title" : "Controls compression for the TRAP files written by the extractor.",
                                      "description" : "This option is only intended for use in debugging the extractor. Accepted values are 'gzip' (to write gzip-compressed TRAP) 'zstd' (the default, to write Zstandard-compressed TRAP) and 'none' (to write uncompressed TRAP).\n",
                                      "type" : "string",
                                      "pattern" : "^(none|gzip|zstd)$"
                                    }
                                  }
                                },
                                "cargo_target_dir" : {
                                  "title" : "Directory to use for cargo output files.",
                                  "description" : "This value is an optional path to use as `CARGO_TARGET_DIR` for the internal cargo commands the extractor uses. Pointing it to a persistent directory may reduce execution time of consecutive extractor runs. By default, a new scratch directory is used for each extraction, while qltests use the test's `target` directory so artifacts can be reused across runs.\n",
                                  "type" : "string"
                                },
                                "cargo_target" : {
                                  "title" : "Target architecture",
                                  "description" : "Target architecture to use for analysis, analogous to `cargo --target`. By default the host architecture is used.\n",
                                  "type" : "string"
                                },
                                "cargo_features" : {
                                  "title" : "Cargo features to turn on",
                                  "description" : "Comma-separated list of features to turn on. By default all features are enabled. If any features are specified, then only those features are enabled. The `default` feature must be explicitly specified if only default features are desired. Can be repeated.\n",
                                  "type" : "array"
                                },
                                "cargo_cfg_overrides" : {
                                  "title" : "Cargo cfg overrides",
                                  "description" : "Comma-separated list of cfg settings to enable, or disable if prefixed with `-`. Can be repeated.\n",
                                  "type" : "array"
                                },
                                "logging" : {
                                  "title" : "Options pertaining to logging.",
                                  "description" : "Options pertaining to logging.",
                                  "type" : "object",
                                  "properties" : {
                                    "verbosity" : {
                                      "title" : "Extractor logging verbosity level.",
                                      "description" : "Controls the level of verbosity of the extractor. The supported levels are (in order of increasing verbosity):\n  - off\n  - errors\n  - warnings\n  - info or progress\n  - debug or progress+\n  - trace or progress++\n  - progress+++\n",
                                      "type" : "string",
                                      "pattern" : "^(off|errors|warnings|(info|progress)|(debug|progress\\+)|(trace|progress\\+\\+)|progress\\+\\+\\+)$"
                                    },
                                    "flamegraph" : {
                                      "title" : "[Experimental] File path for write flame graph log",
                                      "description" : "Collect flame graph data using the `tracing-flame` crate. To render a flame graph or chart, run the `inferno-flamegraph` command. See also: https://crates.io/crates/tracing-flame\n",
                                      "type" : "string"
                                    }
                                  }
                                },
                                "extract_dependencies_as_source" : {
                                  "title" : "Extract dependencies as source code",
                                  "description" : "Extract the full source code of dependencies instead of only extracting signatures.\n",
                                  "type" : "string",
                                  "pattern" : "^(false|true)$"
                                }
                              }
                            }
                          ],
                          "javascript" : [
                            {
                              "extractor_root" : "/home/codespace/.local/share/gh/extensions/gh-codeql/dist/release/v2.27.1/javascript",
                              "extractor_options" : {
                                "skip_types" : {
                                  "title" : "Skip type extraction for TypeScript",
                                  "description" : "Whether to skip the extraction of types in a TypeScript application",
                                  "type" : "string",
                                  "pattern" : "^(false|true)$"
                                }
                              }
                            }
                          ],
                          "csv" : [
                            {
                              "extractor_root" : "/home/codespace/.local/share/gh/extensions/gh-codeql/dist/release/v2.27.1/csv"
                            }
                          ],
                          "actions" : [
                            {
                              "extractor_root" : "/home/codespace/.local/share/gh/extensions/gh-codeql/dist/release/v2.27.1/actions",
                              "extractor_options" : { }
                            }
                          ],
                          "yaml" : [
                            {
                              "extractor_root" : "/home/codespace/.local/share/gh/extensions/gh-codeql/dist/release/v2.27.1/yaml"
                            }
                          ],
                          "cpp" : [
                            {
                              "extractor_root" : "/home/codespace/.local/share/gh/extensions/gh-codeql/dist/release/v2.27.1/cpp",
                              "extractor_options" : {
                                "scale_timeouts" : {
                                  "title" : "Value to scale compiler introspection timeouts with",
                                  "description" : "The extractor attempts to determine what compiler the source code being extracted is compiled with. To this end the extractor makes additional calls to the compiler, some of which are expected to return within a certain fixed time (either 10s or 15s). On some systems that are under high load this time might be too short, and can be scaled up using this option.\n",
                                  "type" : "string",
                                  "pattern" : "[0-9]+"
                                },
                                "log_verbosity" : {
                                  "title" : "Verbosity of the extractor logging",
                                  "description" : "Set the verbosity of the extractor logging to 'quiet' (0), 'normal' (1), 'chatty' (2), or 'noisy' (3). The default is 'normal'.\n",
                                  "type" : "string",
                                  "pattern" : "[0-3]"
                                }
                              }
                            }
                          ],
                          "swift" : [
                            {
                              "extractor_root" : "/home/codespace/.local/share/gh/extensions/gh-codeql/dist/release/v2.27.1/swift"
                            }
                          ],
                          "python" : [
                            {
                              "extractor_root" : "/home/codespace/.local/share/gh/extensions/gh-codeql/dist/release/v2.27.1/python",
                              "extractor_options" : {
                                "logging" : {
                                  "title" : "Options pertaining to logging.",
                                  "description" : "Options pertaining to logging.",
                                  "type" : "object",
                                  "properties" : {
                                    "verbosity" : {
                                      "title" : "Python extractor logging verbosity level.",
                                      "description" : "Controls the level of verbosity of the CodeQL Python extractor.\nThe supported levels are (in order of increasing verbosity):\n\n  - off\n  - errors\n  - warnings\n  - info or progress\n  - debug or progress+\n  - trace or progress++\n  - progress+++\n",
                                      "type" : "string",
                                      "pattern" : "^(off|errors|warnings|(info|progress)|(debug|progress\\+)|(trace|progress\\+\\+)|progress\\+\\+\\+)$"
                                    }
                                  }
                                },
                                "python_executable_name" : {
                                  "title" : "Controls the name of the Python executable used by the Python extractor.",
                                  "description" : "The Python extractor uses platform-dependent heuristics to determine the name of the Python executable to use. Specifying a value for this option overrides the name of the Python executable used by the extractor. Accepted values are py, python and python3. Use this setting with caution, the Python extractor requires Python 3 to run.\n",
                                  "type" : "string",
                                  "pattern" : "^(py|python|python3)$"
                                }
                              }
                            }
                          ],
                          "go" : [
                            {
                              "extractor_root" : "/home/codespace/.local/share/gh/extensions/gh-codeql/dist/release/v2.27.1/go",
                              "extractor_options" : {
                                "extract_tests" : {
                                  "title" : "Whether to include Go test files in the CodeQL database.",
                                  "description" : "A value indicating whether Go test files should be included in the CodeQL database. The default is 'false'.\n",
                                  "type" : "string",
                                  "pattern" : "^(false|true)$"
                                },
                                "extract_vendor_dirs" : {
                                  "title" : "Whether to include Go vendor directories in the CodeQL database.",
                                  "description" : "A value indicating whether Go vendor directories should be included in the CodeQL database. The default is 'false'.\n",
                                  "type" : "string",
                                  "pattern" : "^(false|true)$"
                                }
                              }
                            }
                          ],
                          "properties" : [
                            {
                              "extractor_root" : "/home/codespace/.local/share/gh/extensions/gh-codeql/dist/release/v2.27.1/properties"
                            }
                          ],
                          "html" : [
                            {
                              "extractor_root" : "/home/codespace/.local/share/gh/extensions/gh-codeql/dist/release/v2.27.1/html"
                            }
                          ],
                          "xml" : [
                            {
                              "extractor_root" : "/home/codespace/.local/share/gh/extensions/gh-codeql/dist/release/v2.27.1/xml"
                            }
                          ],
                          "java" : [
                            {
                              "extractor_root" : "/home/codespace/.local/share/gh/extensions/gh-codeql/dist/release/v2.27.1/java",
                              "extractor_options" : {
                                "exclude" : {
                                  "title" : "A glob excluding files from analysis.",
                                  "description" : "A glob indicating what files to exclude from the analysis. This accepts glob patterns that are supported by Java's 'getPathMatcher' implementation.\n",
                                  "type" : "string"
                                },
                                "add_prefer_source" : {
                                  "title" : "Whether to always prefer source files over class files.",
                                  "description" : "A value indicating whether source files should be preferred over class files. If set to 'true', the extraction adds '-Xprefer:source' to the javac command line. If set to 'false', the extraction uses the default javac behavior ('-Xprefer:newer'). The default is 'true'.\n",
                                  "type" : "string",
                                  "pattern" : "^(false|true)$"
                                },
                                "buildless" : {
                                  "title" : "Whether to use buildless (standalone) extraction (experimental).",
                                  "description" : "A value indicating, which type of extraction the autobuilder should perform. If 'true', then the standalone extractor will be used, otherwise tracing extraction will be performed. The default is 'false'. Note that buildless extraction will generally yield less accurate analysis results, and should only be used in cases where it is not possible to build the code (for example if it uses inaccessible dependencies).\n",
                                  "type" : "string",
                                  "pattern" : "^(false|true)$"
                                },
                                "buildless_dependency_dir" : {
                                  "title" : "The path where buildless (standalone) extraction should keep dependencies.",
                                  "description" : "If set, the buildless (standalone) extractor will store dependencies in this directory.\n",
                                  "type" : "string"
                                },
                                "minimize_dependency_jars" : {
                                  "title" : "Whether to rewrite and minimize downloaded JAR dependencies (experimental).",
                                  "description" : "If 'true', JAR dependencies downloaded during extraction will be rewritten to remove unneeded data, such as method bodies. The default is 'false'.\n",
                                  "type" : "string",
                                  "pattern" : "^(false|true)$"
                                }
                              }
                            }
                          ],
                          "ruby" : [
                            {
                              "extractor_root" : "/home/codespace/.local/share/gh/extensions/gh-codeql/dist/release/v2.27.1/ruby",
                              "extractor_options" : {
                                "trap" : {
                                  "title" : "Options pertaining to TRAP.",
                                  "description" : "Options pertaining to TRAP.",
                                  "type" : "object",
                                  "properties" : {
                                    "compression" : {
                                      "title" : "Controls compression for the TRAP files written by the extractor.",
                                      "description" : "This option is only intended for use in debugging the extractor. Accepted values are 'gzip' (the default, to write gzip-compressed TRAP) 'zstd' (to write Zstandard-compressed TRAP) and 'none' (to write uncompressed TRAP).\n",
                                      "type" : "string",
                                      "pattern" : "^(none|gzip|zstd)$"
                                    }
                                  }
                                }
                              }
                            }
                          ],
                          "csharp" : [
                            {
                              "extractor_root" : "/home/codespace/.local/share/gh/extensions/gh-codeql/dist/release/v2.27.1/csharp",
                              "extractor_options" : {
                                "trap" : {
                                  "title" : "Options pertaining to TRAP.",
                                  "description" : "Options pertaining to TRAP.",
                                  "type" : "object",
                                  "properties" : {
                                    "compression" : {
                                      "title" : "Controls compression for the TRAP files written by the extractor.",
                                      "description" : "This option is only intended for use in debugging the extractor. Accepted values are 'brotli' (the default, to write brotli-compressed TRAP), 'gzip', and 'none' (to write uncompressed TRAP).\n",
                                      "type" : "string",
                                      "pattern" : "^(none|gzip|brotli)$"
                                    }
                                  }
                                },
                                "buildless" : {
                                  "title" : "DEPRECATED - Whether to use buildless (standalone) extraction.",
                                  "description" : "DEPRECATED: Use `--build-mode none` instead.\nA value indicating, which type of extraction the autobuilder should perform. If 'true', then the standalone extractor will be used, otherwise tracing extraction will be performed. The default is 'false'. Note that buildless extraction will generally yield less accurate analysis results, and should only be used in cases where it is not possible to build the code (for example if it uses inaccessible dependencies).\n",
                                  "type" : "string",
                                  "pattern" : "^(false|true)$"
                                },
                                "logging" : {
                                  "title" : "Options pertaining to logging.",
                                  "description" : "Options pertaining to logging.",
                                  "type" : "object",
                                  "properties" : {
                                    "verbosity" : {
                                      "title" : "Extractor logging verbosity level.",
                                      "description" : "Controls the level of verbosity of the extractor. The supported levels are (in order of increasing verbosity):\n  - off\n  - errors\n  - warnings\n  - info or progress\n  - debug or progress+\n  - trace or progress++\n  - progress+++\n",
                                      "type" : "string",
                                      "pattern" : "^(off|errors|warnings|(info|progress)|(debug|progress\\+)|(trace|progress\\+\\+)|progress\\+\\+\\+)$"
                                    }
                                  }
                                },
                                "binlog" : {
                                  "title" : "Binlog",
                                  "description" : "[EXPERIMENTAL] The value is a path to the MsBuild binary log file that should be extracted. This option only works when `--build-mode none` is also specified.\n",
                                  "type" : "array"
                                },
                                "buildless_dependency_dir" : {
                                  "title" : "The path where buildless (standalone) extraction should keep dependencies.",
                                  "description" : "If set, the buildless (standalone) extractor will store dependencies in this directory.\n",
                                  "type" : "string"
                                }
                              }
                            }
                          ]
                        }
                      }
[2026-09-23 01:21:04] [PROGRESS] database init> Calculating baseline information in /workspaces/CYBR621/lab2
[2026-09-23 01:21:04] [SPAMMY] database init> Ignoring the following directories when processing baseline information: .git, .hg, .svn.
[2026-09-23 01:21:04] [DETAILS] database init> Running command in /workspaces/CYBR621/lab2: /home/codespace/.local/share/gh/extensions/gh-codeql/dist/release/v2.27.1/tools/linux64/scc --no-config --by-file --exclude-dir .git,.hg,.svn --format json --no-large --no-min .
[2026-09-23 01:21:04] Using configure-baseline script /home/codespace/.local/share/gh/extensions/gh-codeql/dist/release/v2.27.1/actions/tools/configure-baseline.sh.
[2026-09-23 01:21:04] [PROGRESS] database init> Running command in /workspaces/CYBR621/lab2: [/home/codespace/.local/share/gh/extensions/gh-codeql/dist/release/v2.27.1/actions/tools/configure-baseline.sh]
[2026-09-23 01:21:04] [SPAMMY] database init> Ignored an additional 2 files when processing baseline information for YAML due to paths and paths-ignore configuration.
[2026-09-23 01:21:04] [SPAMMY] database init> Found 67 baseline files for cpp.
[2026-09-23 01:21:04] [SPAMMY] database init> Found 0 baseline files for actions.
[2026-09-23 01:21:04] [PROGRESS] database init> Calculated baseline information for languages: actions, cpp (148ms).
[2026-09-23 01:21:04] [PROGRESS] database init> Resolving extractor cpp.
[2026-09-23 01:21:04] [DETAILS] database init> Found candidate extractor root for cpp: /home/codespace/.local/share/gh/extensions/gh-codeql/dist/release/v2.27.1/cpp.
[2026-09-23 01:21:04] [PROGRESS] database init> Successfully loaded extractor C/C++ (cpp) from /home/codespace/.local/share/gh/extensions/gh-codeql/dist/release/v2.27.1/cpp.
[2026-09-23 01:21:04] [PROGRESS] database init> Created skeleton CodeQL database at /workspaces/CYBR621/lab2/codeql-db-assistant2. This in-progress database is ready to be populated by an extractor.
[2026-09-23 01:21:04] Plumbing command codeql database init completed.
[2026-09-23 01:21:04] [PROGRESS] database create> Running build command: [gcc, -Wall, -Wextra, -Wpedantic, -c, assistant2.c]
[2026-09-23 01:21:04] Running plumbing command: codeql database trace-command --working-dir=/workspaces/CYBR621/lab2 --index-traceless-dbs --no-db-cluster -- /workspaces/CYBR621/lab2/codeql-db-assistant2 gcc -Wall -Wextra -Wpedantic -c assistant2.c
[2026-09-23 01:21:04] [PROGRESS] database trace-command> Running command in /workspaces/CYBR621/lab2: [gcc, -Wall, -Wextra, -Wpedantic, -c, assistant2.c]
[2026-09-23 01:21:05] Plumbing command codeql database trace-command completed.
[2026-09-23 01:21:05] [PROGRESS] database create> Finalizing database at /workspaces/CYBR621/lab2/codeql-db-assistant2.
[2026-09-23 01:21:05] Running plumbing command: codeql database finalize --no-db-cluster -- /workspaces/CYBR621/lab2/codeql-db-assistant2
[2026-09-23 01:21:05] Using pre-finalize script /home/codespace/.local/share/gh/extensions/gh-codeql/dist/release/v2.27.1/cpp/tools/pre-finalize.sh.
[2026-09-23 01:21:05] [PROGRESS] database finalize> Running pre-finalize script /home/codespace/.local/share/gh/extensions/gh-codeql/dist/release/v2.27.1/cpp/tools/pre-finalize.sh in /workspaces/CYBR621/lab2.
[2026-09-23 01:21:05] Running plumbing command: codeql database trace-command --working-dir=/workspaces/CYBR621/lab2 --no-tracing -- /workspaces/CYBR621/lab2/codeql-db-assistant2 /home/codespace/.local/share/gh/extensions/gh-codeql/dist/release/v2.27.1/cpp/tools/pre-finalize.sh
[2026-09-23 01:21:05] [PROGRESS] database trace-command> Running command in /workspaces/CYBR621/lab2: [/home/codespace/.local/share/gh/extensions/gh-codeql/dist/release/v2.27.1/cpp/tools/pre-finalize.sh]
[2026-09-23 01:21:05] Plumbing command codeql database trace-command completed.
[2026-09-23 01:21:05] [PROGRESS] database finalize> Pre-finalize script /home/codespace/.local/share/gh/extensions/gh-codeql/dist/release/v2.27.1/cpp/tools/pre-finalize.sh completed in 40 ms.
[2026-09-23 01:21:05] [PROGRESS] database finalize> Running TRAP import for CodeQL database at /workspaces/CYBR621/lab2/codeql-db-assistant2...
[2026-09-23 01:21:05] Running plumbing command: codeql dataset import --dbscheme=/home/codespace/.local/share/gh/extensions/gh-codeql/dist/release/v2.27.1/cpp/semmlecode.cpp.dbscheme -- /workspaces/CYBR621/lab2/codeql-db-assistant2/db-cpp /workspaces/CYBR621/lab2/codeql-db-assistant2/trap/cpp
[2026-09-23 01:21:05] Clearing disk cache since the version file /workspaces/CYBR621/lab2/codeql-db-assistant2/db-cpp/default/cache/version does not exist
[2026-09-23 01:21:05] Tuple pool not found. Clearing relations with cached strings
[2026-09-23 01:21:05] Trimming disk cache at /workspaces/CYBR621/lab2/codeql-db-assistant2/db-cpp/default/cache in mode clear.
[2026-09-23 01:21:05] Sequence stamp origin is -5865351367946325332
[2026-09-23 01:21:05] Pausing evaluation to hard-clear memory at sequence stamp o+0
[2026-09-23 01:21:05] Unpausing evaluation
[2026-09-23 01:21:05] Pausing evaluation to quickly trim disk at sequence stamp o+1
[2026-09-23 01:21:05] Unpausing evaluation
[2026-09-23 01:21:05] Pausing evaluation to zealously trim disk at sequence stamp o+2
[2026-09-23 01:21:05] Unpausing evaluation
[2026-09-23 01:21:05] Trimming completed (5ms): Purged everything.
[2026-09-23 01:21:05] Scanning for files in /workspaces/CYBR621/lab2/codeql-db-assistant2/trap/cpp
[2026-09-23 01:21:05] Found 3 files on disk containing 75 TRAP files (487.36 KiB)
[2026-09-23 01:21:05] [PROGRESS] dataset import> Importing TRAP files
[2026-09-23 01:21:06] Importing cpp_predefined.acb19af8.trap (assistant2.c.29acab06_0.trap.tar.zst) (1 of 75)
[2026-09-23 01:21:06] Importing wordsize.h.92468457.trap (assistant2.c.29acab06_0.trap.tar.zst) (2 of 75)
[2026-09-23 01:21:06] Importing timesize.h.00d5e597.trap (assistant2.c.29acab06_0.trap.tar.zst) (3 of 75)
[2026-09-23 01:21:06] Importing features-time64.h.736f5777.trap (assistant2.c.29acab06_0.trap.tar.zst) (4 of 75)
[2026-09-23 01:21:06] Importing stdc-predef.h.c6e479d9.trap (assistant2.c.29acab06_0.trap.tar.zst) (5 of 75)
[2026-09-23 01:21:06] Importing long-double.h.50566853.trap (assistant2.c.29acab06_0.trap.tar.zst) (6 of 75)
[2026-09-23 01:21:06] Importing cdefs.h.9fdbc117.trap (assistant2.c.29acab06_0.trap.tar.zst) (7 of 75)
[2026-09-23 01:21:06] Importing stubs-64.h.c6e479d9.trap (assistant2.c.29acab06_0.trap.tar.zst) (8 of 75)
[2026-09-23 01:21:06] Importing stubs.h.5a6a849c.trap (assistant2.c.29acab06_0.trap.tar.zst) (9 of 75)
[2026-09-23 01:21:06] Importing features.h.14646c38.trap (assistant2.c.29acab06_0.trap.tar.zst) (10 of 75)
[2026-09-23 01:21:06] Importing libc-header-start.h.47a86c38.trap (assistant2.c.29acab06_0.trap.tar.zst) (11 of 75)
[2026-09-23 01:21:06] Importing stddef.h.ea79afb5.trap (assistant2.c.29acab06_0.trap.tar.zst) (12 of 75)
[2026-09-23 01:21:06] Importing stdarg.h.49828e20.trap (assistant2.c.29acab06_0.trap.tar.zst) (13 of 75)
[2026-09-23 01:21:06] Importing typesizes.h.f8f8da78.trap (assistant2.c.29acab06_0.trap.tar.zst) (14 of 75)
[2026-09-23 01:21:06] Importing time64.h.18e096c5.trap (assistant2.c.29acab06_0.trap.tar.zst) (15 of 75)
[2026-09-23 01:21:06] Importing types.h.68520355.trap (assistant2.c.29acab06_0.trap.tar.zst) (16 of 75)
[2026-09-23 01:21:06] Importing __mbstate_t.h.2c5b3ab1.trap (assistant2.c.29acab06_0.trap.tar.zst) (17 of 75)
[2026-09-23 01:21:06] Importing __fpos_t.h.ec74182e.trap (assistant2.c.29acab06_0.trap.tar.zst) (18 of 75)
[2026-09-23 01:21:06] Importing __fpos64_t.h.f21a2833.trap (assistant2.c.29acab06_0.trap.tar.zst) (19 of 75)
[2026-09-23 01:21:06] Importing __FILE.h.b62565c1.trap (assistant2.c.29acab06_0.trap.tar.zst) (20 of 75)
[2026-09-23 01:21:06] Importing FILE.h.07e87bfb.trap (assistant2.c.29acab06_0.trap.tar.zst) (21 of 75)
[2026-09-23 01:21:06] Importing struct_FILE.h.842638a9.trap (assistant2.c.29acab06_0.trap.tar.zst) (22 of 75)
[2026-09-23 01:21:06] Importing cookie_io_functions_t.h.c2939943.trap (assistant2.c.29acab06_0.trap.tar.zst) (23 of 75)
[2026-09-23 01:21:06] Importing stdio_lim.h.05b7f7f1.trap (assistant2.c.29acab06_0.trap.tar.zst) (24 of 75)
[2026-09-23 01:21:06] Importing floatn-common.h.9fc579a0.trap (assistant2.c.29acab06_0.trap.tar.zst) (25 of 75)
[2026-09-23 01:21:06] Importing floatn.h.f449be45.trap (assistant2.c.29acab06_0.trap.tar.zst) (26 of 75)
[2026-09-23 01:21:06] Importing stdio.h.e62e6e10.trap (assistant2.c.29acab06_0.trap.tar.zst) (27 of 75)
[2026-09-23 01:21:06] Importing libc-header-start.h.ce7c3e95.trap (assistant2.c.29acab06_0.trap.tar.zst) (28 of 75)
[2026-09-23 01:21:06] Importing stddef.h.96662d69.trap (assistant2.c.29acab06_0.trap.tar.zst) (29 of 75)
[2026-09-23 01:21:06] Importing waitflags.h.040c1de5.trap (assistant2.c.29acab06_0.trap.tar.zst) (30 of 75)
[2026-09-23 01:21:07] Importing waitstatus.h.9b882f51.trap (assistant2.c.29acab06_0.trap.tar.zst) (31 of 75)
[2026-09-23 01:21:07] Importing clock_t.h.61e99454.trap (assistant2.c.29acab06_0.trap.tar.zst) (32 of 75)
[2026-09-23 01:21:07] Importing clockid_t.h.6ad7214c.trap (assistant2.c.29acab06_0.trap.tar.zst) (33 of 75)
[2026-09-23 01:21:07] Importing time_t.h.6396c2b8.trap (assistant2.c.29acab06_0.trap.tar.zst) (34 of 75)
[2026-09-23 01:21:07] Importing timer_t.h.47964e39.trap (assistant2.c.29acab06_0.trap.tar.zst) (35 of 75)
[2026-09-23 01:21:07] Importing stddef.h.3eaa8a8d.trap (assistant2.c.29acab06_0.trap.tar.zst) (36 of 75)
[2026-09-23 01:21:07] Importing stdint-intn.h.93b3e97e.trap (assistant2.c.29acab06_0.trap.tar.zst) (37 of 75)
[2026-09-23 01:21:07] Importing endianness.h.1999a564.trap (assistant2.c.29acab06_0.trap.tar.zst) (38 of 75)
[2026-09-23 01:21:07] Importing endian.h.a1618c87.trap (assistant2.c.29acab06_0.trap.tar.zst) (39 of 75)
[2026-09-23 01:21:07] Importing byteswap.h.787ac93b.trap (assistant2.c.29acab06_0.trap.tar.zst) (40 of 75)
[2026-09-23 01:21:07] Importing uintn-identity.h.ad5dc00a.trap (assistant2.c.29acab06_0.trap.tar.zst) (41 of 75)
[2026-09-23 01:21:07] Importing endian.h.513c49fd.trap (assistant2.c.29acab06_0.trap.tar.zst) (42 of 75)
[2026-09-23 01:21:07] Importing select.h.99c3570c.trap (assistant2.c.29acab06_0.trap.tar.zst) (43 of 75)
[2026-09-23 01:21:07] Importing __sigset_t.h.802c2c21.trap (assistant2.c.29acab06_0.trap.tar.zst) (44 of 75)
[2026-09-23 01:21:07] Importing sigset_t.h.f939c17b.trap (assistant2.c.29acab06_0.trap.tar.zst) (45 of 75)
[2026-09-23 01:21:07] Importing struct_timeval.h.7bb01e12.trap (assistant2.c.29acab06_0.trap.tar.zst) (46 of 75)
[2026-09-23 01:21:07] Importing struct_timespec.h.79e126db.trap (assistant2.c.29acab06_0.trap.tar.zst) (47 of 75)
[2026-09-23 01:21:07] Importing select.h.32928547.trap (assistant2.c.29acab06_0.trap.tar.zst) (48 of 75)
[2026-09-23 01:21:07] Importing pthreadtypes-arch.h.cfce5b81.trap (assistant2.c.29acab06_0.trap.tar.zst) (49 of 75)
[2026-09-23 01:21:07] Importing atomic_wide_counter.h.c54fc7c0.trap (assistant2.c.29acab06_0.trap.tar.zst) (50 of 75)
[2026-09-23 01:21:07] Importing struct_mutex.h.dba14d39.trap (assistant2.c.29acab06_0.trap.tar.zst) (51 of 75)
[2026-09-23 01:21:07] Importing struct_rwlock.h.cac24554.trap (assistant2.c.29acab06_0.trap.tar.zst) (52 of 75)
[2026-09-23 01:21:07] Importing thread-shared-types.h.f896aff7.trap (assistant2.c.29acab06_0.trap.tar.zst) (53 of 75)
[2026-09-23 01:21:07] Importing pthreadtypes.h.c31db356.trap (assistant2.c.29acab06_0.trap.tar.zst) (54 of 75)
[2026-09-23 01:21:07] Importing types.h.f012701d.trap (assistant2.c.29acab06_0.trap.tar.zst) (55 of 75)
[2026-09-23 01:21:07] Importing stddef.h.8b3d2bdc.trap (assistant2.c.29acab06_0.trap.tar.zst) (56 of 75)
[2026-09-23 01:21:07] Importing alloca.h.ad0bb863.trap (assistant2.c.29acab06_0.trap.tar.zst) (57 of 75)
[2026-09-23 01:21:07] Importing stdlib-float.h.65c690d8.trap (assistant2.c.29acab06_0.trap.tar.zst) (58 of 75)
[2026-09-23 01:21:07] Importing stdlib.h.48b9a0a4.trap (assistant2.c.29acab06_0.trap.tar.zst) (59 of 75)
[2026-09-23 01:21:07] Importing libc-header-start.h.c655c516.trap (assistant2.c.29acab06_0.trap.tar.zst) (60 of 75)
[2026-09-23 01:21:07] Importing stddef.h.d0dfc925.trap (assistant2.c.29acab06_0.trap.tar.zst) (61 of 75)
[2026-09-23 01:21:07] Importing __locale_t.h.458cb9a8.trap (assistant2.c.29acab06_0.trap.tar.zst) (62 of 75)
[2026-09-23 01:21:07] Importing locale_t.h.f5a98c5d.trap (assistant2.c.29acab06_0.trap.tar.zst) (63 of 75)
[2026-09-23 01:21:07] Importing stddef.h.2d9588f9.trap (assistant2.c.29acab06_0.trap.tar.zst) (64 of 75)
[2026-09-23 01:21:07] Importing strings.h.81755526.trap (assistant2.c.29acab06_0.trap.tar.zst) (65 of 75)
[2026-09-23 01:21:07] Importing string.h.8630e2fc.trap (assistant2.c.29acab06_0.trap.tar.zst) (66 of 75)
[2026-09-23 01:21:07] Importing ctype.h.df7b7ad1.trap (assistant2.c.29acab06_0.trap.tar.zst) (67 of 75)
[2026-09-23 01:21:07] Importing stddef.h.b66de4b9.trap (assistant2.c.29acab06_0.trap.tar.zst) (68 of 75)
[2026-09-23 01:21:07] Importing time.h.2438424a.trap (assistant2.c.29acab06_0.trap.tar.zst) (69 of 75)
[2026-09-23 01:21:07] Importing struct_tm.h.6d703c2e.trap (assistant2.c.29acab06_0.trap.tar.zst) (70 of 75)
[2026-09-23 01:21:07] Importing struct_itimerspec.h.f9ae6d74.trap (assistant2.c.29acab06_0.trap.tar.zst) (71 of 75)
[2026-09-23 01:21:07] Importing time.h.25d923a7.trap (assistant2.c.29acab06_0.trap.tar.zst) (72 of 75)
[2026-09-23 01:21:07] Importing assistant2.c.29acab06.trap (assistant2.c.29acab06_0.trap.tar.zst) (73 of 75)
[2026-09-23 01:21:07] Importing 51718836_0.trap.zst (74 of 75)
[2026-09-23 01:21:07] Importing metadata.trap.gz (75 of 75)
[2026-09-23 01:21:07] [PROGRESS] dataset import> Merging relations
[2026-09-23 01:21:07] Merging 1 fragment for 'builtintypes'.
[2026-09-23 01:21:07] Merged 382 bytes for 'builtintypes'.
[2026-09-23 01:21:07] Merging 1 fragment for 'unspecifiedtype'.
[2026-09-23 01:21:07] Merged 1093 bytes (1.07 KiB) for 'unspecifiedtype'.
[2026-09-23 01:21:07] Merging 1 fragment for 'files'.
[2026-09-23 01:21:07] Merged 191 bytes for 'files'.
[2026-09-23 01:21:07] Merging 1 fragment for 'locations_default'.
[2026-09-23 01:21:07] Merged 35063 bytes (34.24 KiB) for 'locations_default'.
[2026-09-23 01:21:07] Merging 1 fragment for 'link_targets'.
[2026-09-23 01:21:07] Merged 26 bytes for 'link_targets'.
[2026-09-23 01:21:07] Merging 1 fragment for 'usertypes'.
[2026-09-23 01:21:07] Merged 583 bytes for 'usertypes'.
[2026-09-23 01:21:07] Merging 1 fragment for 'link_parent'.
[2026-09-23 01:21:07] Merged 423 bytes for 'link_parent'.
[2026-09-23 01:21:07] Merging 1 fragment for 'usertypesize'.
[2026-09-23 01:21:07] Merged 164 bytes for 'usertypesize'.
[2026-09-23 01:21:07] Merging 1 fragment for 'is_pod_class'.
[2026-09-23 01:21:07] Merged 61 bytes for 'is_pod_class'.
[2026-09-23 01:21:07] Merging 1 fragment for 'is_standard_layout_class'.
[2026-09-23 01:21:07] Merged 61 bytes for 'is_standard_layout_class'.
[2026-09-23 01:21:07] Merging 1 fragment for 'is_complete'.
[2026-09-23 01:21:07] Merged 61 bytes for 'is_complete'.
[2026-09-23 01:21:07] Merging 1 fragment for 'membervariables'.
[2026-09-23 01:21:07] Merged 593 bytes for 'membervariables'.
[2026-09-23 01:21:07] Merging 1 fragment for 'fieldoffsets'.
[2026-09-23 01:21:07] Merged 319 bytes for 'fieldoffsets'.
[2026-09-23 01:21:07] Merging 1 fragment for 'var_decls'.
[2026-09-23 01:21:07] Merged 5044 bytes (4.93 KiB) for 'var_decls'.
[2026-09-23 01:21:07] Merging 1 fragment for 'var_def'.
[2026-09-23 01:21:07] Merged 191 bytes for 'var_def'.
[2026-09-23 01:21:07] Merging 1 fragment for 'derivedtypes'.
[2026-09-23 01:21:07] Merged 920 bytes for 'derivedtypes'.
[2026-09-23 01:21:07] Merging 1 fragment for 'pointerishsize'.
[2026-09-23 01:21:07] Merged 133 bytes for 'pointerishsize'.
[2026-09-23 01:21:07] Merging 1 fragment for 'member'.
[2026-09-23 01:21:07] Merged 448 bytes for 'member'.
[2026-09-23 01:21:07] Merging 1 fragment for 'namespaces'.
[2026-09-23 01:21:07] Merged 26 bytes for 'namespaces'.
[2026-09-23 01:21:07] Merging 1 fragment for 'specialnamequalifyingelements'.
[2026-09-23 01:21:07] Merged 27 bytes for 'specialnamequalifyingelements'.
[2026-09-23 01:21:07] Merging 1 fragment for 'mangled_name'.
[2026-09-23 01:21:07] Merged 1093 bytes (1.07 KiB) for 'mangled_name'.
[2026-09-23 01:21:07] Merging 1 fragment for 'specifiers'.
[2026-09-23 01:21:07] Merged 149 bytes for 'specifiers'.
[2026-09-23 01:21:07] Merging 1 fragment for 'numlines'.
[2026-09-23 01:21:07] Merged 416 bytes for 'numlines'.
[2026-09-23 01:21:07] Merging 1 fragment for 'preprocdirects'.
[2026-09-23 01:21:07] Merged 7254 bytes (7.08 KiB) for 'preprocdirects'.
[2026-09-23 01:21:07] Merging 1 fragment for 'preproctext'.
[2026-09-23 01:21:07] Merged 4858 bytes (4.74 KiB) for 'preproctext'.
[2026-09-23 01:21:07] Merging 1 fragment for 'preproctrue'.
[2026-09-23 01:21:07] Merged 437 bytes for 'preproctrue'.
[2026-09-23 01:21:07] Merging 1 fragment for 'macroinvocations'.
[2026-09-23 01:21:07] Merged 8752 bytes (8.55 KiB) for 'macroinvocations'.
[2026-09-23 01:21:07] Merging 1 fragment for 'comments'.
[2026-09-23 01:21:07] Merged 3291 bytes (3.21 KiB) for 'comments'.
[2026-09-23 01:21:07] Merging 1 fragment for 'commentbinding'.
[2026-09-23 01:21:07] Merged 2240 bytes (2.19 KiB) for 'commentbinding'.
[2026-09-23 01:21:07] Merging 1 fragment for 'containerparent'.
[2026-09-23 01:21:07] Merged 195 bytes for 'containerparent'.
[2026-09-23 01:21:07] Merging 1 fragment for 'folders'.
[2026-09-23 01:21:07] Merged 66 bytes for 'folders'.
[2026-09-23 01:21:07] Merging 1 fragment for 'preprocpair'.
[2026-09-23 01:21:07] Merged 2275 bytes (2.22 KiB) for 'preprocpair'.
[2026-09-23 01:21:07] Merging 1 fragment for 'includes'.
[2026-09-23 01:21:07] Merged 389 bytes for 'includes'.
[2026-09-23 01:21:07] Merging 1 fragment for 'preprocfalse'.
[2026-09-23 01:21:07] Merged 265 bytes for 'preprocfalse'.
[2026-09-23 01:21:07] Merging 1 fragment for 'macro_argument_unexpanded'.
[2026-09-23 01:21:07] Merged 2135 bytes (2.08 KiB) for 'macro_argument_unexpanded'.
[2026-09-23 01:21:07] Merging 1 fragment for 'macro_argument_expanded'.
[2026-09-23 01:21:07] Merged 2159 bytes (2.11 KiB) for 'macro_argument_expanded'.
[2026-09-23 01:21:07] Merging 1 fragment for 'macroparent'.
[2026-09-23 01:21:07] Merged 1993 bytes (1.95 KiB) for 'macroparent'.
[2026-09-23 01:21:07] Merging 1 fragment for 'usertype_alias_kind'.
[2026-09-23 01:21:07] Merged 195 bytes for 'usertype_alias_kind'.
[2026-09-23 01:21:07] Merging 1 fragment for 'typedefbase'.
[2026-09-23 01:21:07] Merged 394 bytes for 'typedefbase'.
[2026-09-23 01:21:07] Merging 1 fragment for 'type_decls'.
[2026-09-23 01:21:07] Merged 685 bytes for 'type_decls'.
[2026-09-23 01:21:07] Merging 1 fragment for 'type_decl_top'.
[2026-09-23 01:21:07] Merged 202 bytes for 'type_decl_top'.
[2026-09-23 01:21:07] Merging 1 fragment for 'arraysizes'.
[2026-09-23 01:21:07] Merged 190 bytes for 'arraysizes'.
[2026-09-23 01:21:07] Merging 1 fragment for 'type_mentions'.
[2026-09-23 01:21:07] Merged 1402 bytes (1.37 KiB) for 'type_mentions'.
[2026-09-23 01:21:07] Merging 1 fragment for 'type_def'.
[2026-09-23 01:21:07] Merged 62 bytes for 'type_def'.
[2026-09-23 01:21:07] Merging 1 fragment for 'values'.
[2026-09-23 01:21:07] Merged 1799 bytes (1.76 KiB) for 'values'.
[2026-09-23 01:21:07] Merging 1 fragment for 'exprs'.
[2026-09-23 01:21:07] Merged 2639 bytes (2.58 KiB) for 'exprs'.
[2026-09-23 01:21:07] Merging 1 fragment for 'expr_types'.
[2026-09-23 01:21:07] Merged 1646 bytes (1.61 KiB) for 'expr_types'.
[2026-09-23 01:21:07] Merging 1 fragment for 'valuebind'.
[2026-09-23 01:21:07] Merged 1447 bytes (1.41 KiB) for 'valuebind'.
[2026-09-23 01:21:07] Merging 1 fragment for 'inmacroexpansion'.
[2026-09-23 01:21:07] Merged 1208 bytes (1.18 KiB) for 'inmacroexpansion'.
[2026-09-23 01:21:07] Merging 1 fragment for 'macrolocationbind'.
[2026-09-23 01:21:07] Merged 829 bytes for 'macrolocationbind'.
[2026-09-23 01:21:07] Merging 1 fragment for 'varspecifiers'.
[2026-09-23 01:21:07] Merged 294 bytes for 'varspecifiers'.
[2026-09-23 01:21:07] Merging 1 fragment for 'valuetext'.
[2026-09-23 01:21:07] Merged 419 bytes for 'valuetext'.
[2026-09-23 01:21:07] Merging 1 fragment for 'compgenerated'.
[2026-09-23 01:21:07] Merged 79 bytes for 'compgenerated'.
[2026-09-23 01:21:07] Merging 1 fragment for 'sizeof_bind'.
[2026-09-23 01:21:07] Merged 42 bytes for 'sizeof_bind'.
[2026-09-23 01:21:07] Merging 1 fragment for 'exprconv'.
[2026-09-23 01:21:07] Merged 395 bytes for 'exprconv'.
[2026-09-23 01:21:07] Merging 1 fragment for 'conversionkinds'.
[2026-09-23 01:21:07] Merged 80 bytes for 'conversionkinds'.
[2026-09-23 01:21:07] Merging 1 fragment for 'exprparents'.
[2026-09-23 01:21:07] Merged 1283 bytes (1.25 KiB) for 'exprparents'.
[2026-09-23 01:21:07] Merging 1 fragment for 'routinetypes'.
[2026-09-23 01:21:07] Merged 99 bytes for 'routinetypes'.
[2026-09-23 01:21:07] Merging 1 fragment for 'routinetypeargs'.
[2026-09-23 01:21:07] Merged 203 bytes for 'routinetypeargs'.
[2026-09-23 01:21:07] Merging 1 fragment for 'typespecifiers'.
[2026-09-23 01:21:07] Merged 159 bytes for 'typespecifiers'.
[2026-09-23 01:21:07] Merging 1 fragment for 'functions'.
[2026-09-23 01:21:07] Merged 718 bytes for 'functions'.
[2026-09-23 01:21:07] Merging 1 fragment for 'function_return_type'.
[2026-09-23 01:21:07] Merged 696 bytes for 'function_return_type'.
[2026-09-23 01:21:07] Merging 1 fragment for 'function_prototyped'.
[2026-09-23 01:21:07] Merged 352 bytes for 'function_prototyped'.
[2026-09-23 01:21:07] Merging 1 fragment for 'params'.
[2026-09-23 01:21:07] Merged 3126 bytes (3.05 KiB) for 'params'.
[2026-09-23 01:21:07] Merging 1 fragment for 'globalvariables'.
[2026-09-23 01:21:07] Merged 71 bytes for 'globalvariables'.
[2026-09-23 01:21:07] Merging 1 fragment for 'fun_decls'.
[2026-09-23 01:21:07] Merged 1756 bytes (1.71 KiB) for 'fun_decls'.
[2026-09-23 01:21:07] Merging 1 fragment for 'fun_decl_specifiers'.
[2026-09-23 01:21:07] Merged 1747 bytes (1.71 KiB) for 'fun_decl_specifiers'.
[2026-09-23 01:21:07] Merging 1 fragment for 'param_decl_bind'.
[2026-09-23 01:21:07] Merged 2048 bytes (2.00 KiB) for 'param_decl_bind'.
[2026-09-23 01:21:07] Merging 1 fragment for 'funbind'.
[2026-09-23 01:21:07] Merged 144 bytes for 'funbind'.
[2026-09-23 01:21:07] Merging 1 fragment for 'funspecifiers'.
[2026-09-23 01:21:07] Merged 436 bytes for 'funspecifiers'.
[2026-09-23 01:21:07] Merging 1 fragment for 'attributes'.
[2026-09-23 01:21:07] Merged 3230 bytes (3.15 KiB) for 'attributes'.
[2026-09-23 01:21:07] Merging 1 fragment for 'funcattributes'.
[2026-09-23 01:21:07] Merged 1650 bytes (1.61 KiB) for 'funcattributes'.
[2026-09-23 01:21:07] Merging 1 fragment for 'attribute_arg_constant'.
[2026-09-23 01:21:07] Merged 612 bytes for 'attribute_arg_constant'.
[2026-09-23 01:21:07] Merging 1 fragment for 'attribute_args'.
[2026-09-23 01:21:07] Merged 1714 bytes (1.67 KiB) for 'attribute_args'.
[2026-09-23 01:21:07] Merging 1 fragment for 'attribute_arg_value'.
[2026-09-23 01:21:07] Merged 243 bytes for 'attribute_arg_value'.
[2026-09-23 01:21:07] Merging 1 fragment for 'attribute_arg_expr'.
[2026-09-23 01:21:07] Merged 55 bytes for 'attribute_arg_expr'.
[2026-09-23 01:21:07] Merging 1 fragment for 'builtin_functions'.
[2026-09-23 01:21:07] Merged 24 bytes for 'builtin_functions'.
[2026-09-23 01:21:07] Merging 1 fragment for 'var_decl_specifiers'.
[2026-09-23 01:21:07] Merged 39 bytes for 'var_decl_specifiers'.
[2026-09-23 01:21:07] Merging 1 fragment for 'fun_def'.
[2026-09-23 01:21:07] Merged 28 bytes for 'fun_def'.
[2026-09-23 01:21:07] Merging 1 fragment for 'stmts'.
[2026-09-23 01:21:07] Merged 281 bytes for 'stmts'.
[2026-09-23 01:21:07] Merging 1 fragment for 'expr_isload'.
[2026-09-23 01:21:07] Merged 71 bytes for 'expr_isload'.
[2026-09-23 01:21:07] Merging 1 fragment for 'affectedbymacroexpansion'.
[2026-09-23 01:21:07] Merged 281 bytes for 'affectedbymacroexpansion'.
[2026-09-23 01:21:07] Merging 1 fragment for 'stmtparents'.
[2026-09-23 01:21:07] Merged 270 bytes for 'stmtparents'.
[2026-09-23 01:21:07] Merging 1 fragment for 'blockscope'.
[2026-09-23 01:21:07] Merged 99 bytes for 'blockscope'.
[2026-09-23 01:21:07] Merging 1 fragment for 'function_entry_point'.
[2026-09-23 01:21:07] Merged 50 bytes for 'function_entry_point'.
[2026-09-23 01:21:07] Merging 1 fragment for 'iscall'.
[2026-09-23 01:21:07] Merged 62 bytes for 'iscall'.
[2026-09-23 01:21:07] Merging 1 fragment for 'varbind'.
[2026-09-23 01:21:07] Merged 194 bytes for 'varbind'.
[2026-09-23 01:21:07] Merging 1 fragment for 'typeattributes'.
[2026-09-23 01:21:07] Merged 29 bytes for 'typeattributes'.
[2026-09-23 01:21:07] Merging 1 fragment for 'enumconstants'.
[2026-09-23 01:21:07] Merged 117 bytes for 'enumconstants'.
[2026-09-23 01:21:07] Merging 1 fragment for 'initialisers'.
[2026-09-23 01:21:07] Merged 140 bytes for 'initialisers'.
[2026-09-23 01:21:07] Merging 1 fragment for 'expr_cond_guard'.
[2026-09-23 01:21:07] Merged 55 bytes for 'expr_cond_guard'.
[2026-09-23 01:21:07] Merging 1 fragment for 'expr_cond_true'.
[2026-09-23 01:21:07] Merged 55 bytes for 'expr_cond_true'.
[2026-09-23 01:21:07] Merging 1 fragment for 'expr_cond_false'.
[2026-09-23 01:21:07] Merged 55 bytes for 'expr_cond_false'.
[2026-09-23 01:21:07] Merging 1 fragment for 'expr_ancestor'.
[2026-09-23 01:21:07] Merged 40 bytes for 'expr_ancestor'.
[2026-09-23 01:21:07] Merging 1 fragment for 'extractor_version'.
[2026-09-23 01:21:07] Merged 28 bytes for 'extractor_version'.
[2026-09-23 01:21:07] Merging 1 fragment for 'fileannotations'.
[2026-09-23 01:21:07] Merged 244 bytes for 'fileannotations'.
[2026-09-23 01:21:07] Merging 1 fragment for 'if_then'.
[2026-09-23 01:21:07] Merged 61 bytes for 'if_then'.
[2026-09-23 01:21:07] Merging 1 fragment for 'localvariables'.
[2026-09-23 01:21:07] Merged 75 bytes for 'localvariables'.
[2026-09-23 01:21:07] Merging 1 fragment for 'stmt_decl_bind'.
[2026-09-23 01:21:07] Merged 62 bytes for 'stmt_decl_bind'.
[2026-09-23 01:21:07] Merging 1 fragment for 'stmt_decl_entry_bind'.
[2026-09-23 01:21:07] Merged 60 bytes for 'stmt_decl_entry_bind'.
[2026-09-23 01:21:07] Merging 1 fragment for 'for_condition'.
[2026-09-23 01:21:07] Merged 33 bytes for 'for_condition'.
[2026-09-23 01:21:07] Merging 1 fragment for 'for_body'.
[2026-09-23 01:21:07] Merged 33 bytes for 'for_body'.
[2026-09-23 01:21:07] Merging 1 fragment for 'for_initialization'.
[2026-09-23 01:21:07] Merged 33 bytes for 'for_initialization'.
[2026-09-23 01:21:07] Merging 1 fragment for 'for_update'.
[2026-09-23 01:21:07] Merged 33 bytes for 'for_update'.
[2026-09-23 01:21:07] Merging 1 fragment for 'compilations'.
[2026-09-23 01:21:07] Merged 31 bytes for 'compilations'.
[2026-09-23 01:21:07] Merging 1 fragment for 'compilation_args'.
[2026-09-23 01:21:07] Merged 89 bytes for 'compilation_args'.
[2026-09-23 01:21:07] Merging 1 fragment for 'compilation_expanded_args'.
[2026-09-23 01:21:07] Merged 89 bytes for 'compilation_expanded_args'.
[2026-09-23 01:21:07] Merging 1 fragment for 'compilation_compiling_files'.
[2026-09-23 01:21:07] Merged 42 bytes for 'compilation_compiling_files'.
[2026-09-23 01:21:07] Merging 1 fragment for 'compilation_time'.
[2026-09-23 01:21:07] Merged 101 bytes for 'compilation_time'.
[2026-09-23 01:21:07] Merging 1 fragment for 'compilation_finished'.
[2026-09-23 01:21:07] Merged 70 bytes for 'compilation_finished'.
[2026-09-23 01:21:07] Merging 1 fragment for 'sourceLocationPrefix'.
[2026-09-23 01:21:07] Merged 18 bytes for 'sourceLocationPrefix'.
[2026-09-23 01:21:07] Saving string and id pools to disk.
[2026-09-23 01:21:07] Finished importing TRAP files.
[2026-09-23 01:21:07] Read 3.94 MiB of uncompressed TRAP data.
[2026-09-23 01:21:07] Uncompressed relation data size: 489.65 KiB
[2026-09-23 01:21:07] Relation data size: 118.28 KiB (merge rate: 444.38 KiB/s)
[2026-09-23 01:21:07] String pool size: 2.13 MiB
[2026-09-23 01:21:07] ID pool size: 1.38 MiB
[2026-09-23 01:21:07] [PROGRESS] dataset import> Finished writing database (relations: 118.28 KiB; string pool: 2.13 MiB).
[2026-09-23 01:21:07] Pausing evaluation to close the cache at sequence stamp o+225
[2026-09-23 01:21:07] The disk cache is freshly trimmed; leave it be.
[2026-09-23 01:21:07] Unpausing evaluation
[2026-09-23 01:21:07] Plumbing command codeql dataset import completed.
[2026-09-23 01:21:07] [PROGRESS] database finalize> TRAP import complete (2.5s).
[2026-09-23 01:21:07] Running plumbing command: codeql database cleanup -- /workspaces/CYBR621/lab2/codeql-db-assistant2
[2026-09-23 01:21:08] [PROGRESS] database cleanup> Cleaning up existing TRAP files after import...
[2026-09-23 01:21:08] [PROGRESS] database cleanup> TRAP files cleaned up (4ms).
[2026-09-23 01:21:08] [PROGRESS] database cleanup> Cleaning up scratch directory...
[2026-09-23 01:21:08] [PROGRESS] database cleanup> Scratch directory cleaned up (12ms).
[2026-09-23 01:21:08] Running plumbing command: codeql dataset cleanup -- /workspaces/CYBR621/lab2/codeql-db-assistant2/db-cpp
[2026-09-23 01:21:08] [PROGRESS] dataset cleanup> Cleaning up dataset in /workspaces/CYBR621/lab2/codeql-db-assistant2/db-cpp.
[2026-09-23 01:21:08] Trimming disk cache at /workspaces/CYBR621/lab2/codeql-db-assistant2/db-cpp/default/cache in mode trim.
[2026-09-23 01:21:08] Sequence stamp origin is -5865351357871724003
[2026-09-23 01:21:08] Pausing evaluation to quickly trim memory at sequence stamp o+0
[2026-09-23 01:21:08] Unpausing evaluation
[2026-09-23 01:21:08] Pausing evaluation to zealously trim disk at sequence stamp o+1
[2026-09-23 01:21:08] Unpausing evaluation
[2026-09-23 01:21:08] Trimming completed (3ms): Trimmed disposable data from cache.
[2026-09-23 01:21:08] Pausing evaluation to close the cache at sequence stamp o+2
[2026-09-23 01:21:08] The disk cache is freshly trimmed; leave it be.
[2026-09-23 01:21:08] Unpausing evaluation
[2026-09-23 01:21:08] [PROGRESS] dataset cleanup> Trimmed disposable data from cache.
[2026-09-23 01:21:08] [PROGRESS] dataset cleanup> Finalizing dataset in /workspaces/CYBR621/lab2/codeql-db-assistant2/db-cpp
[2026-09-23 01:21:08] [DETAILS] dataset cleanup> Finished deleting ID pool from /workspaces/CYBR621/lab2/codeql-db-assistant2/db-cpp (2ms).
[2026-09-23 01:21:08] Plumbing command codeql dataset cleanup completed.
[2026-09-23 01:21:08] Plumbing command codeql database cleanup completed with status 0.
[2026-09-23 01:21:08] [PROGRESS] database finalize> Finished zipping source archive (99.02 KiB).
[2026-09-23 01:21:08] Plumbing command codeql database finalize completed.
[2026-09-23 01:21:08] [PROGRESS] database create> Successfully created database at /workspaces/CYBR621/lab2/codeql-db-assistant2.
[2026-09-23 01:21:08] Terminating normally.
