[2026-10-04 01:40:11] This is codeql database analyze ./codeql-db-remediated codeql/cpp-queries:codeql-suites/cpp-security-and-quality.qls --format=sarif-latest --output=codeql-results-remediated.sarif --download
[2026-10-04 01:40:11] Log file was started late.
[2026-10-04 01:40:11] [DETAILS] database analyze> Downloading queries...
[2026-10-04 01:40:11] Running plumbing command: codeql pack download --format json --qlconfig-file=/workspaces/CYBR621/lab2/qlconfig.yml -- codeql/cpp-queries:codeql-suites/cpp-security-and-quality.qls
[2026-10-04 01:40:11] [PROGRESS] pack download> Package specifications to check for download: codeql/cpp-queries:codeql-suites/cpp-security-and-quality.qls
[2026-10-04 01:40:11] Calling plumbing command: codeql resolve queries --qlconfig-file=/workspaces/CYBR621/lab2/qlconfig.yml --format installedpacks codeql/cpp-queries:codeql-suites/cpp-security-and-quality.qls
[2026-10-04 01:40:11] [PROGRESS] resolve queries> Recording pack reference codeql/cpp-queries at /home/codespace/.codeql/packages/codeql/cpp-queries/1.9.0.
[2026-10-04 01:40:11] Plumbing command codeql resolve queries completed:
                      {
                        "installedPacks" : [
                          "codeql/cpp-queries@latest"
                        ]
                      }
[2026-10-04 01:40:12] [DETAILS] pack download> Packaging> Requesting package versions of codeql/cpp-queries from https://ghcr.io/v2/codeql/cpp-queries/tags/list?n=100
[2026-10-04 01:40:12] [DETAILS] pack download> Packaging> Requesting package versions of codeql/cpp-queries from https://ghcr.io/v2/codeql/cpp-queries/tags/list?n=100&last=1.5.4
[2026-10-04 01:40:12] [PROGRESS] pack download> Did not need to download any packs.
[2026-10-04 01:40:12] Plumbing command codeql pack download completed.
[2026-10-04 01:40:12] [PROGRESS] database analyze> Running queries.
[2026-10-04 01:40:12] Running plumbing command: codeql database run-queries --evaluator-log-level=5 --warnings=show --qlconfig-file=/workspaces/CYBR621/lab2/qlconfig.yml --dynamic-join-order-mode=none --no-rerun --interpret-passthrough=null,--format=sarif-latest,-o=/workspaces/CYBR621/lab2/codeql-results-remediated.sarif,--max-paths=4,--csv-location-format=line-column,--print-diagnostics-summary,--print-metrics-summary,--qlconfig-file=/workspaces/CYBR621/lab2/qlconfig.yml,--,/workspaces/CYBR621/lab2/codeql-db-remediated,codeql/cpp-queries:codeql-suites/cpp-security-and-quality.qls -- /workspaces/CYBR621/lab2/codeql-db-remediated codeql/cpp-queries:codeql-suites/cpp-security-and-quality.qls
[2026-10-04 01:40:12] Calling plumbing command: codeql resolve ram --dataset=/workspaces/CYBR621/lab2/codeql-db-remediated/db-cpp --format=json
[2026-10-04 01:40:12] Plumbing command codeql resolve ram completed:
                      [
                        "-J-Xmx1253M"
                      ]
[2026-10-04 01:40:12] Chaining via /tmp/codeql.T9QTv2Pr to plumbing: execute queries -J-Xmx1253M --verbosity=progress --logdir=/workspaces/CYBR621/lab2/codeql-db-remediated/log --evaluator-log-level=5 --warnings=show --qlconfig-file=/workspaces/CYBR621/lab2/qlconfig.yml --dynamic-join-order-mode=none --no-rerun --interpret-passthrough=null,--format=sarif-latest,-o=/workspaces/CYBR621/lab2/codeql-results-remediated.sarif,--max-paths=4,--csv-location-format=line-column,--print-diagnostics-summary,--print-metrics-summary,--qlconfig-file=/workspaces/CYBR621/lab2/qlconfig.yml,--,/workspaces/CYBR621/lab2/codeql-db-remediated,codeql/cpp-queries:codeql-suites/cpp-security-and-quality.qls --output=/workspaces/CYBR621/lab2/codeql-db-remediated/results -- /workspaces/CYBR621/lab2/codeql-db-remediated/db-cpp codeql/cpp-queries:codeql-suites/cpp-security-and-quality.qls
[2026-10-04 01:40:12] Plumbing command codeql database run-queries completed with status 70.
[2026-10-04 01:40:12] Exiting with code 70
