[2026-10-04 01:45:22] This is codeql database create ./codeql-db-remediated --language=cpp --command=gcc -Wall -Wextra -Wpedantic -c assistant2_remediated.c --overwrite
[2026-10-04 01:45:22] Log file was started late.
[2026-10-04 01:45:22] [PROGRESS] database create> Initializing database at /workspaces/CYBR621/lab2/codeql-db-remediated.
[2026-10-04 01:45:22] Running plumbing command: codeql database init --overwrite --language=cpp --extractor-options-verbosity=1 --qlconfig-file=/workspaces/CYBR621/lab2/qlconfig.yml --source-root=/workspaces/CYBR621/lab2 --allow-missing-source-root=false --allow-already-existing -- /workspaces/CYBR621/lab2/codeql-db-remediated
[2026-10-04 01:45:22] Calling plumbing command: codeql resolve languages --extractor-options-verbosity=1 --format=betterjson
[2026-10-04 01:45:23] [DETAILS] resolve languages> Scanning for [codeql-extractor.yml] from /home/codespace/.local/share/gh/extensions/gh-codeql/dist/release/v2.27.1/.codeqlmanifest.json
[2026-10-04 01:45:23] [DETAILS] resolve languages> Parsing /home/codespace/.local/share/gh/extensions/gh-codeql/dist/release/v2.27.1/rust/codeql-extractor.yml.
[2026-10-04 01:45:23] [DETAILS] resolve languages> Parsing /home/codespace/.local/share/gh/extensions/gh-codeql/dist/release/v2.27.1/javascript/codeql-extractor.yml.
[2026-10-04 01:45:23] [DETAILS] resolve languages> Parsing /home/codespace/.local/share/gh/extensions/gh-codeql/dist/release/v2.27.1/csv/codeql-extractor.yml.
[2026-10-04 01:45:23] [DETAILS] resolve languages> Parsing /home/codespace/.local/share/gh/extensions/gh-codeql/dist/release/v2.27.1/actions/codeql-extractor.yml.
[2026-10-04 01:45:23] [DETAILS] resolve languages> Parsing /home/codespace/.local/share/gh/extensions/gh-codeql/dist/release/v2.27.1/yaml/codeql-extractor.yml.
[2026-10-04 01:45:23] [DETAILS] resolve languages> Parsing /home/codespace/.local/share/gh/extensions/gh-codeql/dist/release/v2.27.1/cpp/codeql-extractor.yml.
[2026-10-04 01:45:23] [DETAILS] resolve languages> Parsing /home/codespace/.local/share/gh/extensions/gh-codeql/dist/release/v2.27.1/swift/codeql-extractor.yml.
[2026-10-04 01:45:23] [DETAILS] resolve languages> Parsing /home/codespace/.local/share/gh/extensions/gh-codeql/dist/release/v2.27.1/python/codeql-extractor.yml.
[2026-10-04 01:45:23] [DETAILS] resolve languages> Parsing /home/codespace/.local/share/gh/extensions/gh-codeql/dist/release/v2.27.1/go/codeql-extractor.yml.
[2026-10-04 01:45:23] [DETAILS] resolve languages> Parsing /home/codespace/.local/share/gh/extensions/gh-codeql/dist/release/v2.27.1/properties/codeql-extractor.yml.
[2026-10-04 01:45:23] [DETAILS] resolve languages> Parsing /home/codespace/.local/share/gh/extensions/gh-codeql/dist/release/v2.27.1/html/codeql-extractor.yml.
[2026-10-04 01:45:23] [DETAILS] resolve languages> Parsing /home/codespace/.local/share/gh/extensions/gh-codeql/dist/release/v2.27.1/xml/codeql-extractor.yml.
[2026-10-04 01:45:23] [DETAILS] resolve languages> Parsing /home/codespace/.local/share/gh/extensions/gh-codeql/dist/release/v2.27.1/java/codeql-extractor.yml.
[2026-10-04 01:45:23] [DETAILS] resolve languages> Parsing /home/codespace/.local/share/gh/extensions/gh-codeql/dist/release/v2.27.1/ruby/codeql-extractor.yml.
[2026-10-04 01:45:23] [DETAILS] resolve languages> Parsing /home/codespace/.local/share/gh/extensions/gh-codeql/dist/release/v2.27.1/csharp/codeql-extractor.yml.
[2026-10-04 01:45:23] Plumbing command codeql resolve languages completed:
                      {
                        "aliases" : {
                          "c" : "cpp",
                          "c++" : "cpp",
                          "c-c++" : "cpp",
                          "c-cpp" : "cpp",
                          "c#" : "csharp",
                          "java-kotlin" : "java",
                          "kotlin" : "java",
                          "javascript-typescript" : "javascript",
                          "typescript" : "javascript"
                        },
                        "extractors" : {
                          "rust" : [
                            {
                              "extractor_root" : "/home/codespace/.local/share/gh/extensions/gh-codeql/dist/release/v2.27.1/rust",
                              "extractor_options" : {
                                "trap" : {
                                  "title" : "Options pertaining to TRAP.",
                                  "description" : "Options pertaining to TRAP.",
                                  "type" : "object",
                                  "properties" : {
                                    "compression" : {
                                      "title" : "Controls compression for the TRAP files written by the extractor.",
                                      "description" : "This option is only intended for use in debugging the extractor. Accepted values are 'gzip' (to write gzip-compressed TRAP) 'zstd' (the default, to write Zstandard-compressed TRAP) and 'none' (to write uncompressed TRAP).\n",
                                      "type" : "string",
                                      "pattern" : "^(none|gzip|zstd)$"
                                    }
                                  }
                                },
                                "cargo_target_dir" : {
                                  "title" : "Directory to use for cargo output files.",
                                  "description" : "This value is an optional path to use as `CARGO_TARGET_DIR` for the internal cargo commands the extractor uses. Pointing it to a persistent directory may reduce execution time of consecutive extractor runs. By default, a new scratch directory is used for each extraction, while qltests use the test's `target` directory so artifacts can be reused across runs.\n",
                                  "type" : "string"
                                },
                                "cargo_target" : {
                                  "title" : "Target architecture",
                                  "description" : "Target architecture to use for analysis, analogous to `cargo --target`. By default the host architecture is used.\n",
                                  "type" : "string"
                                },
                                "cargo_features" : {
                                  "title" : "Cargo features to turn on",
                                  "description" : "Comma-separated list of features to turn on. By default all features are enabled. If any features are specified, then only those features are enabled. The `default` feature must be explicitly specified if only default features are desired. Can be repeated.\n",
                                  "type" : "array"
                                },
                                "cargo_cfg_overrides" : {
                                  "title" : "Cargo cfg overrides",
                                  "description" : "Comma-separated list of cfg settings to enable, or disable if prefixed with `-`. Can be repeated.\n",
                                  "type" : "array"
                                },
                                "logging" : {
                                  "title" : "Options pertaining to logging.",
                                  "description" : "Options pertaining to logging.",
                                  "type" : "object",
                                  "properties" : {
                                    "verbosity" : {
                                      "title" : "Extractor logging verbosity level.",
                                      "description" : "Controls the level of verbosity of the extractor. The supported levels are (in order of increasing verbosity):\n  - off\n  - errors\n  - warnings\n  - info or progress\n  - debug or progress+\n  - trace or progress++\n  - progress+++\n",
                                      "type" : "string",
                                      "pattern" : "^(off|errors|warnings|(info|progress)|(debug|progress\\+)|(trace|progress\\+\\+)|progress\\+\\+\\+)$"
                                    },
                                    "flamegraph" : {
                                      "title" : "[Experimental] File path for write flame graph log",
                                      "description" : "Collect flame graph data using the `tracing-flame` crate. To render a flame graph or chart, run the `inferno-flamegraph` command. See also: https://crates.io/crates/tracing-flame\n",
                                      "type" : "string"
                                    }
                                  }
                                },
                                "extract_dependencies_as_source" : {
                                  "title" : "Extract dependencies as source code",
                                  "description" : "Extract the full source code of dependencies instead of only extracting signatures.\n",
                                  "type" : "string",
                                  "pattern" : "^(false|true)$"
                                }
                              }
                            }
                          ],
                          "javascript" : [
                            {
                              "extractor_root" : "/home/codespace/.local/share/gh/extensions/gh-codeql/dist/release/v2.27.1/javascript",
                              "extractor_options" : {
                                "skip_types" : {
                                  "title" : "Skip type extraction for TypeScript",
                                  "description" : "Whether to skip the extraction of types in a TypeScript application",
                                  "type" : "string",
                                  "pattern" : "^(false|true)$"
                                }
                              }
                            }
                          ],
                          "csv" : [
                            {
                              "extractor_root" : "/home/codespace/.local/share/gh/extensions/gh-codeql/dist/release/v2.27.1/csv"
                            }
                          ],
                          "actions" : [
                            {
                              "extractor_root" : "/home/codespace/.local/share/gh/extensions/gh-codeql/dist/release/v2.27.1/actions",
                              "extractor_options" : { }
                            }
                          ],
                          "yaml" : [
                            {
                              "extractor_root" : "/home/codespace/.local/share/gh/extensions/gh-codeql/dist/release/v2.27.1/yaml"
                            }
                          ],
                          "cpp" : [
                            {
                              "extractor_root" : "/home/codespace/.local/share/gh/extensions/gh-codeql/dist/release/v2.27.1/cpp",
                              "extractor_options" : {
                                "scale_timeouts" : {
                                  "title" : "Value to scale compiler introspection timeouts with",
                                  "description" : "The extractor attempts to determine what compiler the source code being extracted is compiled with. To this end the extractor makes additional calls to the compiler, some of which are expected to return within a certain fixed time (either 10s or 15s). On some systems that are under high load this time might be too short, and can be scaled up using this option.\n",
                                  "type" : "string",
                                  "pattern" : "[0-9]+"
                                },
                                "log_verbosity" : {
                                  "title" : "Verbosity of the extractor logging",
                                  "description" : "Set the verbosity of the extractor logging to 'quiet' (0), 'normal' (1), 'chatty' (2), or 'noisy' (3). The default is 'normal'.\n",
                                  "type" : "string",
                                  "pattern" : "[0-3]"
                                }
                              }
                            }
                          ],
                          "swift" : [
                            {
                              "extractor_root" : "/home/codespace/.local/share/gh/extensions/gh-codeql/dist/release/v2.27.1/swift"
                            }
                          ],
                          "python" : [
                            {
                              "extractor_root" : "/home/codespace/.local/share/gh/extensions/gh-codeql/dist/release/v2.27.1/python",
                              "extractor_options" : {
                                "logging" : {
                                  "title" : "Options pertaining to logging.",
                                  "description" : "Options pertaining to logging.",
                                  "type" : "object",
                                  "properties" : {
                                    "verbosity" : {
                                      "title" : "Python extractor logging verbosity level.",
                                      "description" : "Controls the level of verbosity of the CodeQL Python extractor.\nThe supported levels are (in order of increasing verbosity):\n\n  - off\n  - errors\n  - warnings\n  - info or progress\n  - debug or progress+\n  - trace or progress++\n  - progress+++\n",
                                      "type" : "string",
                                      "pattern" : "^(off|errors|warnings|(info|progress)|(debug|progress\\+)|(trace|progress\\+\\+)|progress\\+\\+\\+)$"
                                    }
                                  }
                                },
                                "python_executable_name" : {
                                  "title" : "Controls the name of the Python executable used by the Python extractor.",
                                  "description" : "The Python extractor uses platform-dependent heuristics to determine the name of the Python executable to use. Specifying a value for this option overrides the name of the Python executable used by the extractor. Accepted values are py, python and python3. Use this setting with caution, the Python extractor requires Python 3 to run.\n",
                                  "type" : "string",
                                  "pattern" : "^(py|python|python3)$"
                                }
                              }
                            }
                          ],
                          "go" : [
                            {
                              "extractor_root" : "/home/codespace/.local/share/gh/extensions/gh-codeql/dist/release/v2.27.1/go",
                              "extractor_options" : {
                                "extract_tests" : {
                                  "title" : "Whether to include Go test files in the CodeQL database.",
                                  "description" : "A value indicating whether Go test files should be included in the CodeQL database. The default is 'false'.\n",
                                  "type" : "string",
                                  "pattern" : "^(false|true)$"
                                },
                                "extract_vendor_dirs" : {
                                  "title" : "Whether to include Go vendor directories in the CodeQL database.",
                                  "description" : "A value indicating whether Go vendor directories should be included in the CodeQL database. The default is 'false'.\n",
                                  "type" : "string",
                                  "pattern" : "^(false|true)$"
                                }
                              }
                            }
                          ],
                          "properties" : [
                            {
                              "extractor_root" : "/home/codespace/.local/share/gh/extensions/gh-codeql/dist/release/v2.27.1/properties"
                            }
                          ],
                          "html" : [
                            {
                              "extractor_root" : "/home/codespace/.local/share/gh/extensions/gh-codeql/dist/release/v2.27.1/html"
                            }
                          ],
                          "xml" : [
                            {
                              "extractor_root" : "/home/codespace/.local/share/gh/extensions/gh-codeql/dist/release/v2.27.1/xml"
                            }
                          ],
                          "java" : [
                            {
                              "extractor_root" : "/home/codespace/.local/share/gh/extensions/gh-codeql/dist/release/v2.27.1/java",
                              "extractor_options" : {
                                "exclude" : {
                                  "title" : "A glob excluding files from analysis.",
                                  "description" : "A glob indicating what files to exclude from the analysis. This accepts glob patterns that are supported by Java's 'getPathMatcher' implementation.\n",
                                  "type" : "string"
                                },
                                "add_prefer_source" : {
                                  "title" : "Whether to always prefer source files over class files.",
                                  "description" : "A value indicating whether source files should be preferred over class files. If set to 'true', the extraction adds '-Xprefer:source' to the javac command line. If set to 'false', the extraction uses the default javac behavior ('-Xprefer:newer'). The default is 'true'.\n",
                                  "type" : "string",
                                  "pattern" : "^(false|true)$"
                                },
                                "buildless" : {
                                  "title" : "Whether to use buildless (standalone) extraction (experimental).",
                                  "description" : "A value indicating, which type of extraction the autobuilder should perform. If 'true', then the standalone extractor will be used, otherwise tracing extraction will be performed. The default is 'false'. Note that buildless extraction will generally yield less accurate analysis results, and should only be used in cases where it is not possible to build the code (for example if it uses inaccessible dependencies).\n",
                                  "type" : "string",
                                  "pattern" : "^(false|true)$"
                                },
                                "buildless_dependency_dir" : {
                                  "title" : "The path where buildless (standalone) extraction should keep dependencies.",
                                  "description" : "If set, the buildless (standalone) extractor will store dependencies in this directory.\n",
                                  "type" : "string"
                                },
                                "minimize_dependency_jars" : {
                                  "title" : "Whether to rewrite and minimize downloaded JAR dependencies (experimental).",
                                  "description" : "If 'true', JAR dependencies downloaded during extraction will be rewritten to remove unneeded data, such as method bodies. The default is 'false'.\n",
                                  "type" : "string",
                                  "pattern" : "^(false|true)$"
                                }
                              }
                            }
                          ],
                          "ruby" : [
                            {
                              "extractor_root" : "/home/codespace/.local/share/gh/extensions/gh-codeql/dist/release/v2.27.1/ruby",
                              "extractor_options" : {
                                "trap" : {
                                  "title" : "Options pertaining to TRAP.",
                                  "description" : "Options pertaining to TRAP.",
                                  "type" : "object",
                                  "properties" : {
                                    "compression" : {
                                      "title" : "Controls compression for the TRAP files written by the extractor.",
                                      "description" : "This option is only intended for use in debugging the extractor. Accepted values are 'gzip' (the default, to write gzip-compressed TRAP) 'zstd' (to write Zstandard-compressed TRAP) and 'none' (to write uncompressed TRAP).\n",
                                      "type" : "string",
                                      "pattern" : "^(none|gzip|zstd)$"
                                    }
                                  }
                                }
                              }
                            }
                          ],
                          "csharp" : [
                            {
                              "extractor_root" : "/home/codespace/.local/share/gh/extensions/gh-codeql/dist/release/v2.27.1/csharp",
                              "extractor_options" : {
                                "trap" : {
                                  "title" : "Options pertaining to TRAP.",
                                  "description" : "Options pertaining to TRAP.",
                                  "type" : "object",
                                  "properties" : {
                                    "compression" : {
                                      "title" : "Controls compression for the TRAP files written by the extractor.",
                                      "description" : "This option is only intended for use in debugging the extractor. Accepted values are 'brotli' (the default, to write brotli-compressed TRAP), 'gzip', and 'none' (to write uncompressed TRAP).\n",
                                      "type" : "string",
                                      "pattern" : "^(none|gzip|brotli)$"
                                    }
                                  }
                                },
                                "buildless" : {
                                  "title" : "DEPRECATED - Whether to use buildless (standalone) extraction.",
                                  "description" : "DEPRECATED: Use `--build-mode none` instead.\nA value indicating, which type of extraction the autobuilder should perform. If 'true', then the standalone extractor will be used, otherwise tracing extraction will be performed. The default is 'false'. Note that buildless extraction will generally yield less accurate analysis results, and should only be used in cases where it is not possible to build the code (for example if it uses inaccessible dependencies).\n",
                                  "type" : "string",
                                  "pattern" : "^(false|true)$"
                                },
                                "logging" : {
                                  "title" : "Options pertaining to logging.",
                                  "description" : "Options pertaining to logging.",
                                  "type" : "object",
                                  "properties" : {
                                    "verbosity" : {
                                      "title" : "Extractor logging verbosity level.",
                                      "description" : "Controls the level of verbosity of the extractor. The supported levels are (in order of increasing verbosity):\n  - off\n  - errors\n  - warnings\n  - info or progress\n  - debug or progress+\n  - trace or progress++\n  - progress+++\n",
                                      "type" : "string",
                                      "pattern" : "^(off|errors|warnings|(info|progress)|(debug|progress\\+)|(trace|progress\\+\\+)|progress\\+\\+\\+)$"
                                    }
                                  }
                                },
                                "binlog" : {
                                  "title" : "Binlog",
                                  "description" : "[EXPERIMENTAL] The value is a path to the MsBuild binary log file that should be extracted. This option only works when `--build-mode none` is also specified.\n",
                                  "type" : "array"
                                },
                                "buildless_dependency_dir" : {
                                  "title" : "The path where buildless (standalone) extraction should keep dependencies.",
                                  "description" : "If set, the buildless (standalone) extractor will store dependencies in this directory.\n",
                                  "type" : "string"
                                }
                              }
                            }
                          ]
                        }
                      }
[2026-10-04 01:45:23] [PROGRESS] database init> Calculating baseline information in /workspaces/CYBR621/lab2
[2026-10-04 01:45:23] [SPAMMY] database init> Ignoring the following directories when processing baseline information: .git, .hg, .svn.
[2026-10-04 01:45:23] [DETAILS] database init> Running command in /workspaces/CYBR621/lab2: /home/codespace/.local/share/gh/extensions/gh-codeql/dist/release/v2.27.1/tools/linux64/scc --no-config --by-file --exclude-dir .git,.hg,.svn --format json --no-large --no-min .
[2026-10-04 01:45:24] Using configure-baseline script /home/codespace/.local/share/gh/extensions/gh-codeql/dist/release/v2.27.1/actions/tools/configure-baseline.sh.
[2026-10-04 01:45:24] [PROGRESS] database init> Running command in /workspaces/CYBR621/lab2: [/home/codespace/.local/share/gh/extensions/gh-codeql/dist/release/v2.27.1/actions/tools/configure-baseline.sh]
[2026-10-04 01:45:24] [SPAMMY] database init> Ignored an additional 4 files when processing baseline information for YAML due to paths and paths-ignore configuration.
[2026-10-04 01:45:24] [SPAMMY] database init> Found 68 baseline files for cpp.
[2026-10-04 01:45:24] [SPAMMY] database init> Found 0 baseline files for actions.
[2026-10-04 01:45:24] [PROGRESS] database init> Calculated baseline information for languages: actions, cpp (674ms).
[2026-10-04 01:45:24] [PROGRESS] database init> Resolving extractor cpp.
[2026-10-04 01:45:24] [DETAILS] database init> Found candidate extractor root for cpp: /home/codespace/.local/share/gh/extensions/gh-codeql/dist/release/v2.27.1/cpp.
[2026-10-04 01:45:24] [PROGRESS] database init> Successfully loaded extractor C/C++ (cpp) from /home/codespace/.local/share/gh/extensions/gh-codeql/dist/release/v2.27.1/cpp.
[2026-10-04 01:45:24] [PROGRESS] database init> Created skeleton CodeQL database at /workspaces/CYBR621/lab2/codeql-db-remediated. This in-progress database is ready to be populated by an extractor.
[2026-10-04 01:45:24] Plumbing command codeql database init completed.
[2026-10-04 01:45:24] [PROGRESS] database create> Running build command: [gcc, -Wall, -Wextra, -Wpedantic, -c, assistant2_remediated.c]
[2026-10-04 01:45:24] Running plumbing command: codeql database trace-command --working-dir=/workspaces/CYBR621/lab2 --index-traceless-dbs --no-db-cluster -- /workspaces/CYBR621/lab2/codeql-db-remediated gcc -Wall -Wextra -Wpedantic -c assistant2_remediated.c
[2026-10-04 01:45:24] [PROGRESS] database trace-command> Running command in /workspaces/CYBR621/lab2: [gcc, -Wall, -Wextra, -Wpedantic, -c, assistant2_remediated.c]
[2026-10-04 01:45:25] Plumbing command codeql database trace-command completed.
[2026-10-04 01:45:25] [PROGRESS] database create> Finalizing database at /workspaces/CYBR621/lab2/codeql-db-remediated.
[2026-10-04 01:45:25] Running plumbing command: codeql database finalize --no-db-cluster -- /workspaces/CYBR621/lab2/codeql-db-remediated
[2026-10-04 01:45:25] Using pre-finalize script /home/codespace/.local/share/gh/extensions/gh-codeql/dist/release/v2.27.1/cpp/tools/pre-finalize.sh.
[2026-10-04 01:45:25] [PROGRESS] database finalize> Running pre-finalize script /home/codespace/.local/share/gh/extensions/gh-codeql/dist/release/v2.27.1/cpp/tools/pre-finalize.sh in /workspaces/CYBR621/lab2.
[2026-10-04 01:45:25] Running plumbing command: codeql database trace-command --working-dir=/workspaces/CYBR621/lab2 --no-tracing -- /workspaces/CYBR621/lab2/codeql-db-remediated /home/codespace/.local/share/gh/extensions/gh-codeql/dist/release/v2.27.1/cpp/tools/pre-finalize.sh
[2026-10-04 01:45:25] [PROGRESS] database trace-command> Running command in /workspaces/CYBR621/lab2: [/home/codespace/.local/share/gh/extensions/gh-codeql/dist/release/v2.27.1/cpp/tools/pre-finalize.sh]
[2026-10-04 01:45:25] Plumbing command codeql database trace-command completed.
[2026-10-04 01:45:25] [PROGRESS] database finalize> Pre-finalize script /home/codespace/.local/share/gh/extensions/gh-codeql/dist/release/v2.27.1/cpp/tools/pre-finalize.sh completed in 39 ms.
[2026-10-04 01:45:25] [PROGRESS] database finalize> Running TRAP import for CodeQL database at /workspaces/CYBR621/lab2/codeql-db-remediated...
[2026-10-04 01:45:25] Running plumbing command: codeql dataset import --dbscheme=/home/codespace/.local/share/gh/extensions/gh-codeql/dist/release/v2.27.1/cpp/semmlecode.cpp.dbscheme -- /workspaces/CYBR621/lab2/codeql-db-remediated/db-cpp /workspaces/CYBR621/lab2/codeql-db-remediated/trap/cpp
[2026-10-04 01:45:25] Clearing disk cache since the version file /workspaces/CYBR621/lab2/codeql-db-remediated/db-cpp/default/cache/version does not exist
[2026-10-04 01:45:25] Tuple pool not found. Clearing relations with cached strings
[2026-10-04 01:45:25] Trimming disk cache at /workspaces/CYBR621/lab2/codeql-db-remediated/db-cpp/default/cache in mode clear.
[2026-10-04 01:45:25] Sequence stamp origin is -5861263160811815140
[2026-10-04 01:45:25] Pausing evaluation to hard-clear memory at sequence stamp o+0
[2026-10-04 01:45:25] Unpausing evaluation
[2026-10-04 01:45:25] Pausing evaluation to quickly trim disk at sequence stamp o+1
[2026-10-04 01:45:25] Unpausing evaluation
[2026-10-04 01:45:25] Pausing evaluation to zealously trim disk at sequence stamp o+2
[2026-10-04 01:45:25] Unpausing evaluation
[2026-10-04 01:45:25] Trimming completed (8ms): Purged everything.
[2026-10-04 01:45:25] Scanning for files in /workspaces/CYBR621/lab2/codeql-db-remediated/trap/cpp
[2026-10-04 01:45:25] Found 3 files on disk containing 90 TRAP files (682.84 KiB)
[2026-10-04 01:45:25] [PROGRESS] dataset import> Importing TRAP files
[2026-10-04 01:45:26] Importing cpp_predefined.acb19af8.trap (assistant2_remediated.c.adc67ea4_0.trap.tar.zst) (1 of 90)
[2026-10-04 01:45:26] Importing wordsize.h.92468457.trap (assistant2_remediated.c.adc67ea4_0.trap.tar.zst) (2 of 90)
[2026-10-04 01:45:26] Importing timesize.h.00d5e597.trap (assistant2_remediated.c.adc67ea4_0.trap.tar.zst) (3 of 90)
[2026-10-04 01:45:26] Importing features-time64.h.736f5777.trap (assistant2_remediated.c.adc67ea4_0.trap.tar.zst) (4 of 90)
[2026-10-04 01:45:26] Importing stdc-predef.h.c6e479d9.trap (assistant2_remediated.c.adc67ea4_0.trap.tar.zst) (5 of 90)
[2026-10-04 01:45:26] Importing long-double.h.50566853.trap (assistant2_remediated.c.adc67ea4_0.trap.tar.zst) (6 of 90)
[2026-10-04 01:45:26] Importing cdefs.h.9fdbc117.trap (assistant2_remediated.c.adc67ea4_0.trap.tar.zst) (7 of 90)
[2026-10-04 01:45:26] Importing stubs-64.h.c6e479d9.trap (assistant2_remediated.c.adc67ea4_0.trap.tar.zst) (8 of 90)
[2026-10-04 01:45:26] Importing stubs.h.5a6a849c.trap (assistant2_remediated.c.adc67ea4_0.trap.tar.zst) (9 of 90)
[2026-10-04 01:45:26] Importing features.h.14646c38.trap (assistant2_remediated.c.adc67ea4_0.trap.tar.zst) (10 of 90)
[2026-10-04 01:45:26] Importing libc-header-start.h.47a86c38.trap (assistant2_remediated.c.adc67ea4_0.trap.tar.zst) (11 of 90)
[2026-10-04 01:45:26] Importing stddef.h.ea79afb5.trap (assistant2_remediated.c.adc67ea4_0.trap.tar.zst) (12 of 90)
[2026-10-04 01:45:26] Importing stdarg.h.49828e20.trap (assistant2_remediated.c.adc67ea4_0.trap.tar.zst) (13 of 90)
[2026-10-04 01:45:26] Importing typesizes.h.f8f8da78.trap (assistant2_remediated.c.adc67ea4_0.trap.tar.zst) (14 of 90)
[2026-10-04 01:45:26] Importing time64.h.18e096c5.trap (assistant2_remediated.c.adc67ea4_0.trap.tar.zst) (15 of 90)
[2026-10-04 01:45:26] Importing types.h.68520355.trap (assistant2_remediated.c.adc67ea4_0.trap.tar.zst) (16 of 90)
[2026-10-04 01:45:26] Importing __mbstate_t.h.2c5b3ab1.trap (assistant2_remediated.c.adc67ea4_0.trap.tar.zst) (17 of 90)
[2026-10-04 01:45:26] Importing __fpos_t.h.ec74182e.trap (assistant2_remediated.c.adc67ea4_0.trap.tar.zst) (18 of 90)
[2026-10-04 01:45:26] Importing __fpos64_t.h.f21a2833.trap (assistant2_remediated.c.adc67ea4_0.trap.tar.zst) (19 of 90)
[2026-10-04 01:45:26] Importing __FILE.h.b62565c1.trap (assistant2_remediated.c.adc67ea4_0.trap.tar.zst) (20 of 90)
[2026-10-04 01:45:26] Importing FILE.h.07e87bfb.trap (assistant2_remediated.c.adc67ea4_0.trap.tar.zst) (21 of 90)
[2026-10-04 01:45:26] Importing struct_FILE.h.842638a9.trap (assistant2_remediated.c.adc67ea4_0.trap.tar.zst) (22 of 90)
[2026-10-04 01:45:26] Importing cookie_io_functions_t.h.c2939943.trap (assistant2_remediated.c.adc67ea4_0.trap.tar.zst) (23 of 90)
[2026-10-04 01:45:26] Importing stdio_lim.h.05b7f7f1.trap (assistant2_remediated.c.adc67ea4_0.trap.tar.zst) (24 of 90)
[2026-10-04 01:45:26] Importing floatn-common.h.9fc579a0.trap (assistant2_remediated.c.adc67ea4_0.trap.tar.zst) (25 of 90)
[2026-10-04 01:45:26] Importing floatn.h.f449be45.trap (assistant2_remediated.c.adc67ea4_0.trap.tar.zst) (26 of 90)
[2026-10-04 01:45:26] Importing stdio.h.e62e6e10.trap (assistant2_remediated.c.adc67ea4_0.trap.tar.zst) (27 of 90)
[2026-10-04 01:45:26] Importing libc-header-start.h.ce7c3e95.trap (assistant2_remediated.c.adc67ea4_0.trap.tar.zst) (28 of 90)
[2026-10-04 01:45:26] Importing stddef.h.96662d69.trap (assistant2_remediated.c.adc67ea4_0.trap.tar.zst) (29 of 90)
[2026-10-04 01:45:26] Importing waitflags.h.040c1de5.trap (assistant2_remediated.c.adc67ea4_0.trap.tar.zst) (30 of 90)
[2026-10-04 01:45:26] Importing waitstatus.h.9b882f51.trap (assistant2_remediated.c.adc67ea4_0.trap.tar.zst) (31 of 90)
[2026-10-04 01:45:26] Importing clock_t.h.61e99454.trap (assistant2_remediated.c.adc67ea4_0.trap.tar.zst) (32 of 90)
[2026-10-04 01:45:26] Importing clockid_t.h.6ad7214c.trap (assistant2_remediated.c.adc67ea4_0.trap.tar.zst) (33 of 90)
[2026-10-04 01:45:26] Importing time_t.h.6396c2b8.trap (assistant2_remediated.c.adc67ea4_0.trap.tar.zst) (34 of 90)
[2026-10-04 01:45:26] Importing timer_t.h.47964e39.trap (assistant2_remediated.c.adc67ea4_0.trap.tar.zst) (35 of 90)
[2026-10-04 01:45:26] Importing stddef.h.3eaa8a8d.trap (assistant2_remediated.c.adc67ea4_0.trap.tar.zst) (36 of 90)
[2026-10-04 01:45:26] Importing stdint-intn.h.93b3e97e.trap (assistant2_remediated.c.adc67ea4_0.trap.tar.zst) (37 of 90)
[2026-10-04 01:45:26] Importing endianness.h.1999a564.trap (assistant2_remediated.c.adc67ea4_0.trap.tar.zst) (38 of 90)
[2026-10-04 01:45:26] Importing endian.h.a1618c87.trap (assistant2_remediated.c.adc67ea4_0.trap.tar.zst) (39 of 90)
[2026-10-04 01:45:26] Importing byteswap.h.787ac93b.trap (assistant2_remediated.c.adc67ea4_0.trap.tar.zst) (40 of 90)
[2026-10-04 01:45:26] Importing uintn-identity.h.ad5dc00a.trap (assistant2_remediated.c.adc67ea4_0.trap.tar.zst) (41 of 90)
[2026-10-04 01:45:26] Importing endian.h.513c49fd.trap (assistant2_remediated.c.adc67ea4_0.trap.tar.zst) (42 of 90)
[2026-10-04 01:45:26] Importing select.h.99c3570c.trap (assistant2_remediated.c.adc67ea4_0.trap.tar.zst) (43 of 90)
[2026-10-04 01:45:26] Importing __sigset_t.h.802c2c21.trap (assistant2_remediated.c.adc67ea4_0.trap.tar.zst) (44 of 90)
[2026-10-04 01:45:26] Importing sigset_t.h.f939c17b.trap (assistant2_remediated.c.adc67ea4_0.trap.tar.zst) (45 of 90)
[2026-10-04 01:45:26] Importing struct_timeval.h.7bb01e12.trap (assistant2_remediated.c.adc67ea4_0.trap.tar.zst) (46 of 90)
[2026-10-04 01:45:26] Importing struct_timespec.h.79e126db.trap (assistant2_remediated.c.adc67ea4_0.trap.tar.zst) (47 of 90)
[2026-10-04 01:45:26] Importing select.h.32928547.trap (assistant2_remediated.c.adc67ea4_0.trap.tar.zst) (48 of 90)
[2026-10-04 01:45:26] Importing pthreadtypes-arch.h.cfce5b81.trap (assistant2_remediated.c.adc67ea4_0.trap.tar.zst) (49 of 90)
[2026-10-04 01:45:26] Importing atomic_wide_counter.h.c54fc7c0.trap (assistant2_remediated.c.adc67ea4_0.trap.tar.zst) (50 of 90)
[2026-10-04 01:45:26] Importing struct_mutex.h.dba14d39.trap (assistant2_remediated.c.adc67ea4_0.trap.tar.zst) (51 of 90)
[2026-10-04 01:45:26] Importing struct_rwlock.h.cac24554.trap (assistant2_remediated.c.adc67ea4_0.trap.tar.zst) (52 of 90)
[2026-10-04 01:45:26] Importing thread-shared-types.h.f896aff7.trap (assistant2_remediated.c.adc67ea4_0.trap.tar.zst) (53 of 90)
[2026-10-04 01:45:26] Importing pthreadtypes.h.c31db356.trap (assistant2_remediated.c.adc67ea4_0.trap.tar.zst) (54 of 90)
[2026-10-04 01:45:26] Importing types.h.f012701d.trap (assistant2_remediated.c.adc67ea4_0.trap.tar.zst) (55 of 90)
[2026-10-04 01:45:26] Importing stddef.h.8b3d2bdc.trap (assistant2_remediated.c.adc67ea4_0.trap.tar.zst) (56 of 90)
[2026-10-04 01:45:26] Importing alloca.h.ad0bb863.trap (assistant2_remediated.c.adc67ea4_0.trap.tar.zst) (57 of 90)
[2026-10-04 01:45:26] Importing stdlib-float.h.65c690d8.trap (assistant2_remediated.c.adc67ea4_0.trap.tar.zst) (58 of 90)
[2026-10-04 01:45:26] Importing stdlib.h.48b9a0a4.trap (assistant2_remediated.c.adc67ea4_0.trap.tar.zst) (59 of 90)
[2026-10-04 01:45:26] Importing libc-header-start.h.c655c516.trap (assistant2_remediated.c.adc67ea4_0.trap.tar.zst) (60 of 90)
[2026-10-04 01:45:26] Importing stddef.h.d0dfc925.trap (assistant2_remediated.c.adc67ea4_0.trap.tar.zst) (61 of 90)
[2026-10-04 01:45:26] Importing __locale_t.h.458cb9a8.trap (assistant2_remediated.c.adc67ea4_0.trap.tar.zst) (62 of 90)
[2026-10-04 01:45:26] Importing locale_t.h.f5a98c5d.trap (assistant2_remediated.c.adc67ea4_0.trap.tar.zst) (63 of 90)
[2026-10-04 01:45:26] Importing stddef.h.2d9588f9.trap (assistant2_remediated.c.adc67ea4_0.trap.tar.zst) (64 of 90)
[2026-10-04 01:45:27] Importing strings.h.81755526.trap (assistant2_remediated.c.adc67ea4_0.trap.tar.zst) (65 of 90)
[2026-10-04 01:45:27] Importing string.h.8630e2fc.trap (assistant2_remediated.c.adc67ea4_0.trap.tar.zst) (66 of 90)
[2026-10-04 01:45:27] Importing ctype.h.df7b7ad1.trap (assistant2_remediated.c.adc67ea4_0.trap.tar.zst) (67 of 90)
[2026-10-04 01:45:27] Importing stddef.h.b66de4b9.trap (assistant2_remediated.c.adc67ea4_0.trap.tar.zst) (68 of 90)
[2026-10-04 01:45:27] Importing time.h.2438424a.trap (assistant2_remediated.c.adc67ea4_0.trap.tar.zst) (69 of 90)
[2026-10-04 01:45:27] Importing struct_tm.h.6d703c2e.trap (assistant2_remediated.c.adc67ea4_0.trap.tar.zst) (70 of 90)
[2026-10-04 01:45:27] Importing struct_itimerspec.h.f9ae6d74.trap (assistant2_remediated.c.adc67ea4_0.trap.tar.zst) (71 of 90)
[2026-10-04 01:45:27] Importing time.h.25d923a7.trap (assistant2_remediated.c.adc67ea4_0.trap.tar.zst) (72 of 90)
[2026-10-04 01:45:27] Importing fcntl-linux.h.ce031b59.trap (assistant2_remediated.c.adc67ea4_0.trap.tar.zst) (73 of 90)
[2026-10-04 01:45:27] Importing fcntl.h.c31d4713.trap (assistant2_remediated.c.adc67ea4_0.trap.tar.zst) (74 of 90)
[2026-10-04 01:45:27] Importing struct_stat.h.6f6a87aa.trap (assistant2_remediated.c.adc67ea4_0.trap.tar.zst) (75 of 90)
[2026-10-04 01:45:27] Importing stat.h.46e1421e.trap (assistant2_remediated.c.adc67ea4_0.trap.tar.zst) (76 of 90)
[2026-10-04 01:45:27] Importing fcntl.h.7e0ee672.trap (assistant2_remediated.c.adc67ea4_0.trap.tar.zst) (77 of 90)
[2026-10-04 01:45:27] Importing stat.h.2b5dca9e.trap (assistant2_remediated.c.adc67ea4_0.trap.tar.zst) (78 of 90)
[2026-10-04 01:45:27] Importing stat.h.522c7351.trap (assistant2_remediated.c.adc67ea4_0.trap.tar.zst) (79 of 90)
[2026-10-04 01:45:27] Importing posix_opt.h.e86bed63.trap (assistant2_remediated.c.adc67ea4_0.trap.tar.zst) (80 of 90)
[2026-10-04 01:45:27] Importing environments.h.3278197b.trap (assistant2_remediated.c.adc67ea4_0.trap.tar.zst) (81 of 90)
[2026-10-04 01:45:27] Importing stddef.h.be76be33.trap (assistant2_remediated.c.adc67ea4_0.trap.tar.zst) (82 of 90)
[2026-10-04 01:45:27] Importing confname.h.e8893fe9.trap (assistant2_remediated.c.adc67ea4_0.trap.tar.zst) (83 of 90)
[2026-10-04 01:45:27] Importing getopt_core.h.131a54d6.trap (assistant2_remediated.c.adc67ea4_0.trap.tar.zst) (84 of 90)
[2026-10-04 01:45:27] Importing getopt_posix.h.f34199ff.trap (assistant2_remediated.c.adc67ea4_0.trap.tar.zst) (85 of 90)
[2026-10-04 01:45:27] Importing unistd_ext.h.5fcb4509.trap (assistant2_remediated.c.adc67ea4_0.trap.tar.zst) (86 of 90)
[2026-10-04 01:45:27] Importing unistd.h.ea7fc864.trap (assistant2_remediated.c.adc67ea4_0.trap.tar.zst) (87 of 90)
[2026-10-04 01:45:27] Importing assistant2_remediated.c.adc67ea4.trap (assistant2_remediated.c.adc67ea4_0.trap.tar.zst) (88 of 90)
[2026-10-04 01:45:27] Importing 51654537_0.trap.zst (89 of 90)
[2026-10-04 01:45:27] Importing metadata.trap.gz (90 of 90)
[2026-10-04 01:45:27] [PROGRESS] dataset import> Merging relations
[2026-10-04 01:45:27] Merging 1 fragment for 'builtintypes'.
[2026-10-04 01:45:27] Merged 382 bytes for 'builtintypes'.
[2026-10-04 01:45:27] Merging 1 fragment for 'unspecifiedtype'.
[2026-10-04 01:45:27] Merged 1164 bytes (1.14 KiB) for 'unspecifiedtype'.
[2026-10-04 01:45:27] Merging 1 fragment for 'files'.
[2026-10-04 01:45:27] Merged 235 bytes for 'files'.
[2026-10-04 01:45:27] Merging 1 fragment for 'locations_default'.
[2026-10-04 01:45:27] Merged 50449 bytes (49.27 KiB) for 'locations_default'.
[2026-10-04 01:45:27] Merging 1 fragment for 'link_targets'.
[2026-10-04 01:45:27] Merged 26 bytes for 'link_targets'.
[2026-10-04 01:45:27] Merging 1 fragment for 'usertypes'.
[2026-10-04 01:45:27] Merged 614 bytes for 'usertypes'.
[2026-10-04 01:45:27] Merging 1 fragment for 'link_parent'.
[2026-10-04 01:45:27] Merged 566 bytes for 'link_parent'.
[2026-10-04 01:45:27] Merging 1 fragment for 'usertypesize'.
[2026-10-04 01:45:27] Merged 184 bytes for 'usertypesize'.
[2026-10-04 01:45:27] Merging 1 fragment for 'is_pod_class'.
[2026-10-04 01:45:27] Merged 64 bytes for 'is_pod_class'.
[2026-10-04 01:45:27] Merging 1 fragment for 'is_standard_layout_class'.
[2026-10-04 01:45:27] Merged 64 bytes for 'is_standard_layout_class'.
[2026-10-04 01:45:27] Merging 1 fragment for 'is_complete'.
[2026-10-04 01:45:27] Merged 64 bytes for 'is_complete'.
[2026-10-04 01:45:27] Merging 1 fragment for 'membervariables'.
[2026-10-04 01:45:27] Merged 664 bytes for 'membervariables'.
[2026-10-04 01:45:27] Merging 1 fragment for 'fieldoffsets'.
[2026-10-04 01:45:27] Merged 360 bytes for 'fieldoffsets'.
[2026-10-04 01:45:27] Merging 1 fragment for 'var_decls'.
[2026-10-04 01:45:27] Merged 6741 bytes (6.58 KiB) for 'var_decls'.
[2026-10-04 01:45:27] Merging 1 fragment for 'var_def'.
[2026-10-04 01:45:27] Merged 214 bytes for 'var_def'.
[2026-10-04 01:45:27] Merging 1 fragment for 'derivedtypes'.
[2026-10-04 01:45:27] Merged 985 bytes for 'derivedtypes'.
[2026-10-04 01:45:27] Merging 1 fragment for 'pointerishsize'.
[2026-10-04 01:45:27] Merged 137 bytes for 'pointerishsize'.
[2026-10-04 01:45:27] Merging 1 fragment for 'member'.
[2026-10-04 01:45:27] Merged 497 bytes for 'member'.
[2026-10-04 01:45:27] Merging 1 fragment for 'namespaces'.
[2026-10-04 01:45:27] Merged 26 bytes for 'namespaces'.
[2026-10-04 01:45:27] Merging 1 fragment for 'specialnamequalifyingelements'.
[2026-10-04 01:45:27] Merged 27 bytes for 'specialnamequalifyingelements'.
[2026-10-04 01:45:27] Merging 1 fragment for 'mangled_name'.
[2026-10-04 01:45:27] Merged 1389 bytes (1.36 KiB) for 'mangled_name'.
[2026-10-04 01:45:27] Merging 1 fragment for 'specifiers'.
[2026-10-04 01:45:27] Merged 149 bytes for 'specifiers'.
[2026-10-04 01:45:27] Merging 1 fragment for 'numlines'.
[2026-10-04 01:45:27] Merged 504 bytes for 'numlines'.
[2026-10-04 01:45:27] Merging 1 fragment for 'preprocdirects'.
[2026-10-04 01:45:27] Merged 10686 bytes (10.44 KiB) for 'preprocdirects'.
[2026-10-04 01:45:27] Merging 1 fragment for 'preproctext'.
[2026-10-04 01:45:27] Merged 7886 bytes (7.70 KiB) for 'preproctext'.
[2026-10-04 01:45:27] Merging 1 fragment for 'preproctrue'.
[2026-10-04 01:45:27] Merged 603 bytes for 'preproctrue'.
[2026-10-04 01:45:27] Merging 1 fragment for 'macroinvocations'.
[2026-10-04 01:45:27] Merged 11668 bytes (11.39 KiB) for 'macroinvocations'.
[2026-10-04 01:45:27] Merging 1 fragment for 'comments'.
[2026-10-04 01:45:27] Merged 5252 bytes (5.13 KiB) for 'comments'.
[2026-10-04 01:45:27] Merging 1 fragment for 'commentbinding'.
[2026-10-04 01:45:27] Merged 3403 bytes (3.32 KiB) for 'commentbinding'.
[2026-10-04 01:45:27] Merging 1 fragment for 'containerparent'.
[2026-10-04 01:45:27] Merged 224 bytes for 'containerparent'.
[2026-10-04 01:45:27] Merging 1 fragment for 'folders'.
[2026-10-04 01:45:27] Merged 67 bytes for 'folders'.
[2026-10-04 01:45:27] Merging 1 fragment for 'preprocpair'.
[2026-10-04 01:45:27] Merged 3142 bytes (3.07 KiB) for 'preprocpair'.
[2026-10-04 01:45:27] Merging 1 fragment for 'includes'.
[2026-10-04 01:45:27] Merged 478 bytes for 'includes'.
[2026-10-04 01:45:27] Merging 1 fragment for 'preprocfalse'.
[2026-10-04 01:45:27] Merged 365 bytes for 'preprocfalse'.
[2026-10-04 01:45:27] Merging 1 fragment for 'macro_argument_unexpanded'.
[2026-10-04 01:45:27] Merged 2560 bytes (2.50 KiB) for 'macro_argument_unexpanded'.
[2026-10-04 01:45:27] Merging 1 fragment for 'macro_argument_expanded'.
[2026-10-04 01:45:27] Merged 2587 bytes (2.53 KiB) for 'macro_argument_expanded'.
[2026-10-04 01:45:27] Merging 1 fragment for 'macroparent'.
[2026-10-04 01:45:27] Merged 2416 bytes (2.36 KiB) for 'macroparent'.
[2026-10-04 01:45:27] Merging 1 fragment for 'usertype_alias_kind'.
[2026-10-04 01:45:27] Merged 200 bytes for 'usertype_alias_kind'.
[2026-10-04 01:45:27] Merging 1 fragment for 'typedefbase'.
[2026-10-04 01:45:27] Merged 405 bytes for 'typedefbase'.
[2026-10-04 01:45:27] Merging 1 fragment for 'type_decls'.
[2026-10-04 01:45:27] Merged 727 bytes for 'type_decls'.
[2026-10-04 01:45:27] Merging 1 fragment for 'type_decl_top'.
[2026-10-04 01:45:27] Merged 214 bytes for 'type_decl_top'.
[2026-10-04 01:45:27] Merging 1 fragment for 'arraysizes'.
[2026-10-04 01:45:27] Merged 211 bytes for 'arraysizes'.
[2026-10-04 01:45:27] Merging 1 fragment for 'type_mentions'.
[2026-10-04 01:45:27] Merged 1789 bytes (1.75 KiB) for 'type_mentions'.
[2026-10-04 01:45:27] Merging 1 fragment for 'type_def'.
[2026-10-04 01:45:27] Merged 70 bytes for 'type_def'.
[2026-10-04 01:45:27] Merging 1 fragment for 'values'.
[2026-10-04 01:45:27] Merged 2700 bytes (2.64 KiB) for 'values'.
[2026-10-04 01:45:27] Merging 1 fragment for 'exprs'.
[2026-10-04 01:45:27] Merged 3343 bytes (3.26 KiB) for 'exprs'.
[2026-10-04 01:45:27] Merging 1 fragment for 'expr_types'.
[2026-10-04 01:45:27] Merged 2160 bytes (2.11 KiB) for 'expr_types'.
[2026-10-04 01:45:27] Merging 1 fragment for 'valuebind'.
[2026-10-04 01:45:27] Merged 2253 bytes (2.20 KiB) for 'valuebind'.
[2026-10-04 01:45:27] Merging 1 fragment for 'inmacroexpansion'.
[2026-10-04 01:45:27] Merged 1400 bytes (1.37 KiB) for 'inmacroexpansion'.
[2026-10-04 01:45:27] Merging 1 fragment for 'macrolocationbind'.
[2026-10-04 01:45:27] Merged 1015 bytes for 'macrolocationbind'.
[2026-10-04 01:45:27] Merging 1 fragment for 'varspecifiers'.
[2026-10-04 01:45:27] Merged 1840 bytes (1.80 KiB) for 'varspecifiers'.
[2026-10-04 01:45:27] Merging 1 fragment for 'valuetext'.
[2026-10-04 01:45:27] Merged 490 bytes for 'valuetext'.
[2026-10-04 01:45:27] Merging 1 fragment for 'compgenerated'.
[2026-10-04 01:45:27] Merged 85 bytes for 'compgenerated'.
[2026-10-04 01:45:27] Merging 1 fragment for 'sizeof_bind'.
[2026-10-04 01:45:27] Merged 42 bytes for 'sizeof_bind'.
[2026-10-04 01:45:27] Merging 1 fragment for 'exprconv'.
[2026-10-04 01:45:27] Merged 407 bytes for 'exprconv'.
[2026-10-04 01:45:27] Merging 1 fragment for 'conversionkinds'.
[2026-10-04 01:45:27] Merged 85 bytes for 'conversionkinds'.
[2026-10-04 01:45:27] Merging 1 fragment for 'exprparents'.
[2026-10-04 01:45:27] Merged 2032 bytes (1.98 KiB) for 'exprparents'.
[2026-10-04 01:45:27] Merging 1 fragment for 'routinetypes'.
[2026-10-04 01:45:27] Merged 102 bytes for 'routinetypes'.
[2026-10-04 01:45:27] Merging 1 fragment for 'routinetypeargs'.
[2026-10-04 01:45:27] Merged 224 bytes for 'routinetypeargs'.
[2026-10-04 01:45:27] Merging 1 fragment for 'typespecifiers'.
[2026-10-04 01:45:27] Merged 163 bytes for 'typespecifiers'.
[2026-10-04 01:45:27] Merging 1 fragment for 'functions'.
[2026-10-04 01:45:27] Merged 994 bytes for 'functions'.
[2026-10-04 01:45:27] Merging 1 fragment for 'function_return_type'.
[2026-10-04 01:45:27] Merged 950 bytes for 'function_return_type'.
[2026-10-04 01:45:27] Merging 1 fragment for 'function_prototyped'.
[2026-10-04 01:45:27] Merged 487 bytes for 'function_prototyped'.
[2026-10-04 01:45:27] Merging 1 fragment for 'params'.
[2026-10-04 01:45:27] Merged 4276 bytes (4.18 KiB) for 'params'.
[2026-10-04 01:45:27] Merging 1 fragment for 'globalvariables'.
[2026-10-04 01:45:27] Merged 94 bytes for 'globalvariables'.
[2026-10-04 01:45:27] Merging 1 fragment for 'fun_decls'.
[2026-10-04 01:45:27] Merged 2423 bytes (2.37 KiB) for 'fun_decls'.
[2026-10-04 01:45:27] Merging 1 fragment for 'fun_decl_specifiers'.
[2026-10-04 01:45:27] Merged 2470 bytes (2.41 KiB) for 'fun_decl_specifiers'.
[2026-10-04 01:45:27] Merging 1 fragment for 'param_decl_bind'.
[2026-10-04 01:45:27] Merged 2772 bytes (2.71 KiB) for 'param_decl_bind'.
[2026-10-04 01:45:27] Merging 1 fragment for 'funbind'.
[2026-10-04 01:45:27] Merged 156 bytes for 'funbind'.
[2026-10-04 01:45:27] Merging 1 fragment for 'funspecifiers'.
[2026-10-04 01:45:27] Merged 607 bytes for 'funspecifiers'.
[2026-10-04 01:45:27] Merging 1 fragment for 'attributes'.
[2026-10-04 01:45:27] Merged 4460 bytes (4.36 KiB) for 'attributes'.
[2026-10-04 01:45:27] Merging 1 fragment for 'funcattributes'.
[2026-10-04 01:45:27] Merged 2288 bytes (2.23 KiB) for 'funcattributes'.
[2026-10-04 01:45:27] Merging 1 fragment for 'attribute_arg_constant'.
[2026-10-04 01:45:27] Merged 762 bytes for 'attribute_arg_constant'.
[2026-10-04 01:45:27] Merging 1 fragment for 'attribute_args'.
[2026-10-04 01:45:27] Merged 2370 bytes (2.31 KiB) for 'attribute_args'.
[2026-10-04 01:45:27] Merging 1 fragment for 'attribute_arg_value'.
[2026-10-04 01:45:27] Merged 467 bytes for 'attribute_arg_value'.
[2026-10-04 01:45:27] Merging 1 fragment for 'attribute_arg_expr'.
[2026-10-04 01:45:27] Merged 55 bytes for 'attribute_arg_expr'.
[2026-10-04 01:45:27] Merging 1 fragment for 'builtin_functions'.
[2026-10-04 01:45:27] Merged 26 bytes for 'builtin_functions'.
[2026-10-04 01:45:27] Merging 1 fragment for 'var_decl_specifiers'.
[2026-10-04 01:45:27] Merged 46 bytes for 'var_decl_specifiers'.
[2026-10-04 01:45:27] Merging 1 fragment for 'fun_def'.
[2026-10-04 01:45:27] Merged 29 bytes for 'fun_def'.
[2026-10-04 01:45:27] Merging 1 fragment for 'stmts'.
[2026-10-04 01:45:27] Merged 319 bytes for 'stmts'.
[2026-10-04 01:45:27] Merging 1 fragment for 'expr_isload'.
[2026-10-04 01:45:27] Merged 81 bytes for 'expr_isload'.
[2026-10-04 01:45:27] Merging 1 fragment for 'affectedbymacroexpansion'.
[2026-10-04 01:45:27] Merged 328 bytes for 'affectedbymacroexpansion'.
[2026-10-04 01:45:27] Merging 1 fragment for 'stmtparents'.
[2026-10-04 01:45:27] Merged 314 bytes for 'stmtparents'.
[2026-10-04 01:45:27] Merging 1 fragment for 'blockscope'.
[2026-10-04 01:45:27] Merged 104 bytes for 'blockscope'.
[2026-10-04 01:45:27] Merging 1 fragment for 'function_entry_point'.
[2026-10-04 01:45:27] Merged 51 bytes for 'function_entry_point'.
[2026-10-04 01:45:27] Merging 1 fragment for 'iscall'.
[2026-10-04 01:45:27] Merged 65 bytes for 'iscall'.
[2026-10-04 01:45:27] Merging 1 fragment for 'varbind'.
[2026-10-04 01:45:27] Merged 243 bytes for 'varbind'.
[2026-10-04 01:45:27] Merging 1 fragment for 'typeattributes'.
[2026-10-04 01:45:27] Merged 29 bytes for 'typeattributes'.
[2026-10-04 01:45:27] Merging 1 fragment for 'enumconstants'.
[2026-10-04 01:45:27] Merged 1343 bytes (1.31 KiB) for 'enumconstants'.
[2026-10-04 01:45:27] Merging 1 fragment for 'initialisers'.
[2026-10-04 01:45:27] Merged 1094 bytes (1.07 KiB) for 'initialisers'.
[2026-10-04 01:45:27] Merging 1 fragment for 'expr_cond_guard'.
[2026-10-04 01:45:27] Merged 55 bytes for 'expr_cond_guard'.
[2026-10-04 01:45:27] Merging 1 fragment for 'expr_cond_true'.
[2026-10-04 01:45:27] Merged 55 bytes for 'expr_cond_true'.
[2026-10-04 01:45:27] Merging 1 fragment for 'expr_cond_false'.
[2026-10-04 01:45:27] Merged 55 bytes for 'expr_cond_false'.
[2026-10-04 01:45:27] Merging 1 fragment for 'expr_ancestor'.
[2026-10-04 01:45:27] Merged 40 bytes for 'expr_ancestor'.
[2026-10-04 01:45:27] Merging 1 fragment for 'extractor_version'.
[2026-10-04 01:45:27] Merged 28 bytes for 'extractor_version'.
[2026-10-04 01:45:27] Merging 1 fragment for 'fileannotations'.
[2026-10-04 01:45:27] Merged 285 bytes for 'fileannotations'.
[2026-10-04 01:45:27] Merging 1 fragment for 'if_then'.
[2026-10-04 01:45:27] Merged 65 bytes for 'if_then'.
[2026-10-04 01:45:27] Merging 1 fragment for 'localvariables'.
[2026-10-04 01:45:27] Merged 85 bytes for 'localvariables'.
[2026-10-04 01:45:27] Merging 1 fragment for 'stmt_decl_bind'.
[2026-10-04 01:45:27] Merged 67 bytes for 'stmt_decl_bind'.
[2026-10-04 01:45:27] Merging 1 fragment for 'stmt_decl_entry_bind'.
[2026-10-04 01:45:27] Merged 64 bytes for 'stmt_decl_entry_bind'.
[2026-10-04 01:45:27] Merging 1 fragment for 'for_condition'.
[2026-10-04 01:45:27] Merged 36 bytes for 'for_condition'.
[2026-10-04 01:45:27] Merging 1 fragment for 'for_body'.
[2026-10-04 01:45:27] Merged 36 bytes for 'for_body'.
[2026-10-04 01:45:27] Merging 1 fragment for 'for_initialization'.
[2026-10-04 01:45:27] Merged 36 bytes for 'for_initialization'.
[2026-10-04 01:45:27] Merging 1 fragment for 'for_update'.
[2026-10-04 01:45:27] Merged 36 bytes for 'for_update'.
[2026-10-04 01:45:27] Merging 1 fragment for 'compilations'.
[2026-10-04 01:45:27] Merged 31 bytes for 'compilations'.
[2026-10-04 01:45:27] Merging 1 fragment for 'compilation_args'.
[2026-10-04 01:45:27] Merged 89 bytes for 'compilation_args'.
[2026-10-04 01:45:27] Merging 1 fragment for 'compilation_expanded_args'.
[2026-10-04 01:45:27] Merged 89 bytes for 'compilation_expanded_args'.
[2026-10-04 01:45:27] Merging 1 fragment for 'compilation_compiling_files'.
[2026-10-04 01:45:27] Merged 42 bytes for 'compilation_compiling_files'.
[2026-10-04 01:45:27] Merging 1 fragment for 'compilation_time'.
[2026-10-04 01:45:27] Merged 101 bytes for 'compilation_time'.
[2026-10-04 01:45:27] Merging 1 fragment for 'compilation_finished'.
[2026-10-04 01:45:27] Merged 70 bytes for 'compilation_finished'.
[2026-10-04 01:45:27] Merging 1 fragment for 'sourceLocationPrefix'.
[2026-10-04 01:45:27] Merged 18 bytes for 'sourceLocationPrefix'.
[2026-10-04 01:45:27] Saving string and id pools to disk.
[2026-10-04 01:45:27] Finished importing TRAP files.
[2026-10-04 01:45:27] Read 5.28 MiB of uncompressed TRAP data.
[2026-10-04 01:45:27] Uncompressed relation data size: 703.74 KiB
[2026-10-04 01:45:27] Relation data size: 165.90 KiB (merge rate: 675.34 KiB/s)
[2026-10-04 01:45:27] String pool size: 2.13 MiB
[2026-10-04 01:45:27] ID pool size: 1.75 MiB
[2026-10-04 01:45:27] [PROGRESS] dataset import> Finished writing database (relations: 165.90 KiB; string pool: 2.13 MiB).
[2026-10-04 01:45:27] Pausing evaluation to close the cache at sequence stamp o+225
[2026-10-04 01:45:27] The disk cache is freshly trimmed; leave it be.
[2026-10-04 01:45:27] Unpausing evaluation
[2026-10-04 01:45:27] Plumbing command codeql dataset import completed.
[2026-10-04 01:45:27] [PROGRESS] database finalize> TRAP import complete (2.5s).
[2026-10-04 01:45:27] Running plumbing command: codeql database cleanup -- /workspaces/CYBR621/lab2/codeql-db-remediated
[2026-10-04 01:45:28] [PROGRESS] database cleanup> Cleaning up existing TRAP files after import...
[2026-10-04 01:45:28] [PROGRESS] database cleanup> TRAP files cleaned up (2ms).
[2026-10-04 01:45:28] [PROGRESS] database cleanup> Cleaning up scratch directory...
[2026-10-04 01:45:28] [PROGRESS] database cleanup> Scratch directory cleaned up (7ms).
[2026-10-04 01:45:28] Running plumbing command: codeql dataset cleanup -- /workspaces/CYBR621/lab2/codeql-db-remediated/db-cpp
[2026-10-04 01:45:28] [PROGRESS] dataset cleanup> Cleaning up dataset in /workspaces/CYBR621/lab2/codeql-db-remediated/db-cpp.
[2026-10-04 01:45:28] Trimming disk cache at /workspaces/CYBR621/lab2/codeql-db-remediated/db-cpp/default/cache in mode trim.
[2026-10-04 01:45:28] Sequence stamp origin is -5861263150322072485
[2026-10-04 01:45:28] Pausing evaluation to quickly trim memory at sequence stamp o+0
[2026-10-04 01:45:28] Unpausing evaluation
[2026-10-04 01:45:28] Pausing evaluation to zealously trim disk at sequence stamp o+1
[2026-10-04 01:45:28] Unpausing evaluation
[2026-10-04 01:45:28] Trimming completed (6ms): Trimmed disposable data from cache.
[2026-10-04 01:45:28] Pausing evaluation to close the cache at sequence stamp o+2
[2026-10-04 01:45:28] The disk cache is freshly trimmed; leave it be.
[2026-10-04 01:45:28] Unpausing evaluation
[2026-10-04 01:45:28] [PROGRESS] dataset cleanup> Trimmed disposable data from cache.
[2026-10-04 01:45:28] [PROGRESS] dataset cleanup> Finalizing dataset in /workspaces/CYBR621/lab2/codeql-db-remediated/db-cpp
[2026-10-04 01:45:28] [DETAILS] dataset cleanup> Finished deleting ID pool from /workspaces/CYBR621/lab2/codeql-db-remediated/db-cpp (3ms).
[2026-10-04 01:45:28] Plumbing command codeql dataset cleanup completed.
[2026-10-04 01:45:28] Plumbing command codeql database cleanup completed with status 0.
[2026-10-04 01:45:28] [PROGRESS] database finalize> Finished zipping source archive (139.35 KiB).
[2026-10-04 01:45:28] Plumbing command codeql database finalize completed.
[2026-10-04 01:45:28] [PROGRESS] database create> Successfully created database at /workspaces/CYBR621/lab2/codeql-db-remediated.
[2026-10-04 01:45:28] Terminating normally.
